[0.483s] Invoking command in '/home/swarnava2/hunt_ws/src/clue_hunt_solver': PYTHONPATH=/home/swarnava2/hunt_ws/build/clue_hunt_solver/prefix_override:/usr/lib/python3/dist-packages/colcon_core/task/python/colcon_distutils_commands:/home/swarnava2/hunt_ws/install/clue_hunt_solver/lib/python3.10/site-packages:${PYTHONPATH} /usr/bin/python3 -W ignore:setup.py install is deprecated -W ignore:easy_install command is deprecated setup.py egg_info --egg-base ../../build/clue_hunt_solver build --build-base /home/swarnava2/hunt_ws/build/clue_hunt_solver/build install --record /home/swarnava2/hunt_ws/build/clue_hunt_solver/install.log --install-scripts $base/lib/clue_hunt_solver --single-version-externally-managed install_data
[0.670s] running egg_info
[0.671s] writing ../../build/clue_hunt_solver/clue_hunt_solver.egg-info/PKG-INFO
[0.671s] writing dependency_links to ../../build/clue_hunt_solver/clue_hunt_solver.egg-info/dependency_links.txt
[0.671s] writing entry points to ../../build/clue_hunt_solver/clue_hunt_solver.egg-info/entry_points.txt
[0.671s] writing requirements to ../../build/clue_hunt_solver/clue_hunt_solver.egg-info/requires.txt
[0.671s] writing top-level names to ../../build/clue_hunt_solver/clue_hunt_solver.egg-info/top_level.txt
[0.672s] reading manifest file '../../build/clue_hunt_solver/clue_hunt_solver.egg-info/SOURCES.txt'
[0.672s] writing manifest file '../../build/clue_hunt_solver/clue_hunt_solver.egg-info/SOURCES.txt'
[0.673s] running build
[0.673s] running build_py
[0.673s] copying clue_hunt_solver/follower_node.py -> /home/swarnava2/hunt_ws/build/clue_hunt_solver/build/lib/clue_hunt_solver
[0.673s] running install
[0.673s] running install_lib
[0.674s] copying /home/swarnava2/hunt_ws/build/clue_hunt_solver/build/lib/clue_hunt_solver/follower_node.py -> /home/swarnava2/hunt_ws/install/clue_hunt_solver/lib/python3.10/site-packages/clue_hunt_solver
[0.674s] byte-compiling /home/swarnava2/hunt_ws/install/clue_hunt_solver/lib/python3.10/site-packages/clue_hunt_solver/follower_node.py to follower_node.cpython-310.pyc
[0.676s] running install_data
[0.676s] running install_egg_info
[0.678s] removing '/home/swarnava2/hunt_ws/install/clue_hunt_solver/lib/python3.10/site-packages/clue_hunt_solver-0.1.0-py3.10.egg-info' (and everything under it)
[0.678s] Copying ../../build/clue_hunt_solver/clue_hunt_solver.egg-info to /home/swarnava2/hunt_ws/install/clue_hunt_solver/lib/python3.10/site-packages/clue_hunt_solver-0.1.0-py3.10.egg-info
[0.678s] running install_scripts
[0.693s] Installing follower_node script to /home/swarnava2/hunt_ws/install/clue_hunt_solver/lib/clue_hunt_solver
[0.693s] Installing hunt_node script to /home/swarnava2/hunt_ws/install/clue_hunt_solver/lib/clue_hunt_solver
[0.693s] writing list of installed files to '/home/swarnava2/hunt_ws/build/clue_hunt_solver/install.log'
[0.709s] Invoked command in '/home/swarnava2/hunt_ws/src/clue_hunt_solver' returned '0': PYTHONPATH=/home/swarnava2/hunt_ws/build/clue_hunt_solver/prefix_override:/usr/lib/python3/dist-packages/colcon_core/task/python/colcon_distutils_commands:/home/swarnava2/hunt_ws/install/clue_hunt_solver/lib/python3.10/site-packages:${PYTHONPATH} /usr/bin/python3 -W ignore:setup.py install is deprecated -W ignore:easy_install command is deprecated setup.py egg_info --egg-base ../../build/clue_hunt_solver build --build-base /home/swarnava2/hunt_ws/build/clue_hunt_solver/build install --record /home/swarnava2/hunt_ws/build/clue_hunt_solver/install.log --install-scripts $base/lib/clue_hunt_solver --single-version-externally-managed install_data
