-- Install configuration: ""
-- Execute custom install script
-- Up-to-date symlink: /home/swarnava2/hunt_ws/install/clue_hunt_gazebo/share/clue_hunt_gazebo/launch/sim.launch.py
-- Up-to-date symlink: /home/swarnava2/hunt_ws/install/clue_hunt_gazebo/share/clue_hunt_gazebo/worlds/practice.sdf
-- Up-to-date symlink: /home/swarnava2/hunt_ws/install/clue_hunt_gazebo/share/clue_hunt_gazebo/models/board_practice_b1/meshes/board_practice_b1.mtl
-- Up-to-date symlink: /home/swarnava2/hunt_ws/install/clue_hunt_gazebo/share/clue_hunt_gazebo/models/board_practice_b1/meshes/board_practice_b1.obj
-- Up-to-date symlink: /home/swarnava2/hunt_ws/install/clue_hunt_gazebo/share/clue_hunt_gazebo/models/board_practice_b1/meshes/board_practice_b1.png
-- Up-to-date symlink: /home/swarnava2/hunt_ws/install/clue_hunt_gazebo/share/clue_hunt_gazebo/models/board_practice_b1/model.config
-- Up-to-date symlink: /home/swarnava2/hunt_ws/install/clue_hunt_gazebo/share/clue_hunt_gazebo/models/board_practice_b1/model.sdf
-- Up-to-date symlink: /home/swarnava2/hunt_ws/install/clue_hunt_gazebo/share/clue_hunt_gazebo/models/board_practice_b2/meshes/board_practice_b2.mtl
-- Up-to-date symlink: /home/swarnava2/hunt_ws/install/clue_hunt_gazebo/share/clue_hunt_gazebo/models/board_practice_b2/meshes/board_practice_b2.obj
-- Up-to-date symlink: /home/swarnava2/hunt_ws/install/clue_hunt_gazebo/share/clue_hunt_gazebo/models/board_practice_b2/meshes/board_practice_b2.png
-- Up-to-date symlink: /home/swarnava2/hunt_ws/install/clue_hunt_gazebo/share/clue_hunt_gazebo/models/board_practice_b2/model.config
-- Up-to-date symlink: /home/swarnava2/hunt_ws/install/clue_hunt_gazebo/share/clue_hunt_gazebo/models/board_practice_b2/model.sdf
-- Up-to-date symlink: /home/swarnava2/hunt_ws/install/clue_hunt_gazebo/share/clue_hunt_gazebo/models/board_practice_b3/meshes/board_practice_b3.mtl
-- Up-to-date symlink: /home/swarnava2/hunt_ws/install/clue_hunt_gazebo/share/clue_hunt_gazebo/models/board_practice_b3/meshes/board_practice_b3.obj
-- Up-to-date symlink: /home/swarnava2/hunt_ws/install/clue_hunt_gazebo/share/clue_hunt_gazebo/models/board_practice_b3/meshes/board_practice_b3.png
-- Up-to-date symlink: /home/swarnava2/hunt_ws/install/clue_hunt_gazebo/share/clue_hunt_gazebo/models/board_practice_b3/model.config
-- Up-to-date symlink: /home/swarnava2/hunt_ws/install/clue_hunt_gazebo/share/clue_hunt_gazebo/models/board_practice_b3/model.sdf
-- Up-to-date symlink: /home/swarnava2/hunt_ws/install/clue_hunt_gazebo/share/clue_hunt_gazebo/models/board_practice_b4/meshes/board_practice_b4.mtl
-- Up-to-date symlink: /home/swarnava2/hunt_ws/install/clue_hunt_gazebo/share/clue_hunt_gazebo/models/board_practice_b4/meshes/board_practice_b4.obj
-- Up-to-date symlink: /home/swarnava2/hunt_ws/install/clue_hunt_gazebo/share/clue_hunt_gazebo/models/board_practice_b4/meshes/board_practice_b4.png
-- Up-to-date symlink: /home/swarnava2/hunt_ws/install/clue_hunt_gazebo/share/clue_hunt_gazebo/models/board_practice_b4/model.config
-- Up-to-date symlink: /home/swarnava2/hunt_ws/install/clue_hunt_gazebo/share/clue_hunt_gazebo/models/board_practice_b4/model.sdf
-- Up-to-date symlink: /home/swarnava2/hunt_ws/install/clue_hunt_gazebo/share/clue_hunt_gazebo/models/board_practice_b5/meshes/board_practice_b5.mtl
-- Up-to-date symlink: /home/swarnava2/hunt_ws/install/clue_hunt_gazebo/share/clue_hunt_gazebo/models/board_practice_b5/meshes/board_practice_b5.obj
-- Up-to-date symlink: /home/swarnava2/hunt_ws/install/clue_hunt_gazebo/share/clue_hunt_gazebo/models/board_practice_b5/meshes/board_practice_b5.png
-- Up-to-date symlink: /home/swarnava2/hunt_ws/install/clue_hunt_gazebo/share/clue_hunt_gazebo/models/board_practice_b5/model.config
-- Up-to-date symlink: /home/swarnava2/hunt_ws/install/clue_hunt_gazebo/share/clue_hunt_gazebo/models/board_practice_b5/model.sdf
-- Up-to-date symlink: /home/swarnava2/hunt_ws/install/clue_hunt_gazebo/share/clue_hunt_gazebo/models/board_practice_d7/meshes/board_practice_d7.mtl
-- Up-to-date symlink: /home/swarnava2/hunt_ws/install/clue_hunt_gazebo/share/clue_hunt_gazebo/models/board_practice_d7/meshes/board_practice_d7.obj
-- Up-to-date symlink: /home/swarnava2/hunt_ws/install/clue_hunt_gazebo/share/clue_hunt_gazebo/models/board_practice_d7/meshes/board_practice_d7.png
-- Up-to-date symlink: /home/swarnava2/hunt_ws/install/clue_hunt_gazebo/share/clue_hunt_gazebo/models/board_practice_d7/model.config
-- Up-to-date symlink: /home/swarnava2/hunt_ws/install/clue_hunt_gazebo/share/clue_hunt_gazebo/models/board_practice_d7/model.sdf
-- Up-to-date symlink: /home/swarnava2/hunt_ws/install/clue_hunt_gazebo/share/clue_hunt_gazebo/models/board_practice_x4/meshes/board_practice_x4.mtl
-- Up-to-date symlink: /home/swarnava2/hunt_ws/install/clue_hunt_gazebo/share/clue_hunt_gazebo/models/board_practice_x4/meshes/board_practice_x4.obj
-- Up-to-date symlink: /home/swarnava2/hunt_ws/install/clue_hunt_gazebo/share/clue_hunt_gazebo/models/board_practice_x4/meshes/board_practice_x4.png
-- Up-to-date symlink: /home/swarnava2/hunt_ws/install/clue_hunt_gazebo/share/clue_hunt_gazebo/models/board_practice_x4/model.config
-- Up-to-date symlink: /home/swarnava2/hunt_ws/install/clue_hunt_gazebo/share/clue_hunt_gazebo/models/board_practice_x4/model.sdf
-- Up-to-date symlink: /home/swarnava2/hunt_ws/install/clue_hunt_gazebo/share/clue_hunt_gazebo/models/roboclub_banner/meshes/roboclub_banner.mtl
-- Up-to-date symlink: /home/swarnava2/hunt_ws/install/clue_hunt_gazebo/share/clue_hunt_gazebo/models/roboclub_banner/meshes/roboclub_banner.obj
-- Up-to-date symlink: /home/swarnava2/hunt_ws/install/clue_hunt_gazebo/share/clue_hunt_gazebo/models/roboclub_banner/meshes/roboclub_banner.png
-- Up-to-date symlink: /home/swarnava2/hunt_ws/install/clue_hunt_gazebo/share/clue_hunt_gazebo/models/roboclub_banner/model.config
-- Up-to-date symlink: /home/swarnava2/hunt_ws/install/clue_hunt_gazebo/share/clue_hunt_gazebo/models/roboclub_banner/model.sdf
-- Up-to-date symlink: /home/swarnava2/hunt_ws/install/clue_hunt_gazebo/share/ament_index/resource_index/package_run_dependencies/clue_hunt_gazebo
-- Up-to-date symlink: /home/swarnava2/hunt_ws/install/clue_hunt_gazebo/share/ament_index/resource_index/parent_prefix_path/clue_hunt_gazebo
-- Up-to-date symlink: /home/swarnava2/hunt_ws/install/clue_hunt_gazebo/share/clue_hunt_gazebo/environment/ament_prefix_path.sh
-- Up-to-date symlink: /home/swarnava2/hunt_ws/install/clue_hunt_gazebo/share/clue_hunt_gazebo/environment/ament_prefix_path.dsv
-- Up-to-date symlink: /home/swarnava2/hunt_ws/install/clue_hunt_gazebo/share/clue_hunt_gazebo/environment/path.sh
-- Up-to-date symlink: /home/swarnava2/hunt_ws/install/clue_hunt_gazebo/share/clue_hunt_gazebo/environment/path.dsv
-- Up-to-date symlink: /home/swarnava2/hunt_ws/install/clue_hunt_gazebo/share/clue_hunt_gazebo/local_setup.bash
-- Up-to-date symlink: /home/swarnava2/hunt_ws/install/clue_hunt_gazebo/share/clue_hunt_gazebo/local_setup.sh
-- Up-to-date symlink: /home/swarnava2/hunt_ws/install/clue_hunt_gazebo/share/clue_hunt_gazebo/local_setup.zsh
-- Up-to-date symlink: /home/swarnava2/hunt_ws/install/clue_hunt_gazebo/share/clue_hunt_gazebo/local_setup.dsv
-- Symlinking: /home/swarnava2/hunt_ws/install/clue_hunt_gazebo/share/clue_hunt_gazebo/package.dsv
-- Up-to-date symlink: /home/swarnava2/hunt_ws/install/clue_hunt_gazebo/share/ament_index/resource_index/packages/clue_hunt_gazebo
-- Up-to-date symlink: /home/swarnava2/hunt_ws/install/clue_hunt_gazebo/share/clue_hunt_gazebo/cmake/clue_hunt_gazeboConfig.cmake
-- Up-to-date symlink: /home/swarnava2/hunt_ws/install/clue_hunt_gazebo/share/clue_hunt_gazebo/cmake/clue_hunt_gazeboConfig-version.cmake
-- Up-to-date symlink: /home/swarnava2/hunt_ws/install/clue_hunt_gazebo/share/clue_hunt_gazebo/package.xml
