/home/swarnava2/hunt_ws/install/clue_hunt_solver/lib/python3.10/site-packages/clue_hunt_solver/__init__.py
/home/swarnava2/hunt_ws/install/clue_hunt_solver/lib/python3.10/site-packages/clue_hunt_solver/hunt_node.py
/home/swarnava2/hunt_ws/install/clue_hunt_solver/lib/python3.10/site-packages/clue_hunt_solver/follower_node.py
/home/swarnava2/hunt_ws/install/clue_hunt_solver/lib/python3.10/site-packages/clue_hunt_solver/common.py
/home/swarnava2/hunt_ws/install/clue_hunt_solver/lib/python3.10/site-packages/clue_hunt_solver/__pycache__/__init__.cpython-310.pyc
/home/swarnava2/hunt_ws/install/clue_hunt_solver/lib/python3.10/site-packages/clue_hunt_solver/__pycache__/hunt_node.cpython-310.pyc
/home/swarnava2/hunt_ws/install/clue_hunt_solver/lib/python3.10/site-packages/clue_hunt_solver/__pycache__/follower_node.cpython-310.pyc
/home/swarnava2/hunt_ws/install/clue_hunt_solver/lib/python3.10/site-packages/clue_hunt_solver/__pycache__/common.cpython-310.pyc
/home/swarnava2/hunt_ws/install/clue_hunt_solver/share/ament_index/resource_index/packages/clue_hunt_solver
/home/swarnava2/hunt_ws/install/clue_hunt_solver/share/clue_hunt_solver/package.xml
/home/swarnava2/hunt_ws/install/clue_hunt_solver/share/clue_hunt_solver/launch/hunt.launch.py
/home/swarnava2/hunt_ws/install/clue_hunt_solver/lib/python3.10/site-packages/clue_hunt_solver-0.1.0-py3.10.egg-info/PKG-INFO
/home/swarnava2/hunt_ws/install/clue_hunt_solver/lib/python3.10/site-packages/clue_hunt_solver-0.1.0-py3.10.egg-info/requires.txt
/home/swarnava2/hunt_ws/install/clue_hunt_solver/lib/python3.10/site-packages/clue_hunt_solver-0.1.0-py3.10.egg-info/dependency_links.txt
/home/swarnava2/hunt_ws/install/clue_hunt_solver/lib/python3.10/site-packages/clue_hunt_solver-0.1.0-py3.10.egg-info/top_level.txt
/home/swarnava2/hunt_ws/install/clue_hunt_solver/lib/python3.10/site-packages/clue_hunt_solver-0.1.0-py3.10.egg-info/SOURCES.txt
/home/swarnava2/hunt_ws/install/clue_hunt_solver/lib/python3.10/site-packages/clue_hunt_solver-0.1.0-py3.10.egg-info/entry_points.txt
/home/swarnava2/hunt_ws/install/clue_hunt_solver/lib/python3.10/site-packages/clue_hunt_solver-0.1.0-py3.10.egg-info/zip-safe
/home/swarnava2/hunt_ws/install/clue_hunt_solver/lib/clue_hunt_solver/follower_node
/home/swarnava2/hunt_ws/install/clue_hunt_solver/lib/clue_hunt_solver/hunt_node
