[0.479s] Invoking command in '/home/swarnava2/hunt_ws/build/clue_hunt_solver': PYTHONPATH=/home/swarnava2/hunt_ws/build/clue_hunt_solver/prefix_override:/usr/lib/python3/dist-packages/colcon_core/task/python/colcon_distutils_commands:/home/swarnava2/hunt_ws/install/clue_hunt_solver/lib/python3.10/site-packages:${PYTHONPATH} /usr/bin/python3 -W ignore:setup.py install is deprecated -W ignore:easy_install command is deprecated setup.py develop --uninstall --editable --build-directory /home/swarnava2/hunt_ws/build/clue_hunt_solver/build
[0.681s] running develop
[0.801s] Removing /home/swarnava2/hunt_ws/install/clue_hunt_solver/lib/python3.10/site-packages/clue-hunt-solver.egg-link (link to .)
[0.823s] Invoked command in '/home/swarnava2/hunt_ws/build/clue_hunt_solver' returned '0': PYTHONPATH=/home/swarnava2/hunt_ws/build/clue_hunt_solver/prefix_override:/usr/lib/python3/dist-packages/colcon_core/task/python/colcon_distutils_commands:/home/swarnava2/hunt_ws/install/clue_hunt_solver/lib/python3.10/site-packages:${PYTHONPATH} /usr/bin/python3 -W ignore:setup.py install is deprecated -W ignore:easy_install command is deprecated setup.py develop --uninstall --editable --build-directory /home/swarnava2/hunt_ws/build/clue_hunt_solver/build
[0.824s] Invoking command in '/home/swarnava2/hunt_ws/src/clue_hunt_solver': PYTHONPATH=/home/swarnava2/hunt_ws/build/clue_hunt_solver/prefix_override:/usr/lib/python3/dist-packages/colcon_core/task/python/colcon_distutils_commands:/home/swarnava2/hunt_ws/install/clue_hunt_solver/lib/python3.10/site-packages:${PYTHONPATH} /usr/bin/python3 -W ignore:setup.py install is deprecated -W ignore:easy_install command is deprecated setup.py egg_info --egg-base ../../build/clue_hunt_solver build --build-base /home/swarnava2/hunt_ws/build/clue_hunt_solver/build install --record /home/swarnava2/hunt_ws/build/clue_hunt_solver/install.log --install-scripts $base/lib/clue_hunt_solver --single-version-externally-managed install_data --force
[1.017s] running egg_info
[1.018s] writing ../../build/clue_hunt_solver/clue_hunt_solver.egg-info/PKG-INFO
[1.018s] writing dependency_links to ../../build/clue_hunt_solver/clue_hunt_solver.egg-info/dependency_links.txt
[1.018s] writing entry points to ../../build/clue_hunt_solver/clue_hunt_solver.egg-info/entry_points.txt
[1.018s] writing requirements to ../../build/clue_hunt_solver/clue_hunt_solver.egg-info/requires.txt
[1.018s] writing top-level names to ../../build/clue_hunt_solver/clue_hunt_solver.egg-info/top_level.txt
[1.020s] reading manifest file '../../build/clue_hunt_solver/clue_hunt_solver.egg-info/SOURCES.txt'
[1.020s] writing manifest file '../../build/clue_hunt_solver/clue_hunt_solver.egg-info/SOURCES.txt'
[1.021s] running build
[1.021s] running build_py
[1.021s] copying clue_hunt_solver/__init__.py -> /home/swarnava2/hunt_ws/build/clue_hunt_solver/build/lib/clue_hunt_solver
[1.021s] copying clue_hunt_solver/hunt_node.py -> /home/swarnava2/hunt_ws/build/clue_hunt_solver/build/lib/clue_hunt_solver
[1.021s] copying clue_hunt_solver/follower_node.py -> /home/swarnava2/hunt_ws/build/clue_hunt_solver/build/lib/clue_hunt_solver
[1.021s] copying clue_hunt_solver/common.py -> /home/swarnava2/hunt_ws/build/clue_hunt_solver/build/lib/clue_hunt_solver
[1.021s] running install
[1.021s] running install_lib
[1.022s] creating /home/swarnava2/hunt_ws/install/clue_hunt_solver/lib/python3.10/site-packages/clue_hunt_solver
[1.022s] copying /home/swarnava2/hunt_ws/build/clue_hunt_solver/build/lib/clue_hunt_solver/__init__.py -> /home/swarnava2/hunt_ws/install/clue_hunt_solver/lib/python3.10/site-packages/clue_hunt_solver
[1.022s] copying /home/swarnava2/hunt_ws/build/clue_hunt_solver/build/lib/clue_hunt_solver/hunt_node.py -> /home/swarnava2/hunt_ws/install/clue_hunt_solver/lib/python3.10/site-packages/clue_hunt_solver
[1.022s] copying /home/swarnava2/hunt_ws/build/clue_hunt_solver/build/lib/clue_hunt_solver/follower_node.py -> /home/swarnava2/hunt_ws/install/clue_hunt_solver/lib/python3.10/site-packages/clue_hunt_solver
[1.022s] copying /home/swarnava2/hunt_ws/build/clue_hunt_solver/build/lib/clue_hunt_solver/common.py -> /home/swarnava2/hunt_ws/install/clue_hunt_solver/lib/python3.10/site-packages/clue_hunt_solver
[1.023s] byte-compiling /home/swarnava2/hunt_ws/install/clue_hunt_solver/lib/python3.10/site-packages/clue_hunt_solver/__init__.py to __init__.cpython-310.pyc
[1.023s] byte-compiling /home/swarnava2/hunt_ws/install/clue_hunt_solver/lib/python3.10/site-packages/clue_hunt_solver/hunt_node.py to hunt_node.cpython-310.pyc
[1.027s] byte-compiling /home/swarnava2/hunt_ws/install/clue_hunt_solver/lib/python3.10/site-packages/clue_hunt_solver/follower_node.py to follower_node.cpython-310.pyc
[1.028s] byte-compiling /home/swarnava2/hunt_ws/install/clue_hunt_solver/lib/python3.10/site-packages/clue_hunt_solver/common.py to common.cpython-310.pyc
[1.029s] running install_data
[1.029s] copying resource/clue_hunt_solver -> /home/swarnava2/hunt_ws/install/clue_hunt_solver/share/ament_index/resource_index/packages
[1.030s] copying package.xml -> /home/swarnava2/hunt_ws/install/clue_hunt_solver/share/clue_hunt_solver
[1.030s] copying launch/hunt.launch.py -> /home/swarnava2/hunt_ws/install/clue_hunt_solver/share/clue_hunt_solver/launch
[1.030s] running install_egg_info
[1.032s] Copying ../../build/clue_hunt_solver/clue_hunt_solver.egg-info to /home/swarnava2/hunt_ws/install/clue_hunt_solver/lib/python3.10/site-packages/clue_hunt_solver-0.1.0-py3.10.egg-info
[1.032s] running install_scripts
[1.052s] Installing follower_node script to /home/swarnava2/hunt_ws/install/clue_hunt_solver/lib/clue_hunt_solver
[1.053s] Installing hunt_node script to /home/swarnava2/hunt_ws/install/clue_hunt_solver/lib/clue_hunt_solver
[1.053s] writing list of installed files to '/home/swarnava2/hunt_ws/build/clue_hunt_solver/install.log'
[1.072s] Invoked command in '/home/swarnava2/hunt_ws/src/clue_hunt_solver' returned '0': PYTHONPATH=/home/swarnava2/hunt_ws/build/clue_hunt_solver/prefix_override:/usr/lib/python3/dist-packages/colcon_core/task/python/colcon_distutils_commands:/home/swarnava2/hunt_ws/install/clue_hunt_solver/lib/python3.10/site-packages:${PYTHONPATH} /usr/bin/python3 -W ignore:setup.py install is deprecated -W ignore:easy_install command is deprecated setup.py egg_info --egg-base ../../build/clue_hunt_solver build --build-base /home/swarnava2/hunt_ws/build/clue_hunt_solver/build install --record /home/swarnava2/hunt_ws/build/clue_hunt_solver/install.log --install-scripts $base/lib/clue_hunt_solver --single-version-externally-managed install_data --force
