[0.064s] DEBUG:colcon:Command line arguments: ['/usr/bin/colcon', 'build', '--symlink-install']
[0.064s] DEBUG:colcon:Parsed command line arguments: Namespace(log_base=None, log_level=None, verb_name='build', build_base='build', install_base='install', merge_install=False, symlink_install=True, test_result_base=None, continue_on_error=False, executor='parallel', parallel_workers=16, event_handlers=None, ignore_user_meta=False, metas=['./colcon.meta'], base_paths=['.'], packages_ignore=None, packages_ignore_regex=None, paths=None, packages_up_to=None, packages_up_to_regex=None, packages_above=None, packages_above_and_dependencies=None, packages_above_depth=None, packages_select_by_dep=None, packages_skip_by_dep=None, packages_skip_up_to=None, packages_select_build_failed=False, packages_skip_build_finished=False, packages_select_test_failures=False, packages_skip_test_passed=False, packages_select=None, packages_skip=None, packages_select_regex=None, packages_skip_regex=None, packages_start=None, packages_end=None, cmake_args=None, cmake_target=None, cmake_target_skip_unavailable=False, cmake_clean_cache=False, cmake_clean_first=False, cmake_force_configure=False, ament_cmake_args=None, catkin_cmake_args=None, catkin_skip_building_tests=False, verb_parser=<colcon_defaults.argument_parser.defaults.DefaultArgumentsDecorator object at 0x78ecff90d360>, verb_extension=<colcon_core.verb.build.BuildVerb object at 0x78ecff90ce20>, main=<bound method BuildVerb.main of <colcon_core.verb.build.BuildVerb object at 0x78ecff90ce20>>)
[0.168s] Level 1:colcon.colcon_core.package_discovery:discover_packages(colcon_meta) check parameters
[0.168s] Level 1:colcon.colcon_core.package_discovery:discover_packages(recursive) check parameters
[0.168s] Level 1:colcon.colcon_core.package_discovery:discover_packages(ignore) check parameters
[0.168s] Level 1:colcon.colcon_core.package_discovery:discover_packages(path) check parameters
[0.168s] Level 1:colcon.colcon_core.package_discovery:discover_packages(colcon_meta) discover
[0.168s] Level 1:colcon.colcon_core.package_discovery:discover_packages(recursive) discover
[0.168s] INFO:colcon.colcon_core.package_discovery:Crawling recursively for packages in '/home/swarnava2/hunt_ws'
[0.168s] Level 1:colcon.colcon_core.package_identification:_identify(.) by extensions ['ignore', 'ignore_ament_install']
[0.168s] Level 1:colcon.colcon_core.package_identification:_identify(.) by extension 'ignore'
[0.168s] Level 1:colcon.colcon_core.package_identification:_identify(.) by extension 'ignore_ament_install'
[0.169s] Level 1:colcon.colcon_core.package_identification:_identify(.) by extensions ['colcon_pkg']
[0.169s] Level 1:colcon.colcon_core.package_identification:_identify(.) by extension 'colcon_pkg'
[0.169s] Level 1:colcon.colcon_core.package_identification:_identify(.) by extensions ['colcon_meta']
[0.169s] Level 1:colcon.colcon_core.package_identification:_identify(.) by extension 'colcon_meta'
[0.169s] Level 1:colcon.colcon_core.package_identification:_identify(.) by extensions ['ros']
[0.169s] Level 1:colcon.colcon_core.package_identification:_identify(.) by extension 'ros'
[0.176s] Level 1:colcon.colcon_core.package_identification:_identify(.) by extensions ['cmake', 'python']
[0.176s] Level 1:colcon.colcon_core.package_identification:_identify(.) by extension 'cmake'
[0.176s] Level 1:colcon.colcon_core.package_identification:_identify(.) by extension 'python'
[0.176s] Level 1:colcon.colcon_core.package_identification:_identify(.) by extensions ['python_setup_py']
[0.176s] Level 1:colcon.colcon_core.package_identification:_identify(.) by extension 'python_setup_py'
[0.176s] Level 1:colcon.colcon_core.package_identification:_identify(build) by extensions ['ignore', 'ignore_ament_install']
[0.176s] Level 1:colcon.colcon_core.package_identification:_identify(build) by extension 'ignore'
[0.176s] Level 1:colcon.colcon_core.package_identification:_identify(build) ignored
[0.176s] Level 1:colcon.colcon_core.package_identification:_identify(install) by extensions ['ignore', 'ignore_ament_install']
[0.176s] Level 1:colcon.colcon_core.package_identification:_identify(install) by extension 'ignore'
[0.176s] Level 1:colcon.colcon_core.package_identification:_identify(install) ignored
[0.176s] Level 1:colcon.colcon_core.package_identification:_identify(log) by extensions ['ignore', 'ignore_ament_install']
[0.176s] Level 1:colcon.colcon_core.package_identification:_identify(log) by extension 'ignore'
[0.176s] Level 1:colcon.colcon_core.package_identification:_identify(log) ignored
[0.176s] Level 1:colcon.colcon_core.package_identification:_identify(maps) by extensions ['ignore', 'ignore_ament_install']
[0.176s] Level 1:colcon.colcon_core.package_identification:_identify(maps) by extension 'ignore'
[0.176s] Level 1:colcon.colcon_core.package_identification:_identify(maps) by extension 'ignore_ament_install'
[0.176s] Level 1:colcon.colcon_core.package_identification:_identify(maps) by extensions ['colcon_pkg']
[0.176s] Level 1:colcon.colcon_core.package_identification:_identify(maps) by extension 'colcon_pkg'
[0.176s] Level 1:colcon.colcon_core.package_identification:_identify(maps) by extensions ['colcon_meta']
[0.176s] Level 1:colcon.colcon_core.package_identification:_identify(maps) by extension 'colcon_meta'
[0.176s] Level 1:colcon.colcon_core.package_identification:_identify(maps) by extensions ['ros']
[0.176s] Level 1:colcon.colcon_core.package_identification:_identify(maps) by extension 'ros'
[0.176s] Level 1:colcon.colcon_core.package_identification:_identify(maps) by extensions ['cmake', 'python']
[0.176s] Level 1:colcon.colcon_core.package_identification:_identify(maps) by extension 'cmake'
[0.176s] Level 1:colcon.colcon_core.package_identification:_identify(maps) by extension 'python'
[0.176s] Level 1:colcon.colcon_core.package_identification:_identify(maps) by extensions ['python_setup_py']
[0.176s] Level 1:colcon.colcon_core.package_identification:_identify(maps) by extension 'python_setup_py'
[0.176s] Level 1:colcon.colcon_core.package_identification:_identify(src) by extensions ['ignore', 'ignore_ament_install']
[0.176s] Level 1:colcon.colcon_core.package_identification:_identify(src) by extension 'ignore'
[0.177s] Level 1:colcon.colcon_core.package_identification:_identify(src) by extension 'ignore_ament_install'
[0.177s] Level 1:colcon.colcon_core.package_identification:_identify(src) by extensions ['colcon_pkg']
[0.177s] Level 1:colcon.colcon_core.package_identification:_identify(src) by extension 'colcon_pkg'
[0.177s] Level 1:colcon.colcon_core.package_identification:_identify(src) by extensions ['colcon_meta']
[0.177s] Level 1:colcon.colcon_core.package_identification:_identify(src) by extension 'colcon_meta'
[0.177s] Level 1:colcon.colcon_core.package_identification:_identify(src) by extensions ['ros']
[0.177s] Level 1:colcon.colcon_core.package_identification:_identify(src) by extension 'ros'
[0.177s] Level 1:colcon.colcon_core.package_identification:_identify(src) by extensions ['cmake', 'python']
[0.177s] Level 1:colcon.colcon_core.package_identification:_identify(src) by extension 'cmake'
[0.177s] Level 1:colcon.colcon_core.package_identification:_identify(src) by extension 'python'
[0.177s] Level 1:colcon.colcon_core.package_identification:_identify(src) by extensions ['python_setup_py']
[0.177s] Level 1:colcon.colcon_core.package_identification:_identify(src) by extension 'python_setup_py'
[0.177s] Level 1:colcon.colcon_core.package_identification:_identify(src/build) by extensions ['ignore', 'ignore_ament_install']
[0.177s] Level 1:colcon.colcon_core.package_identification:_identify(src/build) by extension 'ignore'
[0.177s] Level 1:colcon.colcon_core.package_identification:_identify(src/build) ignored
[0.177s] Level 1:colcon.colcon_core.package_identification:_identify(src/clue_hunt_description) by extensions ['ignore', 'ignore_ament_install']
[0.177s] Level 1:colcon.colcon_core.package_identification:_identify(src/clue_hunt_description) by extension 'ignore'
[0.177s] Level 1:colcon.colcon_core.package_identification:_identify(src/clue_hunt_description) by extension 'ignore_ament_install'
[0.177s] Level 1:colcon.colcon_core.package_identification:_identify(src/clue_hunt_description) by extensions ['colcon_pkg']
[0.177s] Level 1:colcon.colcon_core.package_identification:_identify(src/clue_hunt_description) by extension 'colcon_pkg'
[0.177s] Level 1:colcon.colcon_core.package_identification:_identify(src/clue_hunt_description) by extensions ['colcon_meta']
[0.177s] Level 1:colcon.colcon_core.package_identification:_identify(src/clue_hunt_description) by extension 'colcon_meta'
[0.177s] Level 1:colcon.colcon_core.package_identification:_identify(src/clue_hunt_description) by extensions ['ros']
[0.177s] Level 1:colcon.colcon_core.package_identification:_identify(src/clue_hunt_description) by extension 'ros'
[0.179s] DEBUG:colcon.colcon_core.package_identification:Package 'src/clue_hunt_description' with type 'ros.ament_cmake' and name 'clue_hunt_description'
[0.179s] Level 1:colcon.colcon_core.package_identification:_identify(src/clue_hunt_gazebo) by extensions ['ignore', 'ignore_ament_install']
[0.179s] Level 1:colcon.colcon_core.package_identification:_identify(src/clue_hunt_gazebo) by extension 'ignore'
[0.179s] Level 1:colcon.colcon_core.package_identification:_identify(src/clue_hunt_gazebo) by extension 'ignore_ament_install'
[0.179s] Level 1:colcon.colcon_core.package_identification:_identify(src/clue_hunt_gazebo) by extensions ['colcon_pkg']
[0.179s] Level 1:colcon.colcon_core.package_identification:_identify(src/clue_hunt_gazebo) by extension 'colcon_pkg'
[0.179s] Level 1:colcon.colcon_core.package_identification:_identify(src/clue_hunt_gazebo) by extensions ['colcon_meta']
[0.179s] Level 1:colcon.colcon_core.package_identification:_identify(src/clue_hunt_gazebo) by extension 'colcon_meta'
[0.179s] Level 1:colcon.colcon_core.package_identification:_identify(src/clue_hunt_gazebo) by extensions ['ros']
[0.179s] Level 1:colcon.colcon_core.package_identification:_identify(src/clue_hunt_gazebo) by extension 'ros'
[0.179s] DEBUG:colcon.colcon_core.package_identification:Package 'src/clue_hunt_gazebo' with type 'ros.ament_cmake' and name 'clue_hunt_gazebo'
[0.179s] Level 1:colcon.colcon_core.package_identification:_identify(src/clue_hunt_navigation) by extensions ['ignore', 'ignore_ament_install']
[0.179s] Level 1:colcon.colcon_core.package_identification:_identify(src/clue_hunt_navigation) by extension 'ignore'
[0.179s] Level 1:colcon.colcon_core.package_identification:_identify(src/clue_hunt_navigation) by extension 'ignore_ament_install'
[0.179s] Level 1:colcon.colcon_core.package_identification:_identify(src/clue_hunt_navigation) by extensions ['colcon_pkg']
[0.179s] Level 1:colcon.colcon_core.package_identification:_identify(src/clue_hunt_navigation) by extension 'colcon_pkg'
[0.180s] Level 1:colcon.colcon_core.package_identification:_identify(src/clue_hunt_navigation) by extensions ['colcon_meta']
[0.180s] Level 1:colcon.colcon_core.package_identification:_identify(src/clue_hunt_navigation) by extension 'colcon_meta'
[0.180s] Level 1:colcon.colcon_core.package_identification:_identify(src/clue_hunt_navigation) by extensions ['ros']
[0.180s] Level 1:colcon.colcon_core.package_identification:_identify(src/clue_hunt_navigation) by extension 'ros'
[0.180s] DEBUG:colcon.colcon_core.package_identification:Package 'src/clue_hunt_navigation' with type 'ros.ament_cmake' and name 'clue_hunt_navigation'
[0.180s] Level 1:colcon.colcon_core.package_identification:_identify(src/clue_hunt_solver) by extensions ['ignore', 'ignore_ament_install']
[0.180s] Level 1:colcon.colcon_core.package_identification:_identify(src/clue_hunt_solver) by extension 'ignore'
[0.180s] Level 1:colcon.colcon_core.package_identification:_identify(src/clue_hunt_solver) by extension 'ignore_ament_install'
[0.180s] Level 1:colcon.colcon_core.package_identification:_identify(src/clue_hunt_solver) by extensions ['colcon_pkg']
[0.180s] Level 1:colcon.colcon_core.package_identification:_identify(src/clue_hunt_solver) by extension 'colcon_pkg'
[0.180s] Level 1:colcon.colcon_core.package_identification:_identify(src/clue_hunt_solver) by extensions ['colcon_meta']
[0.180s] Level 1:colcon.colcon_core.package_identification:_identify(src/clue_hunt_solver) by extension 'colcon_meta'
[0.180s] Level 1:colcon.colcon_core.package_identification:_identify(src/clue_hunt_solver) by extensions ['ros']
[0.180s] Level 1:colcon.colcon_core.package_identification:_identify(src/clue_hunt_solver) by extension 'ros'
[0.181s] DEBUG:colcon.colcon_core.package_identification:Package 'src/clue_hunt_solver' with type 'ros.ament_python' and name 'clue_hunt_solver'
[0.181s] Level 1:colcon.colcon_core.package_identification:_identify(src/install) by extensions ['ignore', 'ignore_ament_install']
[0.181s] Level 1:colcon.colcon_core.package_identification:_identify(src/install) by extension 'ignore'
[0.181s] Level 1:colcon.colcon_core.package_identification:_identify(src/install) ignored
[0.181s] Level 1:colcon.colcon_core.package_identification:_identify(src/log) by extensions ['ignore', 'ignore_ament_install']
[0.181s] Level 1:colcon.colcon_core.package_identification:_identify(src/log) by extension 'ignore'
[0.181s] Level 1:colcon.colcon_core.package_identification:_identify(src/log) ignored
[0.181s] Level 1:colcon.colcon_core.package_discovery:discover_packages(recursive) using defaults
[0.181s] Level 1:colcon.colcon_core.package_discovery:discover_packages(ignore) discover
[0.181s] Level 1:colcon.colcon_core.package_discovery:discover_packages(ignore) using defaults
[0.181s] Level 1:colcon.colcon_core.package_discovery:discover_packages(path) discover
[0.181s] Level 1:colcon.colcon_core.package_discovery:discover_packages(path) using defaults
[0.200s] Level 5:colcon.colcon_core.verb:set package 'clue_hunt_description' build argument 'cmake_args' from command line to 'None'
[0.200s] Level 5:colcon.colcon_core.verb:set package 'clue_hunt_description' build argument 'cmake_target' from command line to 'None'
[0.200s] Level 5:colcon.colcon_core.verb:set package 'clue_hunt_description' build argument 'cmake_target_skip_unavailable' from command line to 'False'
[0.201s] Level 5:colcon.colcon_core.verb:set package 'clue_hunt_description' build argument 'cmake_clean_cache' from command line to 'False'
[0.201s] Level 5:colcon.colcon_core.verb:set package 'clue_hunt_description' build argument 'cmake_clean_first' from command line to 'False'
[0.201s] Level 5:colcon.colcon_core.verb:set package 'clue_hunt_description' build argument 'cmake_force_configure' from command line to 'False'
[0.201s] Level 5:colcon.colcon_core.verb:set package 'clue_hunt_description' build argument 'ament_cmake_args' from command line to 'None'
[0.201s] Level 5:colcon.colcon_core.verb:set package 'clue_hunt_description' build argument 'catkin_cmake_args' from command line to 'None'
[0.201s] Level 5:colcon.colcon_core.verb:set package 'clue_hunt_description' build argument 'catkin_skip_building_tests' from command line to 'False'
[0.201s] DEBUG:colcon.colcon_core.verb:Building package 'clue_hunt_description' with the following arguments: {'ament_cmake_args': None, 'build_base': '/home/swarnava2/hunt_ws/build/clue_hunt_description', 'catkin_cmake_args': None, 'catkin_skip_building_tests': False, 'cmake_args': None, 'cmake_clean_cache': False, 'cmake_clean_first': False, 'cmake_force_configure': False, 'cmake_target': None, 'cmake_target_skip_unavailable': False, 'install_base': '/home/swarnava2/hunt_ws/install/clue_hunt_description', 'merge_install': False, 'path': '/home/swarnava2/hunt_ws/src/clue_hunt_description', 'symlink_install': True, 'test_result_base': None}
[0.201s] Level 5:colcon.colcon_core.verb:set package 'clue_hunt_solver' build argument 'cmake_args' from command line to 'None'
[0.201s] Level 5:colcon.colcon_core.verb:set package 'clue_hunt_solver' build argument 'cmake_target' from command line to 'None'
[0.201s] Level 5:colcon.colcon_core.verb:set package 'clue_hunt_solver' build argument 'cmake_target_skip_unavailable' from command line to 'False'
[0.201s] Level 5:colcon.colcon_core.verb:set package 'clue_hunt_solver' build argument 'cmake_clean_cache' from command line to 'False'
[0.201s] Level 5:colcon.colcon_core.verb:set package 'clue_hunt_solver' build argument 'cmake_clean_first' from command line to 'False'
[0.201s] Level 5:colcon.colcon_core.verb:set package 'clue_hunt_solver' build argument 'cmake_force_configure' from command line to 'False'
[0.201s] Level 5:colcon.colcon_core.verb:set package 'clue_hunt_solver' build argument 'ament_cmake_args' from command line to 'None'
[0.201s] Level 5:colcon.colcon_core.verb:set package 'clue_hunt_solver' build argument 'catkin_cmake_args' from command line to 'None'
[0.201s] Level 5:colcon.colcon_core.verb:set package 'clue_hunt_solver' build argument 'catkin_skip_building_tests' from command line to 'False'
[0.201s] DEBUG:colcon.colcon_core.verb:Building package 'clue_hunt_solver' with the following arguments: {'ament_cmake_args': None, 'build_base': '/home/swarnava2/hunt_ws/build/clue_hunt_solver', 'catkin_cmake_args': None, 'catkin_skip_building_tests': False, 'cmake_args': None, 'cmake_clean_cache': False, 'cmake_clean_first': False, 'cmake_force_configure': False, 'cmake_target': None, 'cmake_target_skip_unavailable': False, 'install_base': '/home/swarnava2/hunt_ws/install/clue_hunt_solver', 'merge_install': False, 'path': '/home/swarnava2/hunt_ws/src/clue_hunt_solver', 'symlink_install': True, 'test_result_base': None}
[0.201s] Level 5:colcon.colcon_core.verb:set package 'clue_hunt_gazebo' build argument 'cmake_args' from command line to 'None'
[0.201s] Level 5:colcon.colcon_core.verb:set package 'clue_hunt_gazebo' build argument 'cmake_target' from command line to 'None'
[0.201s] Level 5:colcon.colcon_core.verb:set package 'clue_hunt_gazebo' build argument 'cmake_target_skip_unavailable' from command line to 'False'
[0.201s] Level 5:colcon.colcon_core.verb:set package 'clue_hunt_gazebo' build argument 'cmake_clean_cache' from command line to 'False'
[0.201s] Level 5:colcon.colcon_core.verb:set package 'clue_hunt_gazebo' build argument 'cmake_clean_first' from command line to 'False'
[0.201s] Level 5:colcon.colcon_core.verb:set package 'clue_hunt_gazebo' build argument 'cmake_force_configure' from command line to 'False'
[0.201s] Level 5:colcon.colcon_core.verb:set package 'clue_hunt_gazebo' build argument 'ament_cmake_args' from command line to 'None'
[0.201s] Level 5:colcon.colcon_core.verb:set package 'clue_hunt_gazebo' build argument 'catkin_cmake_args' from command line to 'None'
[0.201s] Level 5:colcon.colcon_core.verb:set package 'clue_hunt_gazebo' build argument 'catkin_skip_building_tests' from command line to 'False'
[0.201s] DEBUG:colcon.colcon_core.verb:Building package 'clue_hunt_gazebo' with the following arguments: {'ament_cmake_args': None, 'build_base': '/home/swarnava2/hunt_ws/build/clue_hunt_gazebo', 'catkin_cmake_args': None, 'catkin_skip_building_tests': False, 'cmake_args': None, 'cmake_clean_cache': False, 'cmake_clean_first': False, 'cmake_force_configure': False, 'cmake_target': None, 'cmake_target_skip_unavailable': False, 'install_base': '/home/swarnava2/hunt_ws/install/clue_hunt_gazebo', 'merge_install': False, 'path': '/home/swarnava2/hunt_ws/src/clue_hunt_gazebo', 'symlink_install': True, 'test_result_base': None}
[0.201s] Level 5:colcon.colcon_core.verb:set package 'clue_hunt_navigation' build argument 'cmake_args' from command line to 'None'
[0.201s] Level 5:colcon.colcon_core.verb:set package 'clue_hunt_navigation' build argument 'cmake_target' from command line to 'None'
[0.201s] Level 5:colcon.colcon_core.verb:set package 'clue_hunt_navigation' build argument 'cmake_target_skip_unavailable' from command line to 'False'
[0.202s] Level 5:colcon.colcon_core.verb:set package 'clue_hunt_navigation' build argument 'cmake_clean_cache' from command line to 'False'
[0.202s] Level 5:colcon.colcon_core.verb:set package 'clue_hunt_navigation' build argument 'cmake_clean_first' from command line to 'False'
[0.202s] Level 5:colcon.colcon_core.verb:set package 'clue_hunt_navigation' build argument 'cmake_force_configure' from command line to 'False'
[0.202s] Level 5:colcon.colcon_core.verb:set package 'clue_hunt_navigation' build argument 'ament_cmake_args' from command line to 'None'
[0.202s] Level 5:colcon.colcon_core.verb:set package 'clue_hunt_navigation' build argument 'catkin_cmake_args' from command line to 'None'
[0.202s] Level 5:colcon.colcon_core.verb:set package 'clue_hunt_navigation' build argument 'catkin_skip_building_tests' from command line to 'False'
[0.202s] DEBUG:colcon.colcon_core.verb:Building package 'clue_hunt_navigation' with the following arguments: {'ament_cmake_args': None, 'build_base': '/home/swarnava2/hunt_ws/build/clue_hunt_navigation', 'catkin_cmake_args': None, 'catkin_skip_building_tests': False, 'cmake_args': None, 'cmake_clean_cache': False, 'cmake_clean_first': False, 'cmake_force_configure': False, 'cmake_target': None, 'cmake_target_skip_unavailable': False, 'install_base': '/home/swarnava2/hunt_ws/install/clue_hunt_navigation', 'merge_install': False, 'path': '/home/swarnava2/hunt_ws/src/clue_hunt_navigation', 'symlink_install': True, 'test_result_base': None}
[0.202s] INFO:colcon.colcon_core.executor:Executing jobs using 'parallel' executor
[0.203s] DEBUG:colcon.colcon_parallel_executor.executor.parallel:run_until_complete
[0.203s] INFO:colcon.colcon_ros.task.ament_cmake.build:Building ROS package in '/home/swarnava2/hunt_ws/src/clue_hunt_description' with build type 'ament_cmake'
[0.203s] INFO:colcon.colcon_cmake.task.cmake.build:Building CMake package in '/home/swarnava2/hunt_ws/src/clue_hunt_description'
[0.204s] INFO:colcon.colcon_core.plugin_system:Skipping extension 'colcon_core.shell.bat': Not used on non-Windows systems
[0.204s] INFO:colcon.colcon_core.shell:Skip shell extension 'powershell' for command environment: Not usable outside of PowerShell
[0.204s] DEBUG:colcon.colcon_core.shell:Skip shell extension 'dsv' for command environment
[0.208s] INFO:colcon.colcon_ros.task.ament_python.build:Building ROS package in '/home/swarnava2/hunt_ws/src/clue_hunt_solver' with build type 'ament_python'
[0.208s] Level 1:colcon.colcon_core.shell:create_environment_hook('clue_hunt_solver', 'ament_prefix_path')
[0.208s] INFO:colcon.colcon_core.shell:Creating environment hook '/home/swarnava2/hunt_ws/install/clue_hunt_solver/share/clue_hunt_solver/hook/ament_prefix_path.ps1'
[0.209s] INFO:colcon.colcon_core.shell:Creating environment descriptor '/home/swarnava2/hunt_ws/install/clue_hunt_solver/share/clue_hunt_solver/hook/ament_prefix_path.dsv'
[0.209s] INFO:colcon.colcon_core.shell:Creating environment hook '/home/swarnava2/hunt_ws/install/clue_hunt_solver/share/clue_hunt_solver/hook/ament_prefix_path.sh'
[0.210s] INFO:colcon.colcon_core.shell:Skip shell extension 'powershell' for command environment: Not usable outside of PowerShell
[0.210s] DEBUG:colcon.colcon_core.shell:Skip shell extension 'dsv' for command environment
[0.215s] DEBUG:colcon.colcon_core.event_handler.log_command:Invoking command in '/home/swarnava2/hunt_ws/build/clue_hunt_description': CMAKE_PREFIX_PATH=${CMAKE_PREFIX_PATH}:/home/swarnava2/hunt_ws/install/clue_hunt_solver:/home/swarnava2/cognipilot/cranium/install/b3rb_ros_line_follower:/opt/ros/humble /usr/bin/cmake /home/swarnava2/hunt_ws/src/clue_hunt_description -DAMENT_CMAKE_SYMLINK_INSTALL=1 -DCMAKE_INSTALL_PREFIX=/home/swarnava2/hunt_ws/install/clue_hunt_description
[0.387s] INFO:colcon.colcon_core.task.python.build:Building Python package in '/home/swarnava2/hunt_ws/src/clue_hunt_solver'
[0.387s] INFO:colcon.colcon_core.shell:Skip shell extension 'powershell' for command environment: Not usable outside of PowerShell
[0.387s] DEBUG:colcon.colcon_core.shell:Skip shell extension 'dsv' for command environment
[0.392s] DEBUG:colcon.colcon_core.event_handler.log_command:Invoked command in '/home/swarnava2/hunt_ws/build/clue_hunt_description' returned '0': CMAKE_PREFIX_PATH=${CMAKE_PREFIX_PATH}:/home/swarnava2/hunt_ws/install/clue_hunt_solver:/home/swarnava2/cognipilot/cranium/install/b3rb_ros_line_follower:/opt/ros/humble /usr/bin/cmake /home/swarnava2/hunt_ws/src/clue_hunt_description -DAMENT_CMAKE_SYMLINK_INSTALL=1 -DCMAKE_INSTALL_PREFIX=/home/swarnava2/hunt_ws/install/clue_hunt_description
[0.394s] DEBUG:colcon.colcon_core.event_handler.log_command:Invoking command in '/home/swarnava2/hunt_ws/build/clue_hunt_description': CMAKE_PREFIX_PATH=${CMAKE_PREFIX_PATH}:/home/swarnava2/hunt_ws/install/clue_hunt_solver:/home/swarnava2/cognipilot/cranium/install/b3rb_ros_line_follower:/opt/ros/humble /usr/bin/cmake --build /home/swarnava2/hunt_ws/build/clue_hunt_description -- -j16 -l16
[0.425s] DEBUG:colcon.colcon_core.event_handler.log_command:Invoked command in '/home/swarnava2/hunt_ws/build/clue_hunt_description' returned '0': CMAKE_PREFIX_PATH=${CMAKE_PREFIX_PATH}:/home/swarnava2/hunt_ws/install/clue_hunt_solver:/home/swarnava2/cognipilot/cranium/install/b3rb_ros_line_follower:/opt/ros/humble /usr/bin/cmake --build /home/swarnava2/hunt_ws/build/clue_hunt_description -- -j16 -l16
[0.434s] DEBUG:colcon.colcon_core.event_handler.log_command:Invoking command in '/home/swarnava2/hunt_ws/build/clue_hunt_description': CMAKE_PREFIX_PATH=${CMAKE_PREFIX_PATH}:/home/swarnava2/hunt_ws/install/clue_hunt_solver:/home/swarnava2/cognipilot/cranium/install/b3rb_ros_line_follower:/opt/ros/humble /usr/bin/cmake --install /home/swarnava2/hunt_ws/build/clue_hunt_description
[0.450s] Level 1:colcon.colcon_core.environment:create_environment_scripts_only(clue_hunt_description)
[0.450s] DEBUG:colcon.colcon_core.event_handler.log_command:Invoked command in '/home/swarnava2/hunt_ws/build/clue_hunt_description' returned '0': CMAKE_PREFIX_PATH=${CMAKE_PREFIX_PATH}:/home/swarnava2/hunt_ws/install/clue_hunt_solver:/home/swarnava2/cognipilot/cranium/install/b3rb_ros_line_follower:/opt/ros/humble /usr/bin/cmake --install /home/swarnava2/hunt_ws/build/clue_hunt_description
[0.452s] Level 1:colcon.colcon_core.environment:checking '/home/swarnava2/hunt_ws/install/clue_hunt_description' for CMake module files
[0.452s] Level 1:colcon.colcon_core.environment:checking '/home/swarnava2/hunt_ws/install/clue_hunt_description' for CMake config files
[0.452s] Level 1:colcon.colcon_core.shell:create_environment_hook('clue_hunt_description', 'cmake_prefix_path')
[0.452s] INFO:colcon.colcon_core.shell:Creating environment hook '/home/swarnava2/hunt_ws/install/clue_hunt_description/share/clue_hunt_description/hook/cmake_prefix_path.ps1'
[0.453s] INFO:colcon.colcon_core.shell:Creating environment descriptor '/home/swarnava2/hunt_ws/install/clue_hunt_description/share/clue_hunt_description/hook/cmake_prefix_path.dsv'
[0.453s] INFO:colcon.colcon_core.shell:Creating environment hook '/home/swarnava2/hunt_ws/install/clue_hunt_description/share/clue_hunt_description/hook/cmake_prefix_path.sh'
[0.453s] Level 1:colcon.colcon_core.environment:checking '/home/swarnava2/hunt_ws/install/clue_hunt_description/bin'
[0.453s] Level 1:colcon.colcon_core.environment:checking '/home/swarnava2/hunt_ws/install/clue_hunt_description/lib/pkgconfig/clue_hunt_description.pc'
[0.453s] Level 1:colcon.colcon_core.environment:checking '/home/swarnava2/hunt_ws/install/clue_hunt_description/lib/python3.10/site-packages'
[0.454s] Level 1:colcon.colcon_core.environment:checking '/home/swarnava2/hunt_ws/install/clue_hunt_description/bin'
[0.454s] INFO:colcon.colcon_core.shell:Creating package script '/home/swarnava2/hunt_ws/install/clue_hunt_description/share/clue_hunt_description/package.ps1'
[0.454s] INFO:colcon.colcon_core.shell:Creating package descriptor '/home/swarnava2/hunt_ws/install/clue_hunt_description/share/clue_hunt_description/package.dsv'
[0.455s] INFO:colcon.colcon_core.shell:Creating package script '/home/swarnava2/hunt_ws/install/clue_hunt_description/share/clue_hunt_description/package.sh'
[0.456s] INFO:colcon.colcon_core.shell:Creating package script '/home/swarnava2/hunt_ws/install/clue_hunt_description/share/clue_hunt_description/package.bash'
[0.456s] INFO:colcon.colcon_core.shell:Creating package script '/home/swarnava2/hunt_ws/install/clue_hunt_description/share/clue_hunt_description/package.zsh'
[0.456s] Level 1:colcon.colcon_core.environment:create_file_with_runtime_dependencies(/home/swarnava2/hunt_ws/install/clue_hunt_description/share/colcon-core/packages/clue_hunt_description)
[0.457s] Level 1:colcon.colcon_core.environment:create_environment_scripts_only(clue_hunt_description)
[0.457s] Level 1:colcon.colcon_core.environment:checking '/home/swarnava2/hunt_ws/install/clue_hunt_description' for CMake module files
[0.457s] Level 1:colcon.colcon_core.environment:checking '/home/swarnava2/hunt_ws/install/clue_hunt_description' for CMake config files
[0.457s] Level 1:colcon.colcon_core.shell:create_environment_hook('clue_hunt_description', 'cmake_prefix_path')
[0.457s] INFO:colcon.colcon_core.shell:Creating environment hook '/home/swarnava2/hunt_ws/install/clue_hunt_description/share/clue_hunt_description/hook/cmake_prefix_path.ps1'
[0.457s] INFO:colcon.colcon_core.shell:Creating environment descriptor '/home/swarnava2/hunt_ws/install/clue_hunt_description/share/clue_hunt_description/hook/cmake_prefix_path.dsv'
[0.458s] INFO:colcon.colcon_core.shell:Creating environment hook '/home/swarnava2/hunt_ws/install/clue_hunt_description/share/clue_hunt_description/hook/cmake_prefix_path.sh'
[0.458s] Level 1:colcon.colcon_core.environment:checking '/home/swarnava2/hunt_ws/install/clue_hunt_description/bin'
[0.458s] Level 1:colcon.colcon_core.environment:checking '/home/swarnava2/hunt_ws/install/clue_hunt_description/lib/pkgconfig/clue_hunt_description.pc'
[0.458s] Level 1:colcon.colcon_core.environment:checking '/home/swarnava2/hunt_ws/install/clue_hunt_description/lib/python3.10/site-packages'
[0.458s] Level 1:colcon.colcon_core.environment:checking '/home/swarnava2/hunt_ws/install/clue_hunt_description/bin'
[0.458s] INFO:colcon.colcon_core.shell:Creating package script '/home/swarnava2/hunt_ws/install/clue_hunt_description/share/clue_hunt_description/package.ps1'
[0.459s] INFO:colcon.colcon_core.shell:Creating package descriptor '/home/swarnava2/hunt_ws/install/clue_hunt_description/share/clue_hunt_description/package.dsv'
[0.459s] INFO:colcon.colcon_core.shell:Creating package script '/home/swarnava2/hunt_ws/install/clue_hunt_description/share/clue_hunt_description/package.sh'
[0.459s] INFO:colcon.colcon_core.shell:Creating package script '/home/swarnava2/hunt_ws/install/clue_hunt_description/share/clue_hunt_description/package.bash'
[0.460s] INFO:colcon.colcon_core.shell:Creating package script '/home/swarnava2/hunt_ws/install/clue_hunt_description/share/clue_hunt_description/package.zsh'
[0.460s] Level 1:colcon.colcon_core.environment:create_file_with_runtime_dependencies(/home/swarnava2/hunt_ws/install/clue_hunt_description/share/colcon-core/packages/clue_hunt_description)
[0.460s] INFO:colcon.colcon_ros.task.ament_cmake.build:Building ROS package in '/home/swarnava2/hunt_ws/src/clue_hunt_gazebo' with build type 'ament_cmake'
[0.460s] INFO:colcon.colcon_cmake.task.cmake.build:Building CMake package in '/home/swarnava2/hunt_ws/src/clue_hunt_gazebo'
[0.460s] INFO:colcon.colcon_core.shell:Skip shell extension 'powershell' for command environment: Not usable outside of PowerShell
[0.460s] DEBUG:colcon.colcon_core.shell:Skip shell extension 'dsv' for command environment
[0.468s] DEBUG:colcon.colcon_core.event_handler.log_command:Invoking command in '/home/swarnava2/hunt_ws/build/clue_hunt_gazebo': CMAKE_PREFIX_PATH=/home/swarnava2/hunt_ws/install/clue_hunt_description:/home/swarnava2/hunt_ws/install/clue_hunt_navigation:/home/swarnava2/hunt_ws/install/clue_hunt_gazebo:/home/swarnava2/cognipilot/cranium/install/synapse_ros:/home/swarnava2/cognipilot/cranium/install/synapse_gz:/home/swarnava2/cognipilot/cranium/install/synapse_tinyframe:/home/swarnava2/cognipilot/cranium/install/synapse_protobuf:/home/swarnava2/cognipilot/cranium/install/corti:/home/swarnava2/cognipilot/cranium/install/synapse_msgs:/home/swarnava2/cognipilot/cranium/install/dream_world:/home/swarnava2/cognipilot/cranium/install/cerebri_bringup:/home/swarnava2/cognipilot/cranium/install/b3rb_simulator:/home/swarnava2/cognipilot/cranium/install/b3rb_desktop:/home/swarnava2/cognipilot/cranium/install/b3rb_rviz:/home/swarnava2/cognipilot/cranium/install/b3rb_nav2:/home/swarnava2/cognipilot/cranium/install/b3rb_gz_resource:/home/swarnava2/cognipilot/cranium/install/b3rb_gz_bringup:/home/swarnava2/cognipilot/cranium/install/b3rb_description:/home/swarnava2/cognipilot/electrode/install/electrode:/home/swarnava2/hunt_ws/install/clue_hunt_solver:/home/swarnava2/cognipilot/cranium/install/b3rb_ros_line_follower:/opt/ros/humble /usr/bin/cmake /home/swarnava2/hunt_ws/src/clue_hunt_gazebo -DAMENT_CMAKE_SYMLINK_INSTALL=1 -DCMAKE_INSTALL_PREFIX=/home/swarnava2/hunt_ws/install/clue_hunt_gazebo
[0.622s] DEBUG:colcon.colcon_core.task.python.build:Available setuptools commands: egg_info, install_scripts, dist_info, upload, develop, bdist_rpm, build, sdist, saveopts, alias, setopt, test, build_py, install_lib, bdist_egg, install_egg_info, rotate, easy_install, init_catalog, install_headers, bdist, build_ext, bdist_dumb, install, bdist_wheel, update_catalog, compile_catalog, upload_docs, register, clean, symlink_data, install_data, extract_messages, build_scripts, build_clib, check
[0.624s] DEBUG:colcon.colcon_core.event_handler.log_command:Invoked command in '/home/swarnava2/hunt_ws/build/clue_hunt_gazebo' returned '0': CMAKE_PREFIX_PATH=/home/swarnava2/hunt_ws/install/clue_hunt_description:/home/swarnava2/hunt_ws/install/clue_hunt_navigation:/home/swarnava2/hunt_ws/install/clue_hunt_gazebo:/home/swarnava2/cognipilot/cranium/install/synapse_ros:/home/swarnava2/cognipilot/cranium/install/synapse_gz:/home/swarnava2/cognipilot/cranium/install/synapse_tinyframe:/home/swarnava2/cognipilot/cranium/install/synapse_protobuf:/home/swarnava2/cognipilot/cranium/install/corti:/home/swarnava2/cognipilot/cranium/install/synapse_msgs:/home/swarnava2/cognipilot/cranium/install/dream_world:/home/swarnava2/cognipilot/cranium/install/cerebri_bringup:/home/swarnava2/cognipilot/cranium/install/b3rb_simulator:/home/swarnava2/cognipilot/cranium/install/b3rb_desktop:/home/swarnava2/cognipilot/cranium/install/b3rb_rviz:/home/swarnava2/cognipilot/cranium/install/b3rb_nav2:/home/swarnava2/cognipilot/cranium/install/b3rb_gz_resource:/home/swarnava2/cognipilot/cranium/install/b3rb_gz_bringup:/home/swarnava2/cognipilot/cranium/install/b3rb_description:/home/swarnava2/cognipilot/electrode/install/electrode:/home/swarnava2/hunt_ws/install/clue_hunt_solver:/home/swarnava2/cognipilot/cranium/install/b3rb_ros_line_follower:/opt/ros/humble /usr/bin/cmake /home/swarnava2/hunt_ws/src/clue_hunt_gazebo -DAMENT_CMAKE_SYMLINK_INSTALL=1 -DCMAKE_INSTALL_PREFIX=/home/swarnava2/hunt_ws/install/clue_hunt_gazebo
[0.624s] DEBUG:colcon.colcon_core.event_handler.log_command:Invoking command in '/home/swarnava2/hunt_ws/build/clue_hunt_gazebo': CMAKE_PREFIX_PATH=/home/swarnava2/hunt_ws/install/clue_hunt_description:/home/swarnava2/hunt_ws/install/clue_hunt_navigation:/home/swarnava2/hunt_ws/install/clue_hunt_gazebo:/home/swarnava2/cognipilot/cranium/install/synapse_ros:/home/swarnava2/cognipilot/cranium/install/synapse_gz:/home/swarnava2/cognipilot/cranium/install/synapse_tinyframe:/home/swarnava2/cognipilot/cranium/install/synapse_protobuf:/home/swarnava2/cognipilot/cranium/install/corti:/home/swarnava2/cognipilot/cranium/install/synapse_msgs:/home/swarnava2/cognipilot/cranium/install/dream_world:/home/swarnava2/cognipilot/cranium/install/cerebri_bringup:/home/swarnava2/cognipilot/cranium/install/b3rb_simulator:/home/swarnava2/cognipilot/cranium/install/b3rb_desktop:/home/swarnava2/cognipilot/cranium/install/b3rb_rviz:/home/swarnava2/cognipilot/cranium/install/b3rb_nav2:/home/swarnava2/cognipilot/cranium/install/b3rb_gz_resource:/home/swarnava2/cognipilot/cranium/install/b3rb_gz_bringup:/home/swarnava2/cognipilot/cranium/install/b3rb_description:/home/swarnava2/cognipilot/electrode/install/electrode:/home/swarnava2/hunt_ws/install/clue_hunt_solver:/home/swarnava2/cognipilot/cranium/install/b3rb_ros_line_follower:/opt/ros/humble /usr/bin/cmake --build /home/swarnava2/hunt_ws/build/clue_hunt_gazebo -- -j16 -l16
[0.654s] DEBUG:colcon.colcon_core.event_handler.log_command:Invoked command in '/home/swarnava2/hunt_ws/build/clue_hunt_gazebo' returned '0': CMAKE_PREFIX_PATH=/home/swarnava2/hunt_ws/install/clue_hunt_description:/home/swarnava2/hunt_ws/install/clue_hunt_navigation:/home/swarnava2/hunt_ws/install/clue_hunt_gazebo:/home/swarnava2/cognipilot/cranium/install/synapse_ros:/home/swarnava2/cognipilot/cranium/install/synapse_gz:/home/swarnava2/cognipilot/cranium/install/synapse_tinyframe:/home/swarnava2/cognipilot/cranium/install/synapse_protobuf:/home/swarnava2/cognipilot/cranium/install/corti:/home/swarnava2/cognipilot/cranium/install/synapse_msgs:/home/swarnava2/cognipilot/cranium/install/dream_world:/home/swarnava2/cognipilot/cranium/install/cerebri_bringup:/home/swarnava2/cognipilot/cranium/install/b3rb_simulator:/home/swarnava2/cognipilot/cranium/install/b3rb_desktop:/home/swarnava2/cognipilot/cranium/install/b3rb_rviz:/home/swarnava2/cognipilot/cranium/install/b3rb_nav2:/home/swarnava2/cognipilot/cranium/install/b3rb_gz_resource:/home/swarnava2/cognipilot/cranium/install/b3rb_gz_bringup:/home/swarnava2/cognipilot/cranium/install/b3rb_description:/home/swarnava2/cognipilot/electrode/install/electrode:/home/swarnava2/hunt_ws/install/clue_hunt_solver:/home/swarnava2/cognipilot/cranium/install/b3rb_ros_line_follower:/opt/ros/humble /usr/bin/cmake --build /home/swarnava2/hunt_ws/build/clue_hunt_gazebo -- -j16 -l16
[0.655s] DEBUG:colcon.colcon_core.event_handler.log_command:Invoking command in '/home/swarnava2/hunt_ws/build/clue_hunt_gazebo': CMAKE_PREFIX_PATH=/home/swarnava2/hunt_ws/install/clue_hunt_description:/home/swarnava2/hunt_ws/install/clue_hunt_navigation:/home/swarnava2/hunt_ws/install/clue_hunt_gazebo:/home/swarnava2/cognipilot/cranium/install/synapse_ros:/home/swarnava2/cognipilot/cranium/install/synapse_gz:/home/swarnava2/cognipilot/cranium/install/synapse_tinyframe:/home/swarnava2/cognipilot/cranium/install/synapse_protobuf:/home/swarnava2/cognipilot/cranium/install/corti:/home/swarnava2/cognipilot/cranium/install/synapse_msgs:/home/swarnava2/cognipilot/cranium/install/dream_world:/home/swarnava2/cognipilot/cranium/install/cerebri_bringup:/home/swarnava2/cognipilot/cranium/install/b3rb_simulator:/home/swarnava2/cognipilot/cranium/install/b3rb_desktop:/home/swarnava2/cognipilot/cranium/install/b3rb_rviz:/home/swarnava2/cognipilot/cranium/install/b3rb_nav2:/home/swarnava2/cognipilot/cranium/install/b3rb_gz_resource:/home/swarnava2/cognipilot/cranium/install/b3rb_gz_bringup:/home/swarnava2/cognipilot/cranium/install/b3rb_description:/home/swarnava2/cognipilot/electrode/install/electrode:/home/swarnava2/hunt_ws/install/clue_hunt_solver:/home/swarnava2/cognipilot/cranium/install/b3rb_ros_line_follower:/opt/ros/humble /usr/bin/cmake --install /home/swarnava2/hunt_ws/build/clue_hunt_gazebo
[0.670s] Level 1:colcon.colcon_core.environment:create_environment_scripts_only(clue_hunt_gazebo)
[0.671s] Level 1:colcon.colcon_core.environment:checking '/home/swarnava2/hunt_ws/install/clue_hunt_gazebo' for CMake module files
[0.671s] DEBUG:colcon.colcon_core.event_handler.log_command:Invoked command in '/home/swarnava2/hunt_ws/build/clue_hunt_gazebo' returned '0': CMAKE_PREFIX_PATH=/home/swarnava2/hunt_ws/install/clue_hunt_description:/home/swarnava2/hunt_ws/install/clue_hunt_navigation:/home/swarnava2/hunt_ws/install/clue_hunt_gazebo:/home/swarnava2/cognipilot/cranium/install/synapse_ros:/home/swarnava2/cognipilot/cranium/install/synapse_gz:/home/swarnava2/cognipilot/cranium/install/synapse_tinyframe:/home/swarnava2/cognipilot/cranium/install/synapse_protobuf:/home/swarnava2/cognipilot/cranium/install/corti:/home/swarnava2/cognipilot/cranium/install/synapse_msgs:/home/swarnava2/cognipilot/cranium/install/dream_world:/home/swarnava2/cognipilot/cranium/install/cerebri_bringup:/home/swarnava2/cognipilot/cranium/install/b3rb_simulator:/home/swarnava2/cognipilot/cranium/install/b3rb_desktop:/home/swarnava2/cognipilot/cranium/install/b3rb_rviz:/home/swarnava2/cognipilot/cranium/install/b3rb_nav2:/home/swarnava2/cognipilot/cranium/install/b3rb_gz_resource:/home/swarnava2/cognipilot/cranium/install/b3rb_gz_bringup:/home/swarnava2/cognipilot/cranium/install/b3rb_description:/home/swarnava2/cognipilot/electrode/install/electrode:/home/swarnava2/hunt_ws/install/clue_hunt_solver:/home/swarnava2/cognipilot/cranium/install/b3rb_ros_line_follower:/opt/ros/humble /usr/bin/cmake --install /home/swarnava2/hunt_ws/build/clue_hunt_gazebo
[0.671s] Level 1:colcon.colcon_core.environment:checking '/home/swarnava2/hunt_ws/install/clue_hunt_gazebo' for CMake config files
[0.672s] Level 1:colcon.colcon_core.shell:create_environment_hook('clue_hunt_gazebo', 'cmake_prefix_path')
[0.672s] INFO:colcon.colcon_core.shell:Creating environment hook '/home/swarnava2/hunt_ws/install/clue_hunt_gazebo/share/clue_hunt_gazebo/hook/cmake_prefix_path.ps1'
[0.672s] INFO:colcon.colcon_core.shell:Creating environment descriptor '/home/swarnava2/hunt_ws/install/clue_hunt_gazebo/share/clue_hunt_gazebo/hook/cmake_prefix_path.dsv'
[0.672s] INFO:colcon.colcon_core.shell:Creating environment hook '/home/swarnava2/hunt_ws/install/clue_hunt_gazebo/share/clue_hunt_gazebo/hook/cmake_prefix_path.sh'
[0.673s] Level 1:colcon.colcon_core.environment:checking '/home/swarnava2/hunt_ws/install/clue_hunt_gazebo/bin'
[0.673s] Level 1:colcon.colcon_core.environment:checking '/home/swarnava2/hunt_ws/install/clue_hunt_gazebo/lib/pkgconfig/clue_hunt_gazebo.pc'
[0.673s] Level 1:colcon.colcon_core.environment:checking '/home/swarnava2/hunt_ws/install/clue_hunt_gazebo/lib/python3.10/site-packages'
[0.673s] Level 1:colcon.colcon_core.environment:checking '/home/swarnava2/hunt_ws/install/clue_hunt_gazebo/bin'
[0.673s] INFO:colcon.colcon_core.shell:Creating package script '/home/swarnava2/hunt_ws/install/clue_hunt_gazebo/share/clue_hunt_gazebo/package.ps1'
[0.674s] INFO:colcon.colcon_core.shell:Creating package descriptor '/home/swarnava2/hunt_ws/install/clue_hunt_gazebo/share/clue_hunt_gazebo/package.dsv'
[0.674s] INFO:colcon.colcon_core.shell:Creating package script '/home/swarnava2/hunt_ws/install/clue_hunt_gazebo/share/clue_hunt_gazebo/package.sh'
[0.674s] INFO:colcon.colcon_core.shell:Creating package script '/home/swarnava2/hunt_ws/install/clue_hunt_gazebo/share/clue_hunt_gazebo/package.bash'
[0.674s] INFO:colcon.colcon_core.shell:Creating package script '/home/swarnava2/hunt_ws/install/clue_hunt_gazebo/share/clue_hunt_gazebo/package.zsh'
[0.674s] Level 1:colcon.colcon_core.environment:create_file_with_runtime_dependencies(/home/swarnava2/hunt_ws/install/clue_hunt_gazebo/share/colcon-core/packages/clue_hunt_gazebo)
[0.675s] Level 1:colcon.colcon_core.environment:create_environment_scripts_only(clue_hunt_gazebo)
[0.675s] Level 1:colcon.colcon_core.environment:checking '/home/swarnava2/hunt_ws/install/clue_hunt_gazebo' for CMake module files
[0.675s] Level 1:colcon.colcon_core.environment:checking '/home/swarnava2/hunt_ws/install/clue_hunt_gazebo' for CMake config files
[0.675s] Level 1:colcon.colcon_core.shell:create_environment_hook('clue_hunt_gazebo', 'cmake_prefix_path')
[0.675s] INFO:colcon.colcon_core.shell:Creating environment hook '/home/swarnava2/hunt_ws/install/clue_hunt_gazebo/share/clue_hunt_gazebo/hook/cmake_prefix_path.ps1'
[0.676s] INFO:colcon.colcon_core.shell:Creating environment descriptor '/home/swarnava2/hunt_ws/install/clue_hunt_gazebo/share/clue_hunt_gazebo/hook/cmake_prefix_path.dsv'
[0.676s] INFO:colcon.colcon_core.shell:Creating environment hook '/home/swarnava2/hunt_ws/install/clue_hunt_gazebo/share/clue_hunt_gazebo/hook/cmake_prefix_path.sh'
[0.676s] Level 1:colcon.colcon_core.environment:checking '/home/swarnava2/hunt_ws/install/clue_hunt_gazebo/bin'
[0.676s] Level 1:colcon.colcon_core.environment:checking '/home/swarnava2/hunt_ws/install/clue_hunt_gazebo/lib/pkgconfig/clue_hunt_gazebo.pc'
[0.676s] Level 1:colcon.colcon_core.environment:checking '/home/swarnava2/hunt_ws/install/clue_hunt_gazebo/lib/python3.10/site-packages'
[0.677s] Level 1:colcon.colcon_core.environment:checking '/home/swarnava2/hunt_ws/install/clue_hunt_gazebo/bin'
[0.677s] INFO:colcon.colcon_core.shell:Creating package script '/home/swarnava2/hunt_ws/install/clue_hunt_gazebo/share/clue_hunt_gazebo/package.ps1'
[0.677s] INFO:colcon.colcon_core.shell:Creating package descriptor '/home/swarnava2/hunt_ws/install/clue_hunt_gazebo/share/clue_hunt_gazebo/package.dsv'
[0.677s] INFO:colcon.colcon_core.shell:Creating package script '/home/swarnava2/hunt_ws/install/clue_hunt_gazebo/share/clue_hunt_gazebo/package.sh'
[0.678s] INFO:colcon.colcon_core.shell:Creating package script '/home/swarnava2/hunt_ws/install/clue_hunt_gazebo/share/clue_hunt_gazebo/package.bash'
[0.678s] INFO:colcon.colcon_core.shell:Creating package script '/home/swarnava2/hunt_ws/install/clue_hunt_gazebo/share/clue_hunt_gazebo/package.zsh'
[0.678s] Level 1:colcon.colcon_core.environment:create_file_with_runtime_dependencies(/home/swarnava2/hunt_ws/install/clue_hunt_gazebo/share/colcon-core/packages/clue_hunt_gazebo)
[0.678s] INFO:colcon.colcon_ros.task.ament_cmake.build:Building ROS package in '/home/swarnava2/hunt_ws/src/clue_hunt_navigation' with build type 'ament_cmake'
[0.678s] INFO:colcon.colcon_cmake.task.cmake.build:Building CMake package in '/home/swarnava2/hunt_ws/src/clue_hunt_navigation'
[0.678s] INFO:colcon.colcon_core.shell:Skip shell extension 'powershell' for command environment: Not usable outside of PowerShell
[0.678s] DEBUG:colcon.colcon_core.shell:Skip shell extension 'dsv' for command environment
[0.687s] DEBUG:colcon.colcon_core.event_handler.log_command:Invoking command in '/home/swarnava2/hunt_ws/build/clue_hunt_navigation': CMAKE_PREFIX_PATH=/home/swarnava2/hunt_ws/install/clue_hunt_gazebo:/home/swarnava2/hunt_ws/install/clue_hunt_description:/home/swarnava2/hunt_ws/install/clue_hunt_navigation:/home/swarnava2/cognipilot/cranium/install/synapse_ros:/home/swarnava2/cognipilot/cranium/install/synapse_gz:/home/swarnava2/cognipilot/cranium/install/synapse_tinyframe:/home/swarnava2/cognipilot/cranium/install/synapse_protobuf:/home/swarnava2/cognipilot/cranium/install/corti:/home/swarnava2/cognipilot/cranium/install/synapse_msgs:/home/swarnava2/cognipilot/cranium/install/dream_world:/home/swarnava2/cognipilot/cranium/install/cerebri_bringup:/home/swarnava2/cognipilot/cranium/install/b3rb_simulator:/home/swarnava2/cognipilot/cranium/install/b3rb_desktop:/home/swarnava2/cognipilot/cranium/install/b3rb_rviz:/home/swarnava2/cognipilot/cranium/install/b3rb_nav2:/home/swarnava2/cognipilot/cranium/install/b3rb_gz_resource:/home/swarnava2/cognipilot/cranium/install/b3rb_gz_bringup:/home/swarnava2/cognipilot/cranium/install/b3rb_description:/home/swarnava2/cognipilot/electrode/install/electrode:/home/swarnava2/hunt_ws/install/clue_hunt_solver:/home/swarnava2/cognipilot/cranium/install/b3rb_ros_line_follower:/opt/ros/humble /usr/bin/cmake /home/swarnava2/hunt_ws/src/clue_hunt_navigation -DAMENT_CMAKE_SYMLINK_INSTALL=1 -DCMAKE_INSTALL_PREFIX=/home/swarnava2/hunt_ws/install/clue_hunt_navigation
[0.806s] DEBUG:colcon.colcon_core.task.python.build:Available setuptools 'develop' options: --upgrade, --install-dir, --script-dir, --index-url, --no-deps, --no-find-links, --always-unzip, --always-copy, --record, --quiet, --uninstall, --user, --verbose, --editable, --find-links, --prefix, --exclude-scripts, --allow-hosts, --install-layout, --zip-ok, --no-user-cfg, --dry-run, --local-snapshots-ok, --force-installation-into-system-dir, --egg-path, --help, --optimize, --site-dirs, --build-directory, --version, --multi-version
[0.806s] DEBUG:colcon.colcon_core.task.python.build:While undoing a previous installation files outside the Python library path are being ignored: /home/swarnava2/hunt_ws/install/clue_hunt_solver/share/ament_index/resource_index/packages/clue_hunt_solver
[0.806s] DEBUG:colcon.colcon_core.task.python.build:While undoing a previous installation files outside the Python library path are being ignored: /home/swarnava2/hunt_ws/install/clue_hunt_solver/share/clue_hunt_solver/package.xml
[0.806s] DEBUG:colcon.colcon_core.task.python.build:While undoing a previous installation files outside the Python library path are being ignored: /home/swarnava2/hunt_ws/install/clue_hunt_solver/share/clue_hunt_solver/launch/hunt.launch.py
[0.806s] DEBUG:colcon.colcon_core.task.python.build:While undoing a previous installation files outside the Python library path are being ignored: /home/swarnava2/hunt_ws/install/clue_hunt_solver/lib/clue_hunt_solver/follower_node
[0.806s] DEBUG:colcon.colcon_core.task.python.build:While undoing a previous installation files outside the Python library path are being ignored: /home/swarnava2/hunt_ws/install/clue_hunt_solver/lib/clue_hunt_solver/hunt_node
[0.808s] DEBUG:colcon.colcon_core.event_handler.log_command:Invoking command in '/home/swarnava2/hunt_ws/build/clue_hunt_solver': PYTHONPATH=/home/swarnava2/hunt_ws/build/clue_hunt_solver/prefix_override:/usr/lib/python3/dist-packages/colcon_core/task/python/colcon_distutils_commands:/home/swarnava2/hunt_ws/install/clue_hunt_solver/lib/python3.10/site-packages:${PYTHONPATH} /usr/bin/python3 -W ignore:setup.py install is deprecated -W ignore:easy_install command is deprecated setup.py develop --editable --build-directory /home/swarnava2/hunt_ws/build/clue_hunt_solver/build --no-deps symlink_data --force
[0.837s] DEBUG:colcon.colcon_core.event_handler.log_command:Invoked command in '/home/swarnava2/hunt_ws/build/clue_hunt_navigation' returned '0': CMAKE_PREFIX_PATH=/home/swarnava2/hunt_ws/install/clue_hunt_gazebo:/home/swarnava2/hunt_ws/install/clue_hunt_description:/home/swarnava2/hunt_ws/install/clue_hunt_navigation:/home/swarnava2/cognipilot/cranium/install/synapse_ros:/home/swarnava2/cognipilot/cranium/install/synapse_gz:/home/swarnava2/cognipilot/cranium/install/synapse_tinyframe:/home/swarnava2/cognipilot/cranium/install/synapse_protobuf:/home/swarnava2/cognipilot/cranium/install/corti:/home/swarnava2/cognipilot/cranium/install/synapse_msgs:/home/swarnava2/cognipilot/cranium/install/dream_world:/home/swarnava2/cognipilot/cranium/install/cerebri_bringup:/home/swarnava2/cognipilot/cranium/install/b3rb_simulator:/home/swarnava2/cognipilot/cranium/install/b3rb_desktop:/home/swarnava2/cognipilot/cranium/install/b3rb_rviz:/home/swarnava2/cognipilot/cranium/install/b3rb_nav2:/home/swarnava2/cognipilot/cranium/install/b3rb_gz_resource:/home/swarnava2/cognipilot/cranium/install/b3rb_gz_bringup:/home/swarnava2/cognipilot/cranium/install/b3rb_description:/home/swarnava2/cognipilot/electrode/install/electrode:/home/swarnava2/hunt_ws/install/clue_hunt_solver:/home/swarnava2/cognipilot/cranium/install/b3rb_ros_line_follower:/opt/ros/humble /usr/bin/cmake /home/swarnava2/hunt_ws/src/clue_hunt_navigation -DAMENT_CMAKE_SYMLINK_INSTALL=1 -DCMAKE_INSTALL_PREFIX=/home/swarnava2/hunt_ws/install/clue_hunt_navigation
[0.838s] DEBUG:colcon.colcon_core.event_handler.log_command:Invoking command in '/home/swarnava2/hunt_ws/build/clue_hunt_navigation': CMAKE_PREFIX_PATH=/home/swarnava2/hunt_ws/install/clue_hunt_gazebo:/home/swarnava2/hunt_ws/install/clue_hunt_description:/home/swarnava2/hunt_ws/install/clue_hunt_navigation:/home/swarnava2/cognipilot/cranium/install/synapse_ros:/home/swarnava2/cognipilot/cranium/install/synapse_gz:/home/swarnava2/cognipilot/cranium/install/synapse_tinyframe:/home/swarnava2/cognipilot/cranium/install/synapse_protobuf:/home/swarnava2/cognipilot/cranium/install/corti:/home/swarnava2/cognipilot/cranium/install/synapse_msgs:/home/swarnava2/cognipilot/cranium/install/dream_world:/home/swarnava2/cognipilot/cranium/install/cerebri_bringup:/home/swarnava2/cognipilot/cranium/install/b3rb_simulator:/home/swarnava2/cognipilot/cranium/install/b3rb_desktop:/home/swarnava2/cognipilot/cranium/install/b3rb_rviz:/home/swarnava2/cognipilot/cranium/install/b3rb_nav2:/home/swarnava2/cognipilot/cranium/install/b3rb_gz_resource:/home/swarnava2/cognipilot/cranium/install/b3rb_gz_bringup:/home/swarnava2/cognipilot/cranium/install/b3rb_description:/home/swarnava2/cognipilot/electrode/install/electrode:/home/swarnava2/hunt_ws/install/clue_hunt_solver:/home/swarnava2/cognipilot/cranium/install/b3rb_ros_line_follower:/opt/ros/humble /usr/bin/cmake --build /home/swarnava2/hunt_ws/build/clue_hunt_navigation -- -j16 -l16
[0.866s] DEBUG:colcon.colcon_core.event_handler.log_command:Invoked command in '/home/swarnava2/hunt_ws/build/clue_hunt_navigation' returned '0': CMAKE_PREFIX_PATH=/home/swarnava2/hunt_ws/install/clue_hunt_gazebo:/home/swarnava2/hunt_ws/install/clue_hunt_description:/home/swarnava2/hunt_ws/install/clue_hunt_navigation:/home/swarnava2/cognipilot/cranium/install/synapse_ros:/home/swarnava2/cognipilot/cranium/install/synapse_gz:/home/swarnava2/cognipilot/cranium/install/synapse_tinyframe:/home/swarnava2/cognipilot/cranium/install/synapse_protobuf:/home/swarnava2/cognipilot/cranium/install/corti:/home/swarnava2/cognipilot/cranium/install/synapse_msgs:/home/swarnava2/cognipilot/cranium/install/dream_world:/home/swarnava2/cognipilot/cranium/install/cerebri_bringup:/home/swarnava2/cognipilot/cranium/install/b3rb_simulator:/home/swarnava2/cognipilot/cranium/install/b3rb_desktop:/home/swarnava2/cognipilot/cranium/install/b3rb_rviz:/home/swarnava2/cognipilot/cranium/install/b3rb_nav2:/home/swarnava2/cognipilot/cranium/install/b3rb_gz_resource:/home/swarnava2/cognipilot/cranium/install/b3rb_gz_bringup:/home/swarnava2/cognipilot/cranium/install/b3rb_description:/home/swarnava2/cognipilot/electrode/install/electrode:/home/swarnava2/hunt_ws/install/clue_hunt_solver:/home/swarnava2/cognipilot/cranium/install/b3rb_ros_line_follower:/opt/ros/humble /usr/bin/cmake --build /home/swarnava2/hunt_ws/build/clue_hunt_navigation -- -j16 -l16
[0.868s] DEBUG:colcon.colcon_core.event_handler.log_command:Invoking command in '/home/swarnava2/hunt_ws/build/clue_hunt_navigation': CMAKE_PREFIX_PATH=/home/swarnava2/hunt_ws/install/clue_hunt_gazebo:/home/swarnava2/hunt_ws/install/clue_hunt_description:/home/swarnava2/hunt_ws/install/clue_hunt_navigation:/home/swarnava2/cognipilot/cranium/install/synapse_ros:/home/swarnava2/cognipilot/cranium/install/synapse_gz:/home/swarnava2/cognipilot/cranium/install/synapse_tinyframe:/home/swarnava2/cognipilot/cranium/install/synapse_protobuf:/home/swarnava2/cognipilot/cranium/install/corti:/home/swarnava2/cognipilot/cranium/install/synapse_msgs:/home/swarnava2/cognipilot/cranium/install/dream_world:/home/swarnava2/cognipilot/cranium/install/cerebri_bringup:/home/swarnava2/cognipilot/cranium/install/b3rb_simulator:/home/swarnava2/cognipilot/cranium/install/b3rb_desktop:/home/swarnava2/cognipilot/cranium/install/b3rb_rviz:/home/swarnava2/cognipilot/cranium/install/b3rb_nav2:/home/swarnava2/cognipilot/cranium/install/b3rb_gz_resource:/home/swarnava2/cognipilot/cranium/install/b3rb_gz_bringup:/home/swarnava2/cognipilot/cranium/install/b3rb_description:/home/swarnava2/cognipilot/electrode/install/electrode:/home/swarnava2/hunt_ws/install/clue_hunt_solver:/home/swarnava2/cognipilot/cranium/install/b3rb_ros_line_follower:/opt/ros/humble /usr/bin/cmake --install /home/swarnava2/hunt_ws/build/clue_hunt_navigation
[0.882s] Level 1:colcon.colcon_core.environment:create_environment_scripts_only(clue_hunt_navigation)
[0.882s] DEBUG:colcon.colcon_core.event_handler.log_command:Invoked command in '/home/swarnava2/hunt_ws/build/clue_hunt_navigation' returned '0': CMAKE_PREFIX_PATH=/home/swarnava2/hunt_ws/install/clue_hunt_gazebo:/home/swarnava2/hunt_ws/install/clue_hunt_description:/home/swarnava2/hunt_ws/install/clue_hunt_navigation:/home/swarnava2/cognipilot/cranium/install/synapse_ros:/home/swarnava2/cognipilot/cranium/install/synapse_gz:/home/swarnava2/cognipilot/cranium/install/synapse_tinyframe:/home/swarnava2/cognipilot/cranium/install/synapse_protobuf:/home/swarnava2/cognipilot/cranium/install/corti:/home/swarnava2/cognipilot/cranium/install/synapse_msgs:/home/swarnava2/cognipilot/cranium/install/dream_world:/home/swarnava2/cognipilot/cranium/install/cerebri_bringup:/home/swarnava2/cognipilot/cranium/install/b3rb_simulator:/home/swarnava2/cognipilot/cranium/install/b3rb_desktop:/home/swarnava2/cognipilot/cranium/install/b3rb_rviz:/home/swarnava2/cognipilot/cranium/install/b3rb_nav2:/home/swarnava2/cognipilot/cranium/install/b3rb_gz_resource:/home/swarnava2/cognipilot/cranium/install/b3rb_gz_bringup:/home/swarnava2/cognipilot/cranium/install/b3rb_description:/home/swarnava2/cognipilot/electrode/install/electrode:/home/swarnava2/hunt_ws/install/clue_hunt_solver:/home/swarnava2/cognipilot/cranium/install/b3rb_ros_line_follower:/opt/ros/humble /usr/bin/cmake --install /home/swarnava2/hunt_ws/build/clue_hunt_navigation
[0.883s] Level 1:colcon.colcon_core.environment:checking '/home/swarnava2/hunt_ws/install/clue_hunt_navigation' for CMake module files
[0.883s] Level 1:colcon.colcon_core.environment:checking '/home/swarnava2/hunt_ws/install/clue_hunt_navigation' for CMake config files
[0.884s] Level 1:colcon.colcon_core.shell:create_environment_hook('clue_hunt_navigation', 'cmake_prefix_path')
[0.884s] INFO:colcon.colcon_core.shell:Creating environment hook '/home/swarnava2/hunt_ws/install/clue_hunt_navigation/share/clue_hunt_navigation/hook/cmake_prefix_path.ps1'
[0.884s] INFO:colcon.colcon_core.shell:Creating environment descriptor '/home/swarnava2/hunt_ws/install/clue_hunt_navigation/share/clue_hunt_navigation/hook/cmake_prefix_path.dsv'
[0.884s] INFO:colcon.colcon_core.shell:Creating environment hook '/home/swarnava2/hunt_ws/install/clue_hunt_navigation/share/clue_hunt_navigation/hook/cmake_prefix_path.sh'
[0.885s] Level 1:colcon.colcon_core.environment:checking '/home/swarnava2/hunt_ws/install/clue_hunt_navigation/bin'
[0.885s] Level 1:colcon.colcon_core.environment:checking '/home/swarnava2/hunt_ws/install/clue_hunt_navigation/lib/pkgconfig/clue_hunt_navigation.pc'
[0.885s] Level 1:colcon.colcon_core.environment:checking '/home/swarnava2/hunt_ws/install/clue_hunt_navigation/lib/python3.10/site-packages'
[0.885s] Level 1:colcon.colcon_core.environment:checking '/home/swarnava2/hunt_ws/install/clue_hunt_navigation/bin'
[0.885s] INFO:colcon.colcon_core.shell:Creating package script '/home/swarnava2/hunt_ws/install/clue_hunt_navigation/share/clue_hunt_navigation/package.ps1'
[0.886s] INFO:colcon.colcon_core.shell:Creating package descriptor '/home/swarnava2/hunt_ws/install/clue_hunt_navigation/share/clue_hunt_navigation/package.dsv'
[0.886s] INFO:colcon.colcon_core.shell:Creating package script '/home/swarnava2/hunt_ws/install/clue_hunt_navigation/share/clue_hunt_navigation/package.sh'
[0.886s] INFO:colcon.colcon_core.shell:Creating package script '/home/swarnava2/hunt_ws/install/clue_hunt_navigation/share/clue_hunt_navigation/package.bash'
[0.886s] INFO:colcon.colcon_core.shell:Creating package script '/home/swarnava2/hunt_ws/install/clue_hunt_navigation/share/clue_hunt_navigation/package.zsh'
[0.886s] Level 1:colcon.colcon_core.environment:create_file_with_runtime_dependencies(/home/swarnava2/hunt_ws/install/clue_hunt_navigation/share/colcon-core/packages/clue_hunt_navigation)
[0.887s] Level 1:colcon.colcon_core.environment:create_environment_scripts_only(clue_hunt_navigation)
[0.887s] Level 1:colcon.colcon_core.environment:checking '/home/swarnava2/hunt_ws/install/clue_hunt_navigation' for CMake module files
[0.887s] Level 1:colcon.colcon_core.environment:checking '/home/swarnava2/hunt_ws/install/clue_hunt_navigation' for CMake config files
[0.887s] Level 1:colcon.colcon_core.shell:create_environment_hook('clue_hunt_navigation', 'cmake_prefix_path')
[0.887s] INFO:colcon.colcon_core.shell:Creating environment hook '/home/swarnava2/hunt_ws/install/clue_hunt_navigation/share/clue_hunt_navigation/hook/cmake_prefix_path.ps1'
[0.888s] INFO:colcon.colcon_core.shell:Creating environment descriptor '/home/swarnava2/hunt_ws/install/clue_hunt_navigation/share/clue_hunt_navigation/hook/cmake_prefix_path.dsv'
[0.888s] INFO:colcon.colcon_core.shell:Creating environment hook '/home/swarnava2/hunt_ws/install/clue_hunt_navigation/share/clue_hunt_navigation/hook/cmake_prefix_path.sh'
[0.888s] Level 1:colcon.colcon_core.environment:checking '/home/swarnava2/hunt_ws/install/clue_hunt_navigation/bin'
[0.888s] Level 1:colcon.colcon_core.environment:checking '/home/swarnava2/hunt_ws/install/clue_hunt_navigation/lib/pkgconfig/clue_hunt_navigation.pc'
[0.888s] Level 1:colcon.colcon_core.environment:checking '/home/swarnava2/hunt_ws/install/clue_hunt_navigation/lib/python3.10/site-packages'
[0.889s] Level 1:colcon.colcon_core.environment:checking '/home/swarnava2/hunt_ws/install/clue_hunt_navigation/bin'
[0.889s] INFO:colcon.colcon_core.shell:Creating package script '/home/swarnava2/hunt_ws/install/clue_hunt_navigation/share/clue_hunt_navigation/package.ps1'
[0.889s] INFO:colcon.colcon_core.shell:Creating package descriptor '/home/swarnava2/hunt_ws/install/clue_hunt_navigation/share/clue_hunt_navigation/package.dsv'
[0.889s] INFO:colcon.colcon_core.shell:Creating package script '/home/swarnava2/hunt_ws/install/clue_hunt_navigation/share/clue_hunt_navigation/package.sh'
[0.889s] INFO:colcon.colcon_core.shell:Creating package script '/home/swarnava2/hunt_ws/install/clue_hunt_navigation/share/clue_hunt_navigation/package.bash'
[0.890s] INFO:colcon.colcon_core.shell:Creating package script '/home/swarnava2/hunt_ws/install/clue_hunt_navigation/share/clue_hunt_navigation/package.zsh'
[0.890s] Level 1:colcon.colcon_core.environment:create_file_with_runtime_dependencies(/home/swarnava2/hunt_ws/install/clue_hunt_navigation/share/colcon-core/packages/clue_hunt_navigation)
[1.096s] Level 1:colcon.colcon_core.shell:create_environment_hook('clue_hunt_solver', 'pythonpath_develop')
[1.097s] INFO:colcon.colcon_core.shell:Creating environment hook '/home/swarnava2/hunt_ws/build/clue_hunt_solver/share/clue_hunt_solver/hook/pythonpath_develop.ps1'
[1.097s] DEBUG:colcon.colcon_core.event_handler.log_command:Invoked command in '/home/swarnava2/hunt_ws/build/clue_hunt_solver' returned '0': PYTHONPATH=/home/swarnava2/hunt_ws/build/clue_hunt_solver/prefix_override:/usr/lib/python3/dist-packages/colcon_core/task/python/colcon_distutils_commands:/home/swarnava2/hunt_ws/install/clue_hunt_solver/lib/python3.10/site-packages:${PYTHONPATH} /usr/bin/python3 -W ignore:setup.py install is deprecated -W ignore:easy_install command is deprecated setup.py develop --editable --build-directory /home/swarnava2/hunt_ws/build/clue_hunt_solver/build --no-deps symlink_data --force
[1.097s] INFO:colcon.colcon_core.shell:Creating environment descriptor '/home/swarnava2/hunt_ws/build/clue_hunt_solver/share/clue_hunt_solver/hook/pythonpath_develop.dsv'
[1.098s] INFO:colcon.colcon_core.shell:Creating environment hook '/home/swarnava2/hunt_ws/build/clue_hunt_solver/share/clue_hunt_solver/hook/pythonpath_develop.sh'
[1.098s] Level 1:colcon.colcon_core.environment:checking '/home/swarnava2/hunt_ws/install/clue_hunt_solver' for CMake module files
[1.098s] Level 1:colcon.colcon_core.environment:checking '/home/swarnava2/hunt_ws/install/clue_hunt_solver' for CMake config files
[1.099s] Level 1:colcon.colcon_core.environment:checking '/home/swarnava2/hunt_ws/install/clue_hunt_solver/lib'
[1.099s] Level 1:colcon.colcon_core.environment:checking '/home/swarnava2/hunt_ws/install/clue_hunt_solver/bin'
[1.099s] Level 1:colcon.colcon_core.environment:checking '/home/swarnava2/hunt_ws/install/clue_hunt_solver/lib/pkgconfig/clue_hunt_solver.pc'
[1.099s] Level 1:colcon.colcon_core.environment:checking '/home/swarnava2/hunt_ws/install/clue_hunt_solver/lib/python3.10/site-packages'
[1.099s] Level 1:colcon.colcon_core.shell:create_environment_hook('clue_hunt_solver', 'pythonpath')
[1.099s] INFO:colcon.colcon_core.shell:Creating environment hook '/home/swarnava2/hunt_ws/install/clue_hunt_solver/share/clue_hunt_solver/hook/pythonpath.ps1'
[1.099s] INFO:colcon.colcon_core.shell:Creating environment descriptor '/home/swarnava2/hunt_ws/install/clue_hunt_solver/share/clue_hunt_solver/hook/pythonpath.dsv'
[1.100s] INFO:colcon.colcon_core.shell:Creating environment hook '/home/swarnava2/hunt_ws/install/clue_hunt_solver/share/clue_hunt_solver/hook/pythonpath.sh'
[1.100s] Level 1:colcon.colcon_core.environment:checking '/home/swarnava2/hunt_ws/install/clue_hunt_solver/bin'
[1.100s] Level 1:colcon.colcon_core.environment:create_environment_scripts_only(clue_hunt_solver)
[1.100s] INFO:colcon.colcon_core.shell:Creating package script '/home/swarnava2/hunt_ws/install/clue_hunt_solver/share/clue_hunt_solver/package.ps1'
[1.101s] INFO:colcon.colcon_core.shell:Creating package descriptor '/home/swarnava2/hunt_ws/install/clue_hunt_solver/share/clue_hunt_solver/package.dsv'
[1.101s] INFO:colcon.colcon_core.shell:Creating package script '/home/swarnava2/hunt_ws/install/clue_hunt_solver/share/clue_hunt_solver/package.sh'
[1.101s] INFO:colcon.colcon_core.shell:Creating package script '/home/swarnava2/hunt_ws/install/clue_hunt_solver/share/clue_hunt_solver/package.bash'
[1.101s] INFO:colcon.colcon_core.shell:Creating package script '/home/swarnava2/hunt_ws/install/clue_hunt_solver/share/clue_hunt_solver/package.zsh'
[1.102s] Level 1:colcon.colcon_core.environment:create_file_with_runtime_dependencies(/home/swarnava2/hunt_ws/install/clue_hunt_solver/share/colcon-core/packages/clue_hunt_solver)
[1.102s] DEBUG:colcon.colcon_parallel_executor.executor.parallel:closing loop
[1.102s] DEBUG:colcon.colcon_parallel_executor.executor.parallel:loop closed
[1.102s] DEBUG:colcon.colcon_parallel_executor.executor.parallel:run_until_complete finished with '0'
[1.102s] DEBUG:colcon.colcon_core.event_reactor:joining thread
[1.106s] INFO:colcon.colcon_core.plugin_system:Skipping extension 'colcon_notification.desktop_notification.terminal_notifier': Not used on non-Darwin systems
[1.106s] INFO:colcon.colcon_core.plugin_system:Skipping extension 'colcon_notification.desktop_notification.win32': Not used on non-Windows systems
[1.106s] INFO:colcon.colcon_notification.desktop_notification:Sending desktop notification using 'notify2'
[1.115s] DEBUG:colcon.colcon_core.event_reactor:joined thread
[1.115s] INFO:colcon.colcon_core.shell:Creating prefix script '/home/swarnava2/hunt_ws/install/local_setup.ps1'
[1.115s] INFO:colcon.colcon_core.shell:Creating prefix util module '/home/swarnava2/hunt_ws/install/_local_setup_util_ps1.py'
[1.116s] INFO:colcon.colcon_core.shell:Creating prefix chain script '/home/swarnava2/hunt_ws/install/setup.ps1'
[1.117s] INFO:colcon.colcon_core.shell:Creating prefix script '/home/swarnava2/hunt_ws/install/local_setup.sh'
[1.117s] INFO:colcon.colcon_core.shell:Creating prefix util module '/home/swarnava2/hunt_ws/install/_local_setup_util_sh.py'
[1.118s] INFO:colcon.colcon_core.shell:Creating prefix chain script '/home/swarnava2/hunt_ws/install/setup.sh'
[1.119s] INFO:colcon.colcon_core.shell:Creating prefix script '/home/swarnava2/hunt_ws/install/local_setup.bash'
[1.119s] INFO:colcon.colcon_core.shell:Creating prefix chain script '/home/swarnava2/hunt_ws/install/setup.bash'
[1.120s] INFO:colcon.colcon_core.shell:Creating prefix script '/home/swarnava2/hunt_ws/install/local_setup.zsh'
[1.120s] INFO:colcon.colcon_core.shell:Creating prefix chain script '/home/swarnava2/hunt_ws/install/setup.zsh'
