[0.012s] Invoking command in '/home/swarnava2/hunt_ws/build/clue_hunt_description': CMAKE_PREFIX_PATH=${CMAKE_PREFIX_PATH}:/home/swarnava2/hunt_ws/install/clue_hunt_solver:/home/swarnava2/cognipilot/cranium/install/b3rb_ros_line_follower:/opt/ros/humble /usr/bin/cmake /home/swarnava2/hunt_ws/src/clue_hunt_description -DCMAKE_INSTALL_PREFIX=/home/swarnava2/hunt_ws/install/clue_hunt_description
[0.022s] -- Found ament_cmake: 1.3.14 (/opt/ros/humble/share/ament_cmake/cmake)
[0.117s] -- Override CMake install command with custom implementation using symlinks instead of copying resources
[0.167s] -- Configuring done
[0.168s] -- Generating done
[0.169s] -- Build files have been written to: /home/swarnava2/hunt_ws/build/clue_hunt_description
[0.214s] Invoked command in '/home/swarnava2/hunt_ws/build/clue_hunt_description' returned '0': CMAKE_PREFIX_PATH=${CMAKE_PREFIX_PATH}:/home/swarnava2/hunt_ws/install/clue_hunt_solver:/home/swarnava2/cognipilot/cranium/install/b3rb_ros_line_follower:/opt/ros/humble /usr/bin/cmake /home/swarnava2/hunt_ws/src/clue_hunt_description -DCMAKE_INSTALL_PREFIX=/home/swarnava2/hunt_ws/install/clue_hunt_description
[0.215s] Invoking command in '/home/swarnava2/hunt_ws/build/clue_hunt_description': CMAKE_PREFIX_PATH=${CMAKE_PREFIX_PATH}:/home/swarnava2/hunt_ws/install/clue_hunt_solver:/home/swarnava2/cognipilot/cranium/install/b3rb_ros_line_follower:/opt/ros/humble /usr/bin/cmake --build /home/swarnava2/hunt_ws/build/clue_hunt_description -- -j16 -l16
[0.249s] Invoked command in '/home/swarnava2/hunt_ws/build/clue_hunt_description' returned '0': CMAKE_PREFIX_PATH=${CMAKE_PREFIX_PATH}:/home/swarnava2/hunt_ws/install/clue_hunt_solver:/home/swarnava2/cognipilot/cranium/install/b3rb_ros_line_follower:/opt/ros/humble /usr/bin/cmake --build /home/swarnava2/hunt_ws/build/clue_hunt_description -- -j16 -l16
[0.257s] Invoking command in '/home/swarnava2/hunt_ws/build/clue_hunt_description': CMAKE_PREFIX_PATH=${CMAKE_PREFIX_PATH}:/home/swarnava2/hunt_ws/install/clue_hunt_solver:/home/swarnava2/cognipilot/cranium/install/b3rb_ros_line_follower:/opt/ros/humble /usr/bin/cmake --install /home/swarnava2/hunt_ws/build/clue_hunt_description
[0.262s] -- Install configuration: ""
[0.263s] -- Execute custom install script
[0.263s] -- Up-to-date symlink: /home/swarnava2/hunt_ws/install/clue_hunt_description/share/clue_hunt_description/urdf/gazebo.xacro
[0.263s] -- Up-to-date symlink: /home/swarnava2/hunt_ws/install/clue_hunt_description/share/clue_hunt_description/urdf/inertial_macros.xacro
[0.263s] -- Up-to-date symlink: /home/swarnava2/hunt_ws/install/clue_hunt_description/share/clue_hunt_description/urdf/robot.urdf.xacro
[0.263s] -- Up-to-date symlink: /home/swarnava2/hunt_ws/install/clue_hunt_description/share/clue_hunt_description/meshes/leader_tag.mtl
[0.263s] -- Up-to-date symlink: /home/swarnava2/hunt_ws/install/clue_hunt_description/share/clue_hunt_description/meshes/leader_tag.obj
[0.263s] -- Up-to-date symlink: /home/swarnava2/hunt_ws/install/clue_hunt_description/share/clue_hunt_description/meshes/leader_tag.png
[0.264s] -- Up-to-date symlink: /home/swarnava2/hunt_ws/install/clue_hunt_description/share/clue_hunt_description/launch/rsp.launch.py
[0.264s] -- Up-to-date symlink: /home/swarnava2/hunt_ws/install/clue_hunt_description/share/ament_index/resource_index/package_run_dependencies/clue_hunt_description
[0.264s] -- Up-to-date symlink: /home/swarnava2/hunt_ws/install/clue_hunt_description/share/ament_index/resource_index/parent_prefix_path/clue_hunt_description
[0.264s] -- Up-to-date symlink: /home/swarnava2/hunt_ws/install/clue_hunt_description/share/clue_hunt_description/environment/ament_prefix_path.sh
[0.264s] -- Up-to-date symlink: /home/swarnava2/hunt_ws/install/clue_hunt_description/share/clue_hunt_description/environment/ament_prefix_path.dsv
[0.264s] -- Up-to-date symlink: /home/swarnava2/hunt_ws/install/clue_hunt_description/share/clue_hunt_description/environment/path.sh
[0.264s] -- Up-to-date symlink: /home/swarnava2/hunt_ws/install/clue_hunt_description/share/clue_hunt_description/environment/path.dsv
[0.264s] -- Up-to-date symlink: /home/swarnava2/hunt_ws/install/clue_hunt_description/share/clue_hunt_description/local_setup.bash
[0.264s] -- Up-to-date symlink: /home/swarnava2/hunt_ws/install/clue_hunt_description/share/clue_hunt_description/local_setup.sh
[0.264s] -- Up-to-date symlink: /home/swarnava2/hunt_ws/install/clue_hunt_description/share/clue_hunt_description/local_setup.zsh
[0.264s] -- Up-to-date symlink: /home/swarnava2/hunt_ws/install/clue_hunt_description/share/clue_hunt_description/local_setup.dsv
[0.264s] -- Symlinking: /home/swarnava2/hunt_ws/install/clue_hunt_description/share/clue_hunt_description/package.dsv
[0.272s] -- Up-to-date symlink: /home/swarnava2/hunt_ws/install/clue_hunt_description/share/ament_index/resource_index/packages/clue_hunt_description
[0.272s] -- Up-to-date symlink: /home/swarnava2/hunt_ws/install/clue_hunt_description/share/clue_hunt_description/cmake/clue_hunt_descriptionConfig.cmake
[0.272s] -- Up-to-date symlink: /home/swarnava2/hunt_ws/install/clue_hunt_description/share/clue_hunt_description/cmake/clue_hunt_descriptionConfig-version.cmake
[0.272s] -- Up-to-date symlink: /home/swarnava2/hunt_ws/install/clue_hunt_description/share/clue_hunt_description/package.xml
[0.274s] Invoked command in '/home/swarnava2/hunt_ws/build/clue_hunt_description' returned '0': CMAKE_PREFIX_PATH=${CMAKE_PREFIX_PATH}:/home/swarnava2/hunt_ws/install/clue_hunt_solver:/home/swarnava2/cognipilot/cranium/install/b3rb_ros_line_follower:/opt/ros/humble /usr/bin/cmake --install /home/swarnava2/hunt_ws/build/clue_hunt_description
