[0.078s] DEBUG:colcon:Command line arguments: ['/usr/bin/colcon', 'build']
[0.078s] DEBUG:colcon:Parsed command line arguments: Namespace(log_base=None, log_level=None, verb_name='build', build_base='build', install_base='install', merge_install=False, symlink_install=False, test_result_base=None, continue_on_error=False, executor='parallel', parallel_workers=16, event_handlers=None, ignore_user_meta=False, metas=['./colcon.meta'], base_paths=['.'], packages_ignore=None, packages_ignore_regex=None, paths=None, packages_up_to=None, packages_up_to_regex=None, packages_above=None, packages_above_and_dependencies=None, packages_above_depth=None, packages_select_by_dep=None, packages_skip_by_dep=None, packages_skip_up_to=None, packages_select_build_failed=False, packages_skip_build_finished=False, packages_select_test_failures=False, packages_skip_test_passed=False, packages_select=None, packages_skip=None, packages_select_regex=None, packages_skip_regex=None, packages_start=None, packages_end=None, cmake_args=None, cmake_target=None, cmake_target_skip_unavailable=False, cmake_clean_cache=False, cmake_clean_first=False, cmake_force_configure=False, ament_cmake_args=None, catkin_cmake_args=None, catkin_skip_building_tests=False, verb_parser=<colcon_defaults.argument_parser.defaults.DefaultArgumentsDecorator object at 0x7cc1019811b0>, verb_extension=<colcon_core.verb.build.BuildVerb object at 0x7cc101980c70>, main=<bound method BuildVerb.main of <colcon_core.verb.build.BuildVerb object at 0x7cc101980c70>>)
[0.204s] Level 1:colcon.colcon_core.package_discovery:discover_packages(colcon_meta) check parameters
[0.205s] Level 1:colcon.colcon_core.package_discovery:discover_packages(recursive) check parameters
[0.205s] Level 1:colcon.colcon_core.package_discovery:discover_packages(ignore) check parameters
[0.205s] Level 1:colcon.colcon_core.package_discovery:discover_packages(path) check parameters
[0.205s] Level 1:colcon.colcon_core.package_discovery:discover_packages(colcon_meta) discover
[0.205s] Level 1:colcon.colcon_core.package_discovery:discover_packages(recursive) discover
[0.205s] INFO:colcon.colcon_core.package_discovery:Crawling recursively for packages in '/home/swarnava2/hunt_ws/src'
[0.205s] Level 1:colcon.colcon_core.package_identification:_identify(.) by extensions ['ignore', 'ignore_ament_install']
[0.205s] Level 1:colcon.colcon_core.package_identification:_identify(.) by extension 'ignore'
[0.205s] Level 1:colcon.colcon_core.package_identification:_identify(.) by extension 'ignore_ament_install'
[0.205s] Level 1:colcon.colcon_core.package_identification:_identify(.) by extensions ['colcon_pkg']
[0.205s] Level 1:colcon.colcon_core.package_identification:_identify(.) by extension 'colcon_pkg'
[0.205s] Level 1:colcon.colcon_core.package_identification:_identify(.) by extensions ['colcon_meta']
[0.205s] Level 1:colcon.colcon_core.package_identification:_identify(.) by extension 'colcon_meta'
[0.205s] Level 1:colcon.colcon_core.package_identification:_identify(.) by extensions ['ros']
[0.205s] Level 1:colcon.colcon_core.package_identification:_identify(.) by extension 'ros'
[0.214s] Level 1:colcon.colcon_core.package_identification:_identify(.) by extensions ['cmake', 'python']
[0.214s] Level 1:colcon.colcon_core.package_identification:_identify(.) by extension 'cmake'
[0.214s] Level 1:colcon.colcon_core.package_identification:_identify(.) by extension 'python'
[0.214s] Level 1:colcon.colcon_core.package_identification:_identify(.) by extensions ['python_setup_py']
[0.214s] Level 1:colcon.colcon_core.package_identification:_identify(.) by extension 'python_setup_py'
[0.214s] Level 1:colcon.colcon_core.package_identification:_identify(build) by extensions ['ignore', 'ignore_ament_install']
[0.214s] Level 1:colcon.colcon_core.package_identification:_identify(build) by extension 'ignore'
[0.214s] Level 1:colcon.colcon_core.package_identification:_identify(build) ignored
[0.214s] Level 1:colcon.colcon_core.package_identification:_identify(clue_hunt_description) by extensions ['ignore', 'ignore_ament_install']
[0.214s] Level 1:colcon.colcon_core.package_identification:_identify(clue_hunt_description) by extension 'ignore'
[0.214s] Level 1:colcon.colcon_core.package_identification:_identify(clue_hunt_description) by extension 'ignore_ament_install'
[0.214s] Level 1:colcon.colcon_core.package_identification:_identify(clue_hunt_description) by extensions ['colcon_pkg']
[0.214s] Level 1:colcon.colcon_core.package_identification:_identify(clue_hunt_description) by extension 'colcon_pkg'
[0.214s] Level 1:colcon.colcon_core.package_identification:_identify(clue_hunt_description) by extensions ['colcon_meta']
[0.214s] Level 1:colcon.colcon_core.package_identification:_identify(clue_hunt_description) by extension 'colcon_meta'
[0.214s] Level 1:colcon.colcon_core.package_identification:_identify(clue_hunt_description) by extensions ['ros']
[0.214s] Level 1:colcon.colcon_core.package_identification:_identify(clue_hunt_description) by extension 'ros'
[0.216s] DEBUG:colcon.colcon_core.package_identification:Package 'clue_hunt_description' with type 'ros.ament_cmake' and name 'clue_hunt_description'
[0.216s] Level 1:colcon.colcon_core.package_identification:_identify(clue_hunt_gazebo) by extensions ['ignore', 'ignore_ament_install']
[0.216s] Level 1:colcon.colcon_core.package_identification:_identify(clue_hunt_gazebo) by extension 'ignore'
[0.216s] Level 1:colcon.colcon_core.package_identification:_identify(clue_hunt_gazebo) by extension 'ignore_ament_install'
[0.216s] Level 1:colcon.colcon_core.package_identification:_identify(clue_hunt_gazebo) by extensions ['colcon_pkg']
[0.216s] Level 1:colcon.colcon_core.package_identification:_identify(clue_hunt_gazebo) by extension 'colcon_pkg'
[0.216s] Level 1:colcon.colcon_core.package_identification:_identify(clue_hunt_gazebo) by extensions ['colcon_meta']
[0.216s] Level 1:colcon.colcon_core.package_identification:_identify(clue_hunt_gazebo) by extension 'colcon_meta'
[0.216s] Level 1:colcon.colcon_core.package_identification:_identify(clue_hunt_gazebo) by extensions ['ros']
[0.216s] Level 1:colcon.colcon_core.package_identification:_identify(clue_hunt_gazebo) by extension 'ros'
[0.217s] DEBUG:colcon.colcon_core.package_identification:Package 'clue_hunt_gazebo' with type 'ros.ament_cmake' and name 'clue_hunt_gazebo'
[0.217s] Level 1:colcon.colcon_core.package_identification:_identify(clue_hunt_navigation) by extensions ['ignore', 'ignore_ament_install']
[0.217s] Level 1:colcon.colcon_core.package_identification:_identify(clue_hunt_navigation) by extension 'ignore'
[0.217s] Level 1:colcon.colcon_core.package_identification:_identify(clue_hunt_navigation) by extension 'ignore_ament_install'
[0.217s] Level 1:colcon.colcon_core.package_identification:_identify(clue_hunt_navigation) by extensions ['colcon_pkg']
[0.217s] Level 1:colcon.colcon_core.package_identification:_identify(clue_hunt_navigation) by extension 'colcon_pkg'
[0.217s] Level 1:colcon.colcon_core.package_identification:_identify(clue_hunt_navigation) by extensions ['colcon_meta']
[0.217s] Level 1:colcon.colcon_core.package_identification:_identify(clue_hunt_navigation) by extension 'colcon_meta'
[0.217s] Level 1:colcon.colcon_core.package_identification:_identify(clue_hunt_navigation) by extensions ['ros']
[0.217s] Level 1:colcon.colcon_core.package_identification:_identify(clue_hunt_navigation) by extension 'ros'
[0.218s] DEBUG:colcon.colcon_core.package_identification:Package 'clue_hunt_navigation' with type 'ros.ament_cmake' and name 'clue_hunt_navigation'
[0.218s] Level 1:colcon.colcon_core.package_identification:_identify(clue_hunt_solver) by extensions ['ignore', 'ignore_ament_install']
[0.218s] Level 1:colcon.colcon_core.package_identification:_identify(clue_hunt_solver) by extension 'ignore'
[0.218s] Level 1:colcon.colcon_core.package_identification:_identify(clue_hunt_solver) by extension 'ignore_ament_install'
[0.218s] Level 1:colcon.colcon_core.package_identification:_identify(clue_hunt_solver) by extensions ['colcon_pkg']
[0.218s] Level 1:colcon.colcon_core.package_identification:_identify(clue_hunt_solver) by extension 'colcon_pkg'
[0.218s] Level 1:colcon.colcon_core.package_identification:_identify(clue_hunt_solver) by extensions ['colcon_meta']
[0.218s] Level 1:colcon.colcon_core.package_identification:_identify(clue_hunt_solver) by extension 'colcon_meta'
[0.218s] Level 1:colcon.colcon_core.package_identification:_identify(clue_hunt_solver) by extensions ['ros']
[0.218s] Level 1:colcon.colcon_core.package_identification:_identify(clue_hunt_solver) by extension 'ros'
[0.218s] DEBUG:colcon.colcon_core.package_identification:Package 'clue_hunt_solver' with type 'ros.ament_python' and name 'clue_hunt_solver'
[0.218s] Level 1:colcon.colcon_core.package_identification:_identify(install) by extensions ['ignore', 'ignore_ament_install']
[0.218s] Level 1:colcon.colcon_core.package_identification:_identify(install) by extension 'ignore'
[0.218s] Level 1:colcon.colcon_core.package_identification:_identify(install) ignored
[0.218s] Level 1:colcon.colcon_core.package_identification:_identify(log) by extensions ['ignore', 'ignore_ament_install']
[0.219s] Level 1:colcon.colcon_core.package_identification:_identify(log) by extension 'ignore'
[0.219s] Level 1:colcon.colcon_core.package_identification:_identify(log) ignored
[0.219s] Level 1:colcon.colcon_core.package_discovery:discover_packages(recursive) using defaults
[0.219s] Level 1:colcon.colcon_core.package_discovery:discover_packages(ignore) discover
[0.219s] Level 1:colcon.colcon_core.package_discovery:discover_packages(ignore) using defaults
[0.219s] Level 1:colcon.colcon_core.package_discovery:discover_packages(path) discover
[0.219s] Level 1:colcon.colcon_core.package_discovery:discover_packages(path) using defaults
[0.242s] Level 5:colcon.colcon_core.verb:set package 'clue_hunt_description' build argument 'cmake_args' from command line to 'None'
[0.242s] Level 5:colcon.colcon_core.verb:set package 'clue_hunt_description' build argument 'cmake_target' from command line to 'None'
[0.242s] Level 5:colcon.colcon_core.verb:set package 'clue_hunt_description' build argument 'cmake_target_skip_unavailable' from command line to 'False'
[0.242s] Level 5:colcon.colcon_core.verb:set package 'clue_hunt_description' build argument 'cmake_clean_cache' from command line to 'False'
[0.242s] Level 5:colcon.colcon_core.verb:set package 'clue_hunt_description' build argument 'cmake_clean_first' from command line to 'False'
[0.242s] Level 5:colcon.colcon_core.verb:set package 'clue_hunt_description' build argument 'cmake_force_configure' from command line to 'False'
[0.242s] Level 5:colcon.colcon_core.verb:set package 'clue_hunt_description' build argument 'ament_cmake_args' from command line to 'None'
[0.242s] Level 5:colcon.colcon_core.verb:set package 'clue_hunt_description' build argument 'catkin_cmake_args' from command line to 'None'
[0.242s] Level 5:colcon.colcon_core.verb:set package 'clue_hunt_description' build argument 'catkin_skip_building_tests' from command line to 'False'
[0.242s] DEBUG:colcon.colcon_core.verb:Building package 'clue_hunt_description' with the following arguments: {'ament_cmake_args': None, 'build_base': '/home/swarnava2/hunt_ws/src/build/clue_hunt_description', 'catkin_cmake_args': None, 'catkin_skip_building_tests': False, 'cmake_args': None, 'cmake_clean_cache': False, 'cmake_clean_first': False, 'cmake_force_configure': False, 'cmake_target': None, 'cmake_target_skip_unavailable': False, 'install_base': '/home/swarnava2/hunt_ws/src/install/clue_hunt_description', 'merge_install': False, 'path': '/home/swarnava2/hunt_ws/src/clue_hunt_description', 'symlink_install': False, 'test_result_base': None}
[0.242s] Level 5:colcon.colcon_core.verb:set package 'clue_hunt_solver' build argument 'cmake_args' from command line to 'None'
[0.242s] Level 5:colcon.colcon_core.verb:set package 'clue_hunt_solver' build argument 'cmake_target' from command line to 'None'
[0.242s] Level 5:colcon.colcon_core.verb:set package 'clue_hunt_solver' build argument 'cmake_target_skip_unavailable' from command line to 'False'
[0.242s] Level 5:colcon.colcon_core.verb:set package 'clue_hunt_solver' build argument 'cmake_clean_cache' from command line to 'False'
[0.242s] Level 5:colcon.colcon_core.verb:set package 'clue_hunt_solver' build argument 'cmake_clean_first' from command line to 'False'
[0.242s] Level 5:colcon.colcon_core.verb:set package 'clue_hunt_solver' build argument 'cmake_force_configure' from command line to 'False'
[0.242s] Level 5:colcon.colcon_core.verb:set package 'clue_hunt_solver' build argument 'ament_cmake_args' from command line to 'None'
[0.242s] Level 5:colcon.colcon_core.verb:set package 'clue_hunt_solver' build argument 'catkin_cmake_args' from command line to 'None'
[0.242s] Level 5:colcon.colcon_core.verb:set package 'clue_hunt_solver' build argument 'catkin_skip_building_tests' from command line to 'False'
[0.242s] DEBUG:colcon.colcon_core.verb:Building package 'clue_hunt_solver' with the following arguments: {'ament_cmake_args': None, 'build_base': '/home/swarnava2/hunt_ws/src/build/clue_hunt_solver', 'catkin_cmake_args': None, 'catkin_skip_building_tests': False, 'cmake_args': None, 'cmake_clean_cache': False, 'cmake_clean_first': False, 'cmake_force_configure': False, 'cmake_target': None, 'cmake_target_skip_unavailable': False, 'install_base': '/home/swarnava2/hunt_ws/src/install/clue_hunt_solver', 'merge_install': False, 'path': '/home/swarnava2/hunt_ws/src/clue_hunt_solver', 'symlink_install': False, 'test_result_base': None}
[0.243s] Level 5:colcon.colcon_core.verb:set package 'clue_hunt_gazebo' build argument 'cmake_args' from command line to 'None'
[0.243s] Level 5:colcon.colcon_core.verb:set package 'clue_hunt_gazebo' build argument 'cmake_target' from command line to 'None'
[0.243s] Level 5:colcon.colcon_core.verb:set package 'clue_hunt_gazebo' build argument 'cmake_target_skip_unavailable' from command line to 'False'
[0.243s] Level 5:colcon.colcon_core.verb:set package 'clue_hunt_gazebo' build argument 'cmake_clean_cache' from command line to 'False'
[0.243s] Level 5:colcon.colcon_core.verb:set package 'clue_hunt_gazebo' build argument 'cmake_clean_first' from command line to 'False'
[0.243s] Level 5:colcon.colcon_core.verb:set package 'clue_hunt_gazebo' build argument 'cmake_force_configure' from command line to 'False'
[0.243s] Level 5:colcon.colcon_core.verb:set package 'clue_hunt_gazebo' build argument 'ament_cmake_args' from command line to 'None'
[0.243s] Level 5:colcon.colcon_core.verb:set package 'clue_hunt_gazebo' build argument 'catkin_cmake_args' from command line to 'None'
[0.243s] Level 5:colcon.colcon_core.verb:set package 'clue_hunt_gazebo' build argument 'catkin_skip_building_tests' from command line to 'False'
[0.243s] DEBUG:colcon.colcon_core.verb:Building package 'clue_hunt_gazebo' with the following arguments: {'ament_cmake_args': None, 'build_base': '/home/swarnava2/hunt_ws/src/build/clue_hunt_gazebo', 'catkin_cmake_args': None, 'catkin_skip_building_tests': False, 'cmake_args': None, 'cmake_clean_cache': False, 'cmake_clean_first': False, 'cmake_force_configure': False, 'cmake_target': None, 'cmake_target_skip_unavailable': False, 'install_base': '/home/swarnava2/hunt_ws/src/install/clue_hunt_gazebo', 'merge_install': False, 'path': '/home/swarnava2/hunt_ws/src/clue_hunt_gazebo', 'symlink_install': False, 'test_result_base': None}
[0.243s] Level 5:colcon.colcon_core.verb:set package 'clue_hunt_navigation' build argument 'cmake_args' from command line to 'None'
[0.243s] Level 5:colcon.colcon_core.verb:set package 'clue_hunt_navigation' build argument 'cmake_target' from command line to 'None'
[0.243s] Level 5:colcon.colcon_core.verb:set package 'clue_hunt_navigation' build argument 'cmake_target_skip_unavailable' from command line to 'False'
[0.243s] Level 5:colcon.colcon_core.verb:set package 'clue_hunt_navigation' build argument 'cmake_clean_cache' from command line to 'False'
[0.243s] Level 5:colcon.colcon_core.verb:set package 'clue_hunt_navigation' build argument 'cmake_clean_first' from command line to 'False'
[0.243s] Level 5:colcon.colcon_core.verb:set package 'clue_hunt_navigation' build argument 'cmake_force_configure' from command line to 'False'
[0.243s] Level 5:colcon.colcon_core.verb:set package 'clue_hunt_navigation' build argument 'ament_cmake_args' from command line to 'None'
[0.243s] Level 5:colcon.colcon_core.verb:set package 'clue_hunt_navigation' build argument 'catkin_cmake_args' from command line to 'None'
[0.243s] Level 5:colcon.colcon_core.verb:set package 'clue_hunt_navigation' build argument 'catkin_skip_building_tests' from command line to 'False'
[0.243s] DEBUG:colcon.colcon_core.verb:Building package 'clue_hunt_navigation' with the following arguments: {'ament_cmake_args': None, 'build_base': '/home/swarnava2/hunt_ws/src/build/clue_hunt_navigation', 'catkin_cmake_args': None, 'catkin_skip_building_tests': False, 'cmake_args': None, 'cmake_clean_cache': False, 'cmake_clean_first': False, 'cmake_force_configure': False, 'cmake_target': None, 'cmake_target_skip_unavailable': False, 'install_base': '/home/swarnava2/hunt_ws/src/install/clue_hunt_navigation', 'merge_install': False, 'path': '/home/swarnava2/hunt_ws/src/clue_hunt_navigation', 'symlink_install': False, 'test_result_base': None}
[0.243s] INFO:colcon.colcon_core.executor:Executing jobs using 'parallel' executor
[0.244s] DEBUG:colcon.colcon_parallel_executor.executor.parallel:run_until_complete
[0.244s] INFO:colcon.colcon_ros.task.ament_cmake.build:Building ROS package in '/home/swarnava2/hunt_ws/src/clue_hunt_description' with build type 'ament_cmake'
[0.244s] INFO:colcon.colcon_cmake.task.cmake.build:Building CMake package in '/home/swarnava2/hunt_ws/src/clue_hunt_description'
[0.246s] INFO:colcon.colcon_core.plugin_system:Skipping extension 'colcon_core.shell.bat': Not used on non-Windows systems
[0.246s] INFO:colcon.colcon_core.shell:Skip shell extension 'powershell' for command environment: Not usable outside of PowerShell
[0.246s] DEBUG:colcon.colcon_core.shell:Skip shell extension 'dsv' for command environment
[0.251s] INFO:colcon.colcon_ros.task.ament_python.build:Building ROS package in '/home/swarnava2/hunt_ws/src/clue_hunt_solver' with build type 'ament_python'
[0.251s] Level 1:colcon.colcon_core.shell:create_environment_hook('clue_hunt_solver', 'ament_prefix_path')
[0.251s] INFO:colcon.colcon_core.shell:Creating environment hook '/home/swarnava2/hunt_ws/src/install/clue_hunt_solver/share/clue_hunt_solver/hook/ament_prefix_path.ps1'
[0.251s] INFO:colcon.colcon_core.shell:Creating environment descriptor '/home/swarnava2/hunt_ws/src/install/clue_hunt_solver/share/clue_hunt_solver/hook/ament_prefix_path.dsv'
[0.252s] INFO:colcon.colcon_core.shell:Creating environment hook '/home/swarnava2/hunt_ws/src/install/clue_hunt_solver/share/clue_hunt_solver/hook/ament_prefix_path.sh'
[0.252s] INFO:colcon.colcon_core.shell:Skip shell extension 'powershell' for command environment: Not usable outside of PowerShell
[0.252s] DEBUG:colcon.colcon_core.shell:Skip shell extension 'dsv' for command environment
[0.259s] DEBUG:colcon.colcon_core.event_handler.log_command:Invoking command in '/home/swarnava2/hunt_ws/src/build/clue_hunt_description': CMAKE_PREFIX_PATH=${CMAKE_PREFIX_PATH}:/home/swarnava2/hunt_ws/install/clue_hunt_solver:/home/swarnava2/cognipilot/cranium/install/b3rb_ros_line_follower:/opt/ros/humble /usr/bin/cmake /home/swarnava2/hunt_ws/src/clue_hunt_description -DCMAKE_INSTALL_PREFIX=/home/swarnava2/hunt_ws/src/install/clue_hunt_description
[0.456s] INFO:colcon.colcon_core.task.python.build:Building Python package in '/home/swarnava2/hunt_ws/src/clue_hunt_solver'
[0.456s] INFO:colcon.colcon_core.shell:Skip shell extension 'powershell' for command environment: Not usable outside of PowerShell
[0.456s] DEBUG:colcon.colcon_core.shell:Skip shell extension 'dsv' for command environment
[0.732s] DEBUG:colcon.colcon_core.task.python.build:Available setuptools commands: develop, setopt, build_scripts, install_scripts, check, install_egg_info, bdist_wheel, bdist_egg, install_data, bdist, install_lib, install, build_clib, update_catalog, register, extract_messages, egg_info, compile_catalog, easy_install, clean, test, bdist_dumb, upload, upload_docs, install_headers, sdist, build, build_ext, bdist_rpm, symlink_data, rotate, init_catalog, build_py, saveopts, alias, dist_info
[0.734s] DEBUG:colcon.colcon_core.event_handler.log_command:Invoking command in '/home/swarnava2/hunt_ws/src/clue_hunt_solver': PYTHONPATH=/home/swarnava2/hunt_ws/src/build/clue_hunt_solver/prefix_override:/usr/lib/python3/dist-packages/colcon_core/task/python/colcon_distutils_commands:/home/swarnava2/hunt_ws/src/install/clue_hunt_solver/lib/python3.10/site-packages:${PYTHONPATH} /usr/bin/python3 -W ignore:setup.py install is deprecated -W ignore:easy_install command is deprecated setup.py egg_info --egg-base ../build/clue_hunt_solver build --build-base /home/swarnava2/hunt_ws/src/build/clue_hunt_solver/build install --record /home/swarnava2/hunt_ws/src/build/clue_hunt_solver/install.log --install-scripts $base/lib/clue_hunt_solver --single-version-externally-managed install_data
[0.769s] DEBUG:colcon.colcon_core.event_handler.log_command:Invoked command in '/home/swarnava2/hunt_ws/src/build/clue_hunt_description' returned '0': CMAKE_PREFIX_PATH=${CMAKE_PREFIX_PATH}:/home/swarnava2/hunt_ws/install/clue_hunt_solver:/home/swarnava2/cognipilot/cranium/install/b3rb_ros_line_follower:/opt/ros/humble /usr/bin/cmake /home/swarnava2/hunt_ws/src/clue_hunt_description -DCMAKE_INSTALL_PREFIX=/home/swarnava2/hunt_ws/src/install/clue_hunt_description
[0.770s] DEBUG:colcon.colcon_core.event_handler.log_command:Invoking command in '/home/swarnava2/hunt_ws/src/build/clue_hunt_description': CMAKE_PREFIX_PATH=${CMAKE_PREFIX_PATH}:/home/swarnava2/hunt_ws/install/clue_hunt_solver:/home/swarnava2/cognipilot/cranium/install/b3rb_ros_line_follower:/opt/ros/humble /usr/bin/cmake --build /home/swarnava2/hunt_ws/src/build/clue_hunt_description -- -j16 -l16
[0.802s] DEBUG:colcon.colcon_core.event_handler.log_command:Invoked command in '/home/swarnava2/hunt_ws/src/build/clue_hunt_description' returned '0': CMAKE_PREFIX_PATH=${CMAKE_PREFIX_PATH}:/home/swarnava2/hunt_ws/install/clue_hunt_solver:/home/swarnava2/cognipilot/cranium/install/b3rb_ros_line_follower:/opt/ros/humble /usr/bin/cmake --build /home/swarnava2/hunt_ws/src/build/clue_hunt_description -- -j16 -l16
[0.811s] DEBUG:colcon.colcon_core.event_handler.log_command:Invoking command in '/home/swarnava2/hunt_ws/src/build/clue_hunt_description': CMAKE_PREFIX_PATH=${CMAKE_PREFIX_PATH}:/home/swarnava2/hunt_ws/install/clue_hunt_solver:/home/swarnava2/cognipilot/cranium/install/b3rb_ros_line_follower:/opt/ros/humble /usr/bin/cmake --install /home/swarnava2/hunt_ws/src/build/clue_hunt_description
[0.819s] Level 1:colcon.colcon_core.environment:create_environment_scripts_only(clue_hunt_description)
[0.819s] DEBUG:colcon.colcon_core.event_handler.log_command:Invoked command in '/home/swarnava2/hunt_ws/src/build/clue_hunt_description' returned '0': CMAKE_PREFIX_PATH=${CMAKE_PREFIX_PATH}:/home/swarnava2/hunt_ws/install/clue_hunt_solver:/home/swarnava2/cognipilot/cranium/install/b3rb_ros_line_follower:/opt/ros/humble /usr/bin/cmake --install /home/swarnava2/hunt_ws/src/build/clue_hunt_description
[0.821s] Level 1:colcon.colcon_core.environment:checking '/home/swarnava2/hunt_ws/src/install/clue_hunt_description' for CMake module files
[0.822s] Level 1:colcon.colcon_core.environment:checking '/home/swarnava2/hunt_ws/src/install/clue_hunt_description' for CMake config files
[0.822s] Level 1:colcon.colcon_core.shell:create_environment_hook('clue_hunt_description', 'cmake_prefix_path')
[0.822s] INFO:colcon.colcon_core.shell:Creating environment hook '/home/swarnava2/hunt_ws/src/install/clue_hunt_description/share/clue_hunt_description/hook/cmake_prefix_path.ps1'
[0.823s] INFO:colcon.colcon_core.shell:Creating environment descriptor '/home/swarnava2/hunt_ws/src/install/clue_hunt_description/share/clue_hunt_description/hook/cmake_prefix_path.dsv'
[0.823s] INFO:colcon.colcon_core.shell:Creating environment hook '/home/swarnava2/hunt_ws/src/install/clue_hunt_description/share/clue_hunt_description/hook/cmake_prefix_path.sh'
[0.823s] Level 1:colcon.colcon_core.environment:checking '/home/swarnava2/hunt_ws/src/install/clue_hunt_description/bin'
[0.823s] Level 1:colcon.colcon_core.environment:checking '/home/swarnava2/hunt_ws/src/install/clue_hunt_description/lib/pkgconfig/clue_hunt_description.pc'
[0.824s] Level 1:colcon.colcon_core.environment:checking '/home/swarnava2/hunt_ws/src/install/clue_hunt_description/lib/python3.10/site-packages'
[0.824s] Level 1:colcon.colcon_core.environment:checking '/home/swarnava2/hunt_ws/src/install/clue_hunt_description/bin'
[0.824s] INFO:colcon.colcon_core.shell:Creating package script '/home/swarnava2/hunt_ws/src/install/clue_hunt_description/share/clue_hunt_description/package.ps1'
[0.825s] INFO:colcon.colcon_core.shell:Creating package descriptor '/home/swarnava2/hunt_ws/src/install/clue_hunt_description/share/clue_hunt_description/package.dsv'
[0.825s] INFO:colcon.colcon_core.shell:Creating package script '/home/swarnava2/hunt_ws/src/install/clue_hunt_description/share/clue_hunt_description/package.sh'
[0.825s] INFO:colcon.colcon_core.shell:Creating package script '/home/swarnava2/hunt_ws/src/install/clue_hunt_description/share/clue_hunt_description/package.bash'
[0.826s] INFO:colcon.colcon_core.shell:Creating package script '/home/swarnava2/hunt_ws/src/install/clue_hunt_description/share/clue_hunt_description/package.zsh'
[0.826s] Level 1:colcon.colcon_core.environment:create_file_with_runtime_dependencies(/home/swarnava2/hunt_ws/src/install/clue_hunt_description/share/colcon-core/packages/clue_hunt_description)
[0.827s] Level 1:colcon.colcon_core.environment:create_environment_scripts_only(clue_hunt_description)
[0.827s] Level 1:colcon.colcon_core.environment:checking '/home/swarnava2/hunt_ws/src/install/clue_hunt_description' for CMake module files
[0.827s] Level 1:colcon.colcon_core.environment:checking '/home/swarnava2/hunt_ws/src/install/clue_hunt_description' for CMake config files
[0.827s] Level 1:colcon.colcon_core.shell:create_environment_hook('clue_hunt_description', 'cmake_prefix_path')
[0.827s] INFO:colcon.colcon_core.shell:Creating environment hook '/home/swarnava2/hunt_ws/src/install/clue_hunt_description/share/clue_hunt_description/hook/cmake_prefix_path.ps1'
[0.827s] INFO:colcon.colcon_core.shell:Creating environment descriptor '/home/swarnava2/hunt_ws/src/install/clue_hunt_description/share/clue_hunt_description/hook/cmake_prefix_path.dsv'
[0.828s] INFO:colcon.colcon_core.shell:Creating environment hook '/home/swarnava2/hunt_ws/src/install/clue_hunt_description/share/clue_hunt_description/hook/cmake_prefix_path.sh'
[0.828s] Level 1:colcon.colcon_core.environment:checking '/home/swarnava2/hunt_ws/src/install/clue_hunt_description/bin'
[0.828s] Level 1:colcon.colcon_core.environment:checking '/home/swarnava2/hunt_ws/src/install/clue_hunt_description/lib/pkgconfig/clue_hunt_description.pc'
[0.828s] Level 1:colcon.colcon_core.environment:checking '/home/swarnava2/hunt_ws/src/install/clue_hunt_description/lib/python3.10/site-packages'
[0.828s] Level 1:colcon.colcon_core.environment:checking '/home/swarnava2/hunt_ws/src/install/clue_hunt_description/bin'
[0.828s] INFO:colcon.colcon_core.shell:Creating package script '/home/swarnava2/hunt_ws/src/install/clue_hunt_description/share/clue_hunt_description/package.ps1'
[0.829s] INFO:colcon.colcon_core.shell:Creating package descriptor '/home/swarnava2/hunt_ws/src/install/clue_hunt_description/share/clue_hunt_description/package.dsv'
[0.829s] INFO:colcon.colcon_core.shell:Creating package script '/home/swarnava2/hunt_ws/src/install/clue_hunt_description/share/clue_hunt_description/package.sh'
[0.829s] INFO:colcon.colcon_core.shell:Creating package script '/home/swarnava2/hunt_ws/src/install/clue_hunt_description/share/clue_hunt_description/package.bash'
[0.829s] INFO:colcon.colcon_core.shell:Creating package script '/home/swarnava2/hunt_ws/src/install/clue_hunt_description/share/clue_hunt_description/package.zsh'
[0.830s] Level 1:colcon.colcon_core.environment:create_file_with_runtime_dependencies(/home/swarnava2/hunt_ws/src/install/clue_hunt_description/share/colcon-core/packages/clue_hunt_description)
[0.830s] INFO:colcon.colcon_ros.task.ament_cmake.build:Building ROS package in '/home/swarnava2/hunt_ws/src/clue_hunt_gazebo' with build type 'ament_cmake'
[0.830s] INFO:colcon.colcon_cmake.task.cmake.build:Building CMake package in '/home/swarnava2/hunt_ws/src/clue_hunt_gazebo'
[0.830s] INFO:colcon.colcon_core.shell:Skip shell extension 'powershell' for command environment: Not usable outside of PowerShell
[0.830s] DEBUG:colcon.colcon_core.shell:Skip shell extension 'dsv' for command environment
[0.837s] DEBUG:colcon.colcon_core.event_handler.log_command:Invoking command in '/home/swarnava2/hunt_ws/src/build/clue_hunt_gazebo': AMENT_PREFIX_PATH=/home/swarnava2/hunt_ws/src/install/clue_hunt_description:${AMENT_PREFIX_PATH} CMAKE_PREFIX_PATH=/home/swarnava2/hunt_ws/src/install/clue_hunt_description:/home/swarnava2/hunt_ws/install/clue_hunt_navigation:/home/swarnava2/hunt_ws/install/clue_hunt_gazebo:/home/swarnava2/hunt_ws/install/clue_hunt_description:/home/swarnava2/cognipilot/cranium/install/synapse_ros:/home/swarnava2/cognipilot/cranium/install/synapse_gz:/home/swarnava2/cognipilot/cranium/install/synapse_tinyframe:/home/swarnava2/cognipilot/cranium/install/synapse_protobuf:/home/swarnava2/cognipilot/cranium/install/corti:/home/swarnava2/cognipilot/cranium/install/synapse_msgs:/home/swarnava2/cognipilot/cranium/install/dream_world:/home/swarnava2/cognipilot/cranium/install/cerebri_bringup:/home/swarnava2/cognipilot/cranium/install/b3rb_simulator:/home/swarnava2/cognipilot/cranium/install/b3rb_desktop:/home/swarnava2/cognipilot/cranium/install/b3rb_rviz:/home/swarnava2/cognipilot/cranium/install/b3rb_nav2:/home/swarnava2/cognipilot/cranium/install/b3rb_gz_resource:/home/swarnava2/cognipilot/cranium/install/b3rb_gz_bringup:/home/swarnava2/cognipilot/cranium/install/b3rb_description:/home/swarnava2/cognipilot/electrode/install/electrode:/home/swarnava2/hunt_ws/install/clue_hunt_solver:/home/swarnava2/cognipilot/cranium/install/b3rb_ros_line_follower:/opt/ros/humble /usr/bin/cmake /home/swarnava2/hunt_ws/src/clue_hunt_gazebo -DCMAKE_INSTALL_PREFIX=/home/swarnava2/hunt_ws/src/install/clue_hunt_gazebo
[0.958s] Level 1:colcon.colcon_core.environment:checking '/home/swarnava2/hunt_ws/src/install/clue_hunt_solver' for CMake module files
[0.959s] DEBUG:colcon.colcon_core.event_handler.log_command:Invoked command in '/home/swarnava2/hunt_ws/src/clue_hunt_solver' returned '0': PYTHONPATH=/home/swarnava2/hunt_ws/src/build/clue_hunt_solver/prefix_override:/usr/lib/python3/dist-packages/colcon_core/task/python/colcon_distutils_commands:/home/swarnava2/hunt_ws/src/install/clue_hunt_solver/lib/python3.10/site-packages:${PYTHONPATH} /usr/bin/python3 -W ignore:setup.py install is deprecated -W ignore:easy_install command is deprecated setup.py egg_info --egg-base ../build/clue_hunt_solver build --build-base /home/swarnava2/hunt_ws/src/build/clue_hunt_solver/build install --record /home/swarnava2/hunt_ws/src/build/clue_hunt_solver/install.log --install-scripts $base/lib/clue_hunt_solver --single-version-externally-managed install_data
[0.959s] Level 1:colcon.colcon_core.environment:checking '/home/swarnava2/hunt_ws/src/install/clue_hunt_solver' for CMake config files
[0.959s] Level 1:colcon.colcon_core.environment:checking '/home/swarnava2/hunt_ws/src/install/clue_hunt_solver/lib'
[0.960s] Level 1:colcon.colcon_core.environment:checking '/home/swarnava2/hunt_ws/src/install/clue_hunt_solver/bin'
[0.960s] Level 1:colcon.colcon_core.environment:checking '/home/swarnava2/hunt_ws/src/install/clue_hunt_solver/lib/pkgconfig/clue_hunt_solver.pc'
[0.960s] Level 1:colcon.colcon_core.environment:checking '/home/swarnava2/hunt_ws/src/install/clue_hunt_solver/lib/python3.10/site-packages'
[0.960s] Level 1:colcon.colcon_core.shell:create_environment_hook('clue_hunt_solver', 'pythonpath')
[0.960s] INFO:colcon.colcon_core.shell:Creating environment hook '/home/swarnava2/hunt_ws/src/install/clue_hunt_solver/share/clue_hunt_solver/hook/pythonpath.ps1'
[0.960s] INFO:colcon.colcon_core.shell:Creating environment descriptor '/home/swarnava2/hunt_ws/src/install/clue_hunt_solver/share/clue_hunt_solver/hook/pythonpath.dsv'
[0.961s] INFO:colcon.colcon_core.shell:Creating environment hook '/home/swarnava2/hunt_ws/src/install/clue_hunt_solver/share/clue_hunt_solver/hook/pythonpath.sh'
[0.961s] Level 1:colcon.colcon_core.environment:checking '/home/swarnava2/hunt_ws/src/install/clue_hunt_solver/bin'
[0.961s] Level 1:colcon.colcon_core.environment:create_environment_scripts_only(clue_hunt_solver)
[0.961s] INFO:colcon.colcon_core.shell:Creating package script '/home/swarnava2/hunt_ws/src/install/clue_hunt_solver/share/clue_hunt_solver/package.ps1'
[0.962s] INFO:colcon.colcon_core.shell:Creating package descriptor '/home/swarnava2/hunt_ws/src/install/clue_hunt_solver/share/clue_hunt_solver/package.dsv'
[0.962s] INFO:colcon.colcon_core.shell:Creating package script '/home/swarnava2/hunt_ws/src/install/clue_hunt_solver/share/clue_hunt_solver/package.sh'
[0.962s] INFO:colcon.colcon_core.shell:Creating package script '/home/swarnava2/hunt_ws/src/install/clue_hunt_solver/share/clue_hunt_solver/package.bash'
[0.963s] INFO:colcon.colcon_core.shell:Creating package script '/home/swarnava2/hunt_ws/src/install/clue_hunt_solver/share/clue_hunt_solver/package.zsh'
[0.963s] Level 1:colcon.colcon_core.environment:create_file_with_runtime_dependencies(/home/swarnava2/hunt_ws/src/install/clue_hunt_solver/share/colcon-core/packages/clue_hunt_solver)
[1.363s] DEBUG:colcon.colcon_core.event_handler.log_command:Invoked command in '/home/swarnava2/hunt_ws/src/build/clue_hunt_gazebo' returned '0': AMENT_PREFIX_PATH=/home/swarnava2/hunt_ws/src/install/clue_hunt_description:${AMENT_PREFIX_PATH} CMAKE_PREFIX_PATH=/home/swarnava2/hunt_ws/src/install/clue_hunt_description:/home/swarnava2/hunt_ws/install/clue_hunt_navigation:/home/swarnava2/hunt_ws/install/clue_hunt_gazebo:/home/swarnava2/hunt_ws/install/clue_hunt_description:/home/swarnava2/cognipilot/cranium/install/synapse_ros:/home/swarnava2/cognipilot/cranium/install/synapse_gz:/home/swarnava2/cognipilot/cranium/install/synapse_tinyframe:/home/swarnava2/cognipilot/cranium/install/synapse_protobuf:/home/swarnava2/cognipilot/cranium/install/corti:/home/swarnava2/cognipilot/cranium/install/synapse_msgs:/home/swarnava2/cognipilot/cranium/install/dream_world:/home/swarnava2/cognipilot/cranium/install/cerebri_bringup:/home/swarnava2/cognipilot/cranium/install/b3rb_simulator:/home/swarnava2/cognipilot/cranium/install/b3rb_desktop:/home/swarnava2/cognipilot/cranium/install/b3rb_rviz:/home/swarnava2/cognipilot/cranium/install/b3rb_nav2:/home/swarnava2/cognipilot/cranium/install/b3rb_gz_resource:/home/swarnava2/cognipilot/cranium/install/b3rb_gz_bringup:/home/swarnava2/cognipilot/cranium/install/b3rb_description:/home/swarnava2/cognipilot/electrode/install/electrode:/home/swarnava2/hunt_ws/install/clue_hunt_solver:/home/swarnava2/cognipilot/cranium/install/b3rb_ros_line_follower:/opt/ros/humble /usr/bin/cmake /home/swarnava2/hunt_ws/src/clue_hunt_gazebo -DCMAKE_INSTALL_PREFIX=/home/swarnava2/hunt_ws/src/install/clue_hunt_gazebo
[1.364s] DEBUG:colcon.colcon_core.event_handler.log_command:Invoking command in '/home/swarnava2/hunt_ws/src/build/clue_hunt_gazebo': AMENT_PREFIX_PATH=/home/swarnava2/hunt_ws/src/install/clue_hunt_description:${AMENT_PREFIX_PATH} CMAKE_PREFIX_PATH=/home/swarnava2/hunt_ws/src/install/clue_hunt_description:/home/swarnava2/hunt_ws/install/clue_hunt_navigation:/home/swarnava2/hunt_ws/install/clue_hunt_gazebo:/home/swarnava2/hunt_ws/install/clue_hunt_description:/home/swarnava2/cognipilot/cranium/install/synapse_ros:/home/swarnava2/cognipilot/cranium/install/synapse_gz:/home/swarnava2/cognipilot/cranium/install/synapse_tinyframe:/home/swarnava2/cognipilot/cranium/install/synapse_protobuf:/home/swarnava2/cognipilot/cranium/install/corti:/home/swarnava2/cognipilot/cranium/install/synapse_msgs:/home/swarnava2/cognipilot/cranium/install/dream_world:/home/swarnava2/cognipilot/cranium/install/cerebri_bringup:/home/swarnava2/cognipilot/cranium/install/b3rb_simulator:/home/swarnava2/cognipilot/cranium/install/b3rb_desktop:/home/swarnava2/cognipilot/cranium/install/b3rb_rviz:/home/swarnava2/cognipilot/cranium/install/b3rb_nav2:/home/swarnava2/cognipilot/cranium/install/b3rb_gz_resource:/home/swarnava2/cognipilot/cranium/install/b3rb_gz_bringup:/home/swarnava2/cognipilot/cranium/install/b3rb_description:/home/swarnava2/cognipilot/electrode/install/electrode:/home/swarnava2/hunt_ws/install/clue_hunt_solver:/home/swarnava2/cognipilot/cranium/install/b3rb_ros_line_follower:/opt/ros/humble /usr/bin/cmake --build /home/swarnava2/hunt_ws/src/build/clue_hunt_gazebo -- -j16 -l16
[1.400s] DEBUG:colcon.colcon_core.event_handler.log_command:Invoked command in '/home/swarnava2/hunt_ws/src/build/clue_hunt_gazebo' returned '0': AMENT_PREFIX_PATH=/home/swarnava2/hunt_ws/src/install/clue_hunt_description:${AMENT_PREFIX_PATH} CMAKE_PREFIX_PATH=/home/swarnava2/hunt_ws/src/install/clue_hunt_description:/home/swarnava2/hunt_ws/install/clue_hunt_navigation:/home/swarnava2/hunt_ws/install/clue_hunt_gazebo:/home/swarnava2/hunt_ws/install/clue_hunt_description:/home/swarnava2/cognipilot/cranium/install/synapse_ros:/home/swarnava2/cognipilot/cranium/install/synapse_gz:/home/swarnava2/cognipilot/cranium/install/synapse_tinyframe:/home/swarnava2/cognipilot/cranium/install/synapse_protobuf:/home/swarnava2/cognipilot/cranium/install/corti:/home/swarnava2/cognipilot/cranium/install/synapse_msgs:/home/swarnava2/cognipilot/cranium/install/dream_world:/home/swarnava2/cognipilot/cranium/install/cerebri_bringup:/home/swarnava2/cognipilot/cranium/install/b3rb_simulator:/home/swarnava2/cognipilot/cranium/install/b3rb_desktop:/home/swarnava2/cognipilot/cranium/install/b3rb_rviz:/home/swarnava2/cognipilot/cranium/install/b3rb_nav2:/home/swarnava2/cognipilot/cranium/install/b3rb_gz_resource:/home/swarnava2/cognipilot/cranium/install/b3rb_gz_bringup:/home/swarnava2/cognipilot/cranium/install/b3rb_description:/home/swarnava2/cognipilot/electrode/install/electrode:/home/swarnava2/hunt_ws/install/clue_hunt_solver:/home/swarnava2/cognipilot/cranium/install/b3rb_ros_line_follower:/opt/ros/humble /usr/bin/cmake --build /home/swarnava2/hunt_ws/src/build/clue_hunt_gazebo -- -j16 -l16
[1.402s] DEBUG:colcon.colcon_core.event_handler.log_command:Invoking command in '/home/swarnava2/hunt_ws/src/build/clue_hunt_gazebo': AMENT_PREFIX_PATH=/home/swarnava2/hunt_ws/src/install/clue_hunt_description:${AMENT_PREFIX_PATH} CMAKE_PREFIX_PATH=/home/swarnava2/hunt_ws/src/install/clue_hunt_description:/home/swarnava2/hunt_ws/install/clue_hunt_navigation:/home/swarnava2/hunt_ws/install/clue_hunt_gazebo:/home/swarnava2/hunt_ws/install/clue_hunt_description:/home/swarnava2/cognipilot/cranium/install/synapse_ros:/home/swarnava2/cognipilot/cranium/install/synapse_gz:/home/swarnava2/cognipilot/cranium/install/synapse_tinyframe:/home/swarnava2/cognipilot/cranium/install/synapse_protobuf:/home/swarnava2/cognipilot/cranium/install/corti:/home/swarnava2/cognipilot/cranium/install/synapse_msgs:/home/swarnava2/cognipilot/cranium/install/dream_world:/home/swarnava2/cognipilot/cranium/install/cerebri_bringup:/home/swarnava2/cognipilot/cranium/install/b3rb_simulator:/home/swarnava2/cognipilot/cranium/install/b3rb_desktop:/home/swarnava2/cognipilot/cranium/install/b3rb_rviz:/home/swarnava2/cognipilot/cranium/install/b3rb_nav2:/home/swarnava2/cognipilot/cranium/install/b3rb_gz_resource:/home/swarnava2/cognipilot/cranium/install/b3rb_gz_bringup:/home/swarnava2/cognipilot/cranium/install/b3rb_description:/home/swarnava2/cognipilot/electrode/install/electrode:/home/swarnava2/hunt_ws/install/clue_hunt_solver:/home/swarnava2/cognipilot/cranium/install/b3rb_ros_line_follower:/opt/ros/humble /usr/bin/cmake --install /home/swarnava2/hunt_ws/src/build/clue_hunt_gazebo
[1.416s] Level 1:colcon.colcon_core.environment:create_environment_scripts_only(clue_hunt_gazebo)
[1.416s] Level 1:colcon.colcon_core.environment:checking '/home/swarnava2/hunt_ws/src/install/clue_hunt_gazebo' for CMake module files
[1.417s] DEBUG:colcon.colcon_core.event_handler.log_command:Invoked command in '/home/swarnava2/hunt_ws/src/build/clue_hunt_gazebo' returned '0': AMENT_PREFIX_PATH=/home/swarnava2/hunt_ws/src/install/clue_hunt_description:${AMENT_PREFIX_PATH} CMAKE_PREFIX_PATH=/home/swarnava2/hunt_ws/src/install/clue_hunt_description:/home/swarnava2/hunt_ws/install/clue_hunt_navigation:/home/swarnava2/hunt_ws/install/clue_hunt_gazebo:/home/swarnava2/hunt_ws/install/clue_hunt_description:/home/swarnava2/cognipilot/cranium/install/synapse_ros:/home/swarnava2/cognipilot/cranium/install/synapse_gz:/home/swarnava2/cognipilot/cranium/install/synapse_tinyframe:/home/swarnava2/cognipilot/cranium/install/synapse_protobuf:/home/swarnava2/cognipilot/cranium/install/corti:/home/swarnava2/cognipilot/cranium/install/synapse_msgs:/home/swarnava2/cognipilot/cranium/install/dream_world:/home/swarnava2/cognipilot/cranium/install/cerebri_bringup:/home/swarnava2/cognipilot/cranium/install/b3rb_simulator:/home/swarnava2/cognipilot/cranium/install/b3rb_desktop:/home/swarnava2/cognipilot/cranium/install/b3rb_rviz:/home/swarnava2/cognipilot/cranium/install/b3rb_nav2:/home/swarnava2/cognipilot/cranium/install/b3rb_gz_resource:/home/swarnava2/cognipilot/cranium/install/b3rb_gz_bringup:/home/swarnava2/cognipilot/cranium/install/b3rb_description:/home/swarnava2/cognipilot/electrode/install/electrode:/home/swarnava2/hunt_ws/install/clue_hunt_solver:/home/swarnava2/cognipilot/cranium/install/b3rb_ros_line_follower:/opt/ros/humble /usr/bin/cmake --install /home/swarnava2/hunt_ws/src/build/clue_hunt_gazebo
[1.417s] Level 1:colcon.colcon_core.environment:checking '/home/swarnava2/hunt_ws/src/install/clue_hunt_gazebo' for CMake config files
[1.417s] Level 1:colcon.colcon_core.shell:create_environment_hook('clue_hunt_gazebo', 'cmake_prefix_path')
[1.418s] INFO:colcon.colcon_core.shell:Creating environment hook '/home/swarnava2/hunt_ws/src/install/clue_hunt_gazebo/share/clue_hunt_gazebo/hook/cmake_prefix_path.ps1'
[1.418s] INFO:colcon.colcon_core.shell:Creating environment descriptor '/home/swarnava2/hunt_ws/src/install/clue_hunt_gazebo/share/clue_hunt_gazebo/hook/cmake_prefix_path.dsv'
[1.418s] INFO:colcon.colcon_core.shell:Creating environment hook '/home/swarnava2/hunt_ws/src/install/clue_hunt_gazebo/share/clue_hunt_gazebo/hook/cmake_prefix_path.sh'
[1.419s] Level 1:colcon.colcon_core.environment:checking '/home/swarnava2/hunt_ws/src/install/clue_hunt_gazebo/bin'
[1.419s] Level 1:colcon.colcon_core.environment:checking '/home/swarnava2/hunt_ws/src/install/clue_hunt_gazebo/lib/pkgconfig/clue_hunt_gazebo.pc'
[1.419s] Level 1:colcon.colcon_core.environment:checking '/home/swarnava2/hunt_ws/src/install/clue_hunt_gazebo/lib/python3.10/site-packages'
[1.419s] Level 1:colcon.colcon_core.environment:checking '/home/swarnava2/hunt_ws/src/install/clue_hunt_gazebo/bin'
[1.420s] INFO:colcon.colcon_core.shell:Creating package script '/home/swarnava2/hunt_ws/src/install/clue_hunt_gazebo/share/clue_hunt_gazebo/package.ps1'
[1.420s] INFO:colcon.colcon_core.shell:Creating package descriptor '/home/swarnava2/hunt_ws/src/install/clue_hunt_gazebo/share/clue_hunt_gazebo/package.dsv'
[1.421s] INFO:colcon.colcon_core.shell:Creating package script '/home/swarnava2/hunt_ws/src/install/clue_hunt_gazebo/share/clue_hunt_gazebo/package.sh'
[1.421s] INFO:colcon.colcon_core.shell:Creating package script '/home/swarnava2/hunt_ws/src/install/clue_hunt_gazebo/share/clue_hunt_gazebo/package.bash'
[1.421s] INFO:colcon.colcon_core.shell:Creating package script '/home/swarnava2/hunt_ws/src/install/clue_hunt_gazebo/share/clue_hunt_gazebo/package.zsh'
[1.421s] Level 1:colcon.colcon_core.environment:create_file_with_runtime_dependencies(/home/swarnava2/hunt_ws/src/install/clue_hunt_gazebo/share/colcon-core/packages/clue_hunt_gazebo)
[1.422s] Level 1:colcon.colcon_core.environment:create_environment_scripts_only(clue_hunt_gazebo)
[1.422s] Level 1:colcon.colcon_core.environment:checking '/home/swarnava2/hunt_ws/src/install/clue_hunt_gazebo' for CMake module files
[1.423s] Level 1:colcon.colcon_core.environment:checking '/home/swarnava2/hunt_ws/src/install/clue_hunt_gazebo' for CMake config files
[1.423s] Level 1:colcon.colcon_core.shell:create_environment_hook('clue_hunt_gazebo', 'cmake_prefix_path')
[1.423s] INFO:colcon.colcon_core.shell:Creating environment hook '/home/swarnava2/hunt_ws/src/install/clue_hunt_gazebo/share/clue_hunt_gazebo/hook/cmake_prefix_path.ps1'
[1.424s] INFO:colcon.colcon_core.shell:Creating environment descriptor '/home/swarnava2/hunt_ws/src/install/clue_hunt_gazebo/share/clue_hunt_gazebo/hook/cmake_prefix_path.dsv'
[1.424s] INFO:colcon.colcon_core.shell:Creating environment hook '/home/swarnava2/hunt_ws/src/install/clue_hunt_gazebo/share/clue_hunt_gazebo/hook/cmake_prefix_path.sh'
[1.424s] Level 1:colcon.colcon_core.environment:checking '/home/swarnava2/hunt_ws/src/install/clue_hunt_gazebo/bin'
[1.424s] Level 1:colcon.colcon_core.environment:checking '/home/swarnava2/hunt_ws/src/install/clue_hunt_gazebo/lib/pkgconfig/clue_hunt_gazebo.pc'
[1.425s] Level 1:colcon.colcon_core.environment:checking '/home/swarnava2/hunt_ws/src/install/clue_hunt_gazebo/lib/python3.10/site-packages'
[1.425s] Level 1:colcon.colcon_core.environment:checking '/home/swarnava2/hunt_ws/src/install/clue_hunt_gazebo/bin'
[1.425s] INFO:colcon.colcon_core.shell:Creating package script '/home/swarnava2/hunt_ws/src/install/clue_hunt_gazebo/share/clue_hunt_gazebo/package.ps1'
[1.426s] INFO:colcon.colcon_core.shell:Creating package descriptor '/home/swarnava2/hunt_ws/src/install/clue_hunt_gazebo/share/clue_hunt_gazebo/package.dsv'
[1.426s] INFO:colcon.colcon_core.shell:Creating package script '/home/swarnava2/hunt_ws/src/install/clue_hunt_gazebo/share/clue_hunt_gazebo/package.sh'
[1.426s] INFO:colcon.colcon_core.shell:Creating package script '/home/swarnava2/hunt_ws/src/install/clue_hunt_gazebo/share/clue_hunt_gazebo/package.bash'
[1.427s] INFO:colcon.colcon_core.shell:Creating package script '/home/swarnava2/hunt_ws/src/install/clue_hunt_gazebo/share/clue_hunt_gazebo/package.zsh'
[1.427s] Level 1:colcon.colcon_core.environment:create_file_with_runtime_dependencies(/home/swarnava2/hunt_ws/src/install/clue_hunt_gazebo/share/colcon-core/packages/clue_hunt_gazebo)
[1.427s] INFO:colcon.colcon_ros.task.ament_cmake.build:Building ROS package in '/home/swarnava2/hunt_ws/src/clue_hunt_navigation' with build type 'ament_cmake'
[1.427s] INFO:colcon.colcon_cmake.task.cmake.build:Building CMake package in '/home/swarnava2/hunt_ws/src/clue_hunt_navigation'
[1.428s] INFO:colcon.colcon_core.shell:Skip shell extension 'powershell' for command environment: Not usable outside of PowerShell
[1.428s] DEBUG:colcon.colcon_core.shell:Skip shell extension 'dsv' for command environment
[1.436s] DEBUG:colcon.colcon_core.event_handler.log_command:Invoking command in '/home/swarnava2/hunt_ws/src/build/clue_hunt_navigation': AMENT_PREFIX_PATH=/home/swarnava2/hunt_ws/src/install/clue_hunt_gazebo:/home/swarnava2/hunt_ws/src/install/clue_hunt_description:${AMENT_PREFIX_PATH} CMAKE_PREFIX_PATH=/home/swarnava2/hunt_ws/src/install/clue_hunt_gazebo:/home/swarnava2/hunt_ws/src/install/clue_hunt_description:/home/swarnava2/hunt_ws/install/clue_hunt_navigation:/home/swarnava2/hunt_ws/install/clue_hunt_gazebo:/home/swarnava2/hunt_ws/install/clue_hunt_description:/home/swarnava2/cognipilot/cranium/install/synapse_ros:/home/swarnava2/cognipilot/cranium/install/synapse_gz:/home/swarnava2/cognipilot/cranium/install/synapse_tinyframe:/home/swarnava2/cognipilot/cranium/install/synapse_protobuf:/home/swarnava2/cognipilot/cranium/install/corti:/home/swarnava2/cognipilot/cranium/install/synapse_msgs:/home/swarnava2/cognipilot/cranium/install/dream_world:/home/swarnava2/cognipilot/cranium/install/cerebri_bringup:/home/swarnava2/cognipilot/cranium/install/b3rb_simulator:/home/swarnava2/cognipilot/cranium/install/b3rb_desktop:/home/swarnava2/cognipilot/cranium/install/b3rb_rviz:/home/swarnava2/cognipilot/cranium/install/b3rb_nav2:/home/swarnava2/cognipilot/cranium/install/b3rb_gz_resource:/home/swarnava2/cognipilot/cranium/install/b3rb_gz_bringup:/home/swarnava2/cognipilot/cranium/install/b3rb_description:/home/swarnava2/cognipilot/electrode/install/electrode:/home/swarnava2/hunt_ws/install/clue_hunt_solver:/home/swarnava2/cognipilot/cranium/install/b3rb_ros_line_follower:/opt/ros/humble /usr/bin/cmake /home/swarnava2/hunt_ws/src/clue_hunt_navigation -DCMAKE_INSTALL_PREFIX=/home/swarnava2/hunt_ws/src/install/clue_hunt_navigation
[1.980s] DEBUG:colcon.colcon_core.event_handler.log_command:Invoked command in '/home/swarnava2/hunt_ws/src/build/clue_hunt_navigation' returned '0': AMENT_PREFIX_PATH=/home/swarnava2/hunt_ws/src/install/clue_hunt_gazebo:/home/swarnava2/hunt_ws/src/install/clue_hunt_description:${AMENT_PREFIX_PATH} CMAKE_PREFIX_PATH=/home/swarnava2/hunt_ws/src/install/clue_hunt_gazebo:/home/swarnava2/hunt_ws/src/install/clue_hunt_description:/home/swarnava2/hunt_ws/install/clue_hunt_navigation:/home/swarnava2/hunt_ws/install/clue_hunt_gazebo:/home/swarnava2/hunt_ws/install/clue_hunt_description:/home/swarnava2/cognipilot/cranium/install/synapse_ros:/home/swarnava2/cognipilot/cranium/install/synapse_gz:/home/swarnava2/cognipilot/cranium/install/synapse_tinyframe:/home/swarnava2/cognipilot/cranium/install/synapse_protobuf:/home/swarnava2/cognipilot/cranium/install/corti:/home/swarnava2/cognipilot/cranium/install/synapse_msgs:/home/swarnava2/cognipilot/cranium/install/dream_world:/home/swarnava2/cognipilot/cranium/install/cerebri_bringup:/home/swarnava2/cognipilot/cranium/install/b3rb_simulator:/home/swarnava2/cognipilot/cranium/install/b3rb_desktop:/home/swarnava2/cognipilot/cranium/install/b3rb_rviz:/home/swarnava2/cognipilot/cranium/install/b3rb_nav2:/home/swarnava2/cognipilot/cranium/install/b3rb_gz_resource:/home/swarnava2/cognipilot/cranium/install/b3rb_gz_bringup:/home/swarnava2/cognipilot/cranium/install/b3rb_description:/home/swarnava2/cognipilot/electrode/install/electrode:/home/swarnava2/hunt_ws/install/clue_hunt_solver:/home/swarnava2/cognipilot/cranium/install/b3rb_ros_line_follower:/opt/ros/humble /usr/bin/cmake /home/swarnava2/hunt_ws/src/clue_hunt_navigation -DCMAKE_INSTALL_PREFIX=/home/swarnava2/hunt_ws/src/install/clue_hunt_navigation
[1.980s] DEBUG:colcon.colcon_core.event_handler.log_command:Invoking command in '/home/swarnava2/hunt_ws/src/build/clue_hunt_navigation': AMENT_PREFIX_PATH=/home/swarnava2/hunt_ws/src/install/clue_hunt_gazebo:/home/swarnava2/hunt_ws/src/install/clue_hunt_description:${AMENT_PREFIX_PATH} CMAKE_PREFIX_PATH=/home/swarnava2/hunt_ws/src/install/clue_hunt_gazebo:/home/swarnava2/hunt_ws/src/install/clue_hunt_description:/home/swarnava2/hunt_ws/install/clue_hunt_navigation:/home/swarnava2/hunt_ws/install/clue_hunt_gazebo:/home/swarnava2/hunt_ws/install/clue_hunt_description:/home/swarnava2/cognipilot/cranium/install/synapse_ros:/home/swarnava2/cognipilot/cranium/install/synapse_gz:/home/swarnava2/cognipilot/cranium/install/synapse_tinyframe:/home/swarnava2/cognipilot/cranium/install/synapse_protobuf:/home/swarnava2/cognipilot/cranium/install/corti:/home/swarnava2/cognipilot/cranium/install/synapse_msgs:/home/swarnava2/cognipilot/cranium/install/dream_world:/home/swarnava2/cognipilot/cranium/install/cerebri_bringup:/home/swarnava2/cognipilot/cranium/install/b3rb_simulator:/home/swarnava2/cognipilot/cranium/install/b3rb_desktop:/home/swarnava2/cognipilot/cranium/install/b3rb_rviz:/home/swarnava2/cognipilot/cranium/install/b3rb_nav2:/home/swarnava2/cognipilot/cranium/install/b3rb_gz_resource:/home/swarnava2/cognipilot/cranium/install/b3rb_gz_bringup:/home/swarnava2/cognipilot/cranium/install/b3rb_description:/home/swarnava2/cognipilot/electrode/install/electrode:/home/swarnava2/hunt_ws/install/clue_hunt_solver:/home/swarnava2/cognipilot/cranium/install/b3rb_ros_line_follower:/opt/ros/humble /usr/bin/cmake --build /home/swarnava2/hunt_ws/src/build/clue_hunt_navigation -- -j16 -l16
[2.014s] DEBUG:colcon.colcon_core.event_handler.log_command:Invoked command in '/home/swarnava2/hunt_ws/src/build/clue_hunt_navigation' returned '0': AMENT_PREFIX_PATH=/home/swarnava2/hunt_ws/src/install/clue_hunt_gazebo:/home/swarnava2/hunt_ws/src/install/clue_hunt_description:${AMENT_PREFIX_PATH} CMAKE_PREFIX_PATH=/home/swarnava2/hunt_ws/src/install/clue_hunt_gazebo:/home/swarnava2/hunt_ws/src/install/clue_hunt_description:/home/swarnava2/hunt_ws/install/clue_hunt_navigation:/home/swarnava2/hunt_ws/install/clue_hunt_gazebo:/home/swarnava2/hunt_ws/install/clue_hunt_description:/home/swarnava2/cognipilot/cranium/install/synapse_ros:/home/swarnava2/cognipilot/cranium/install/synapse_gz:/home/swarnava2/cognipilot/cranium/install/synapse_tinyframe:/home/swarnava2/cognipilot/cranium/install/synapse_protobuf:/home/swarnava2/cognipilot/cranium/install/corti:/home/swarnava2/cognipilot/cranium/install/synapse_msgs:/home/swarnava2/cognipilot/cranium/install/dream_world:/home/swarnava2/cognipilot/cranium/install/cerebri_bringup:/home/swarnava2/cognipilot/cranium/install/b3rb_simulator:/home/swarnava2/cognipilot/cranium/install/b3rb_desktop:/home/swarnava2/cognipilot/cranium/install/b3rb_rviz:/home/swarnava2/cognipilot/cranium/install/b3rb_nav2:/home/swarnava2/cognipilot/cranium/install/b3rb_gz_resource:/home/swarnava2/cognipilot/cranium/install/b3rb_gz_bringup:/home/swarnava2/cognipilot/cranium/install/b3rb_description:/home/swarnava2/cognipilot/electrode/install/electrode:/home/swarnava2/hunt_ws/install/clue_hunt_solver:/home/swarnava2/cognipilot/cranium/install/b3rb_ros_line_follower:/opt/ros/humble /usr/bin/cmake --build /home/swarnava2/hunt_ws/src/build/clue_hunt_navigation -- -j16 -l16
[2.015s] DEBUG:colcon.colcon_core.event_handler.log_command:Invoking command in '/home/swarnava2/hunt_ws/src/build/clue_hunt_navigation': AMENT_PREFIX_PATH=/home/swarnava2/hunt_ws/src/install/clue_hunt_gazebo:/home/swarnava2/hunt_ws/src/install/clue_hunt_description:${AMENT_PREFIX_PATH} CMAKE_PREFIX_PATH=/home/swarnava2/hunt_ws/src/install/clue_hunt_gazebo:/home/swarnava2/hunt_ws/src/install/clue_hunt_description:/home/swarnava2/hunt_ws/install/clue_hunt_navigation:/home/swarnava2/hunt_ws/install/clue_hunt_gazebo:/home/swarnava2/hunt_ws/install/clue_hunt_description:/home/swarnava2/cognipilot/cranium/install/synapse_ros:/home/swarnava2/cognipilot/cranium/install/synapse_gz:/home/swarnava2/cognipilot/cranium/install/synapse_tinyframe:/home/swarnava2/cognipilot/cranium/install/synapse_protobuf:/home/swarnava2/cognipilot/cranium/install/corti:/home/swarnava2/cognipilot/cranium/install/synapse_msgs:/home/swarnava2/cognipilot/cranium/install/dream_world:/home/swarnava2/cognipilot/cranium/install/cerebri_bringup:/home/swarnava2/cognipilot/cranium/install/b3rb_simulator:/home/swarnava2/cognipilot/cranium/install/b3rb_desktop:/home/swarnava2/cognipilot/cranium/install/b3rb_rviz:/home/swarnava2/cognipilot/cranium/install/b3rb_nav2:/home/swarnava2/cognipilot/cranium/install/b3rb_gz_resource:/home/swarnava2/cognipilot/cranium/install/b3rb_gz_bringup:/home/swarnava2/cognipilot/cranium/install/b3rb_description:/home/swarnava2/cognipilot/electrode/install/electrode:/home/swarnava2/hunt_ws/install/clue_hunt_solver:/home/swarnava2/cognipilot/cranium/install/b3rb_ros_line_follower:/opt/ros/humble /usr/bin/cmake --install /home/swarnava2/hunt_ws/src/build/clue_hunt_navigation
[2.024s] Level 1:colcon.colcon_core.environment:create_environment_scripts_only(clue_hunt_navigation)
[2.024s] DEBUG:colcon.colcon_core.event_handler.log_command:Invoked command in '/home/swarnava2/hunt_ws/src/build/clue_hunt_navigation' returned '0': AMENT_PREFIX_PATH=/home/swarnava2/hunt_ws/src/install/clue_hunt_gazebo:/home/swarnava2/hunt_ws/src/install/clue_hunt_description:${AMENT_PREFIX_PATH} CMAKE_PREFIX_PATH=/home/swarnava2/hunt_ws/src/install/clue_hunt_gazebo:/home/swarnava2/hunt_ws/src/install/clue_hunt_description:/home/swarnava2/hunt_ws/install/clue_hunt_navigation:/home/swarnava2/hunt_ws/install/clue_hunt_gazebo:/home/swarnava2/hunt_ws/install/clue_hunt_description:/home/swarnava2/cognipilot/cranium/install/synapse_ros:/home/swarnava2/cognipilot/cranium/install/synapse_gz:/home/swarnava2/cognipilot/cranium/install/synapse_tinyframe:/home/swarnava2/cognipilot/cranium/install/synapse_protobuf:/home/swarnava2/cognipilot/cranium/install/corti:/home/swarnava2/cognipilot/cranium/install/synapse_msgs:/home/swarnava2/cognipilot/cranium/install/dream_world:/home/swarnava2/cognipilot/cranium/install/cerebri_bringup:/home/swarnava2/cognipilot/cranium/install/b3rb_simulator:/home/swarnava2/cognipilot/cranium/install/b3rb_desktop:/home/swarnava2/cognipilot/cranium/install/b3rb_rviz:/home/swarnava2/cognipilot/cranium/install/b3rb_nav2:/home/swarnava2/cognipilot/cranium/install/b3rb_gz_resource:/home/swarnava2/cognipilot/cranium/install/b3rb_gz_bringup:/home/swarnava2/cognipilot/cranium/install/b3rb_description:/home/swarnava2/cognipilot/electrode/install/electrode:/home/swarnava2/hunt_ws/install/clue_hunt_solver:/home/swarnava2/cognipilot/cranium/install/b3rb_ros_line_follower:/opt/ros/humble /usr/bin/cmake --install /home/swarnava2/hunt_ws/src/build/clue_hunt_navigation
[2.025s] Level 1:colcon.colcon_core.environment:checking '/home/swarnava2/hunt_ws/src/install/clue_hunt_navigation' for CMake module files
[2.025s] Level 1:colcon.colcon_core.environment:checking '/home/swarnava2/hunt_ws/src/install/clue_hunt_navigation' for CMake config files
[2.026s] Level 1:colcon.colcon_core.shell:create_environment_hook('clue_hunt_navigation', 'cmake_prefix_path')
[2.026s] INFO:colcon.colcon_core.shell:Creating environment hook '/home/swarnava2/hunt_ws/src/install/clue_hunt_navigation/share/clue_hunt_navigation/hook/cmake_prefix_path.ps1'
[2.026s] INFO:colcon.colcon_core.shell:Creating environment descriptor '/home/swarnava2/hunt_ws/src/install/clue_hunt_navigation/share/clue_hunt_navigation/hook/cmake_prefix_path.dsv'
[2.027s] INFO:colcon.colcon_core.shell:Creating environment hook '/home/swarnava2/hunt_ws/src/install/clue_hunt_navigation/share/clue_hunt_navigation/hook/cmake_prefix_path.sh'
[2.027s] Level 1:colcon.colcon_core.environment:checking '/home/swarnava2/hunt_ws/src/install/clue_hunt_navigation/bin'
[2.027s] Level 1:colcon.colcon_core.environment:checking '/home/swarnava2/hunt_ws/src/install/clue_hunt_navigation/lib/pkgconfig/clue_hunt_navigation.pc'
[2.027s] Level 1:colcon.colcon_core.environment:checking '/home/swarnava2/hunt_ws/src/install/clue_hunt_navigation/lib/python3.10/site-packages'
[2.028s] Level 1:colcon.colcon_core.environment:checking '/home/swarnava2/hunt_ws/src/install/clue_hunt_navigation/bin'
[2.028s] INFO:colcon.colcon_core.shell:Creating package script '/home/swarnava2/hunt_ws/src/install/clue_hunt_navigation/share/clue_hunt_navigation/package.ps1'
[2.029s] INFO:colcon.colcon_core.shell:Creating package descriptor '/home/swarnava2/hunt_ws/src/install/clue_hunt_navigation/share/clue_hunt_navigation/package.dsv'
[2.029s] INFO:colcon.colcon_core.shell:Creating package script '/home/swarnava2/hunt_ws/src/install/clue_hunt_navigation/share/clue_hunt_navigation/package.sh'
[2.030s] INFO:colcon.colcon_core.shell:Creating package script '/home/swarnava2/hunt_ws/src/install/clue_hunt_navigation/share/clue_hunt_navigation/package.bash'
[2.030s] INFO:colcon.colcon_core.shell:Creating package script '/home/swarnava2/hunt_ws/src/install/clue_hunt_navigation/share/clue_hunt_navigation/package.zsh'
[2.030s] Level 1:colcon.colcon_core.environment:create_file_with_runtime_dependencies(/home/swarnava2/hunt_ws/src/install/clue_hunt_navigation/share/colcon-core/packages/clue_hunt_navigation)
[2.031s] Level 1:colcon.colcon_core.environment:create_environment_scripts_only(clue_hunt_navigation)
[2.031s] Level 1:colcon.colcon_core.environment:checking '/home/swarnava2/hunt_ws/src/install/clue_hunt_navigation' for CMake module files
[2.032s] Level 1:colcon.colcon_core.environment:checking '/home/swarnava2/hunt_ws/src/install/clue_hunt_navigation' for CMake config files
[2.032s] Level 1:colcon.colcon_core.shell:create_environment_hook('clue_hunt_navigation', 'cmake_prefix_path')
[2.032s] INFO:colcon.colcon_core.shell:Creating environment hook '/home/swarnava2/hunt_ws/src/install/clue_hunt_navigation/share/clue_hunt_navigation/hook/cmake_prefix_path.ps1'
[2.032s] INFO:colcon.colcon_core.shell:Creating environment descriptor '/home/swarnava2/hunt_ws/src/install/clue_hunt_navigation/share/clue_hunt_navigation/hook/cmake_prefix_path.dsv'
[2.033s] INFO:colcon.colcon_core.shell:Creating environment hook '/home/swarnava2/hunt_ws/src/install/clue_hunt_navigation/share/clue_hunt_navigation/hook/cmake_prefix_path.sh'
[2.033s] Level 1:colcon.colcon_core.environment:checking '/home/swarnava2/hunt_ws/src/install/clue_hunt_navigation/bin'
[2.033s] Level 1:colcon.colcon_core.environment:checking '/home/swarnava2/hunt_ws/src/install/clue_hunt_navigation/lib/pkgconfig/clue_hunt_navigation.pc'
[2.033s] Level 1:colcon.colcon_core.environment:checking '/home/swarnava2/hunt_ws/src/install/clue_hunt_navigation/lib/python3.10/site-packages'
[2.034s] Level 1:colcon.colcon_core.environment:checking '/home/swarnava2/hunt_ws/src/install/clue_hunt_navigation/bin'
[2.034s] INFO:colcon.colcon_core.shell:Creating package script '/home/swarnava2/hunt_ws/src/install/clue_hunt_navigation/share/clue_hunt_navigation/package.ps1'
[2.034s] INFO:colcon.colcon_core.shell:Creating package descriptor '/home/swarnava2/hunt_ws/src/install/clue_hunt_navigation/share/clue_hunt_navigation/package.dsv'
[2.035s] INFO:colcon.colcon_core.shell:Creating package script '/home/swarnava2/hunt_ws/src/install/clue_hunt_navigation/share/clue_hunt_navigation/package.sh'
[2.035s] INFO:colcon.colcon_core.shell:Creating package script '/home/swarnava2/hunt_ws/src/install/clue_hunt_navigation/share/clue_hunt_navigation/package.bash'
[2.035s] INFO:colcon.colcon_core.shell:Creating package script '/home/swarnava2/hunt_ws/src/install/clue_hunt_navigation/share/clue_hunt_navigation/package.zsh'
[2.035s] Level 1:colcon.colcon_core.environment:create_file_with_runtime_dependencies(/home/swarnava2/hunt_ws/src/install/clue_hunt_navigation/share/colcon-core/packages/clue_hunt_navigation)
[2.036s] DEBUG:colcon.colcon_parallel_executor.executor.parallel:closing loop
[2.036s] DEBUG:colcon.colcon_parallel_executor.executor.parallel:loop closed
[2.036s] DEBUG:colcon.colcon_parallel_executor.executor.parallel:run_until_complete finished with '0'
[2.036s] DEBUG:colcon.colcon_core.event_reactor:joining thread
[2.040s] INFO:colcon.colcon_core.plugin_system:Skipping extension 'colcon_notification.desktop_notification.terminal_notifier': Not used on non-Darwin systems
[2.040s] INFO:colcon.colcon_core.plugin_system:Skipping extension 'colcon_notification.desktop_notification.win32': Not used on non-Windows systems
[2.040s] INFO:colcon.colcon_notification.desktop_notification:Sending desktop notification using 'notify2'
[2.050s] DEBUG:colcon.colcon_core.event_reactor:joined thread
[2.050s] INFO:colcon.colcon_core.shell:Creating prefix script '/home/swarnava2/hunt_ws/src/install/local_setup.ps1'
[2.051s] INFO:colcon.colcon_core.shell:Creating prefix util module '/home/swarnava2/hunt_ws/src/install/_local_setup_util_ps1.py'
[2.051s] INFO:colcon.colcon_core.shell:Creating prefix chain script '/home/swarnava2/hunt_ws/src/install/setup.ps1'
[2.053s] INFO:colcon.colcon_core.shell:Creating prefix script '/home/swarnava2/hunt_ws/src/install/local_setup.sh'
[2.053s] INFO:colcon.colcon_core.shell:Creating prefix util module '/home/swarnava2/hunt_ws/src/install/_local_setup_util_sh.py'
[2.054s] INFO:colcon.colcon_core.shell:Creating prefix chain script '/home/swarnava2/hunt_ws/src/install/setup.sh'
[2.055s] INFO:colcon.colcon_core.shell:Creating prefix script '/home/swarnava2/hunt_ws/src/install/local_setup.bash'
[2.055s] INFO:colcon.colcon_core.shell:Creating prefix chain script '/home/swarnava2/hunt_ws/src/install/setup.bash'
[2.056s] INFO:colcon.colcon_core.shell:Creating prefix script '/home/swarnava2/hunt_ws/src/install/local_setup.zsh'
[2.056s] INFO:colcon.colcon_core.shell:Creating prefix chain script '/home/swarnava2/hunt_ws/src/install/setup.zsh'
