-- Found ament_cmake: 1.3.14 (/opt/ros/humble/share/ament_cmake/cmake)
-- Override CMake install command with custom implementation using symlinks instead of copying resources
-- Configuring done
-- Generating done
-- Build files have been written to: /home/swarnava2/hunt_ws/build/clue_hunt_description
-- Install configuration: ""
-- Execute custom install script
-- Up-to-date symlink: /home/swarnava2/hunt_ws/install/clue_hunt_description/share/clue_hunt_description/urdf/gazebo.xacro
-- Up-to-date symlink: /home/swarnava2/hunt_ws/install/clue_hunt_description/share/clue_hunt_description/urdf/inertial_macros.xacro
-- Up-to-date symlink: /home/swarnava2/hunt_ws/install/clue_hunt_description/share/clue_hunt_description/urdf/robot.urdf.xacro
-- Up-to-date symlink: /home/swarnava2/hunt_ws/install/clue_hunt_description/share/clue_hunt_description/meshes/leader_tag.mtl
-- Up-to-date symlink: /home/swarnava2/hunt_ws/install/clue_hunt_description/share/clue_hunt_description/meshes/leader_tag.obj
-- Up-to-date symlink: /home/swarnava2/hunt_ws/install/clue_hunt_description/share/clue_hunt_description/meshes/leader_tag.png
-- Up-to-date symlink: /home/swarnava2/hunt_ws/install/clue_hunt_description/share/clue_hunt_description/launch/rsp.launch.py
-- Up-to-date symlink: /home/swarnava2/hunt_ws/install/clue_hunt_description/share/ament_index/resource_index/package_run_dependencies/clue_hunt_description
-- Up-to-date symlink: /home/swarnava2/hunt_ws/install/clue_hunt_description/share/ament_index/resource_index/parent_prefix_path/clue_hunt_description
-- Up-to-date symlink: /home/swarnava2/hunt_ws/install/clue_hunt_description/share/clue_hunt_description/environment/ament_prefix_path.sh
-- Up-to-date symlink: /home/swarnava2/hunt_ws/install/clue_hunt_description/share/clue_hunt_description/environment/ament_prefix_path.dsv
-- Up-to-date symlink: /home/swarnava2/hunt_ws/install/clue_hunt_description/share/clue_hunt_description/environment/path.sh
-- Up-to-date symlink: /home/swarnava2/hunt_ws/install/clue_hunt_description/share/clue_hunt_description/environment/path.dsv
-- Up-to-date symlink: /home/swarnava2/hunt_ws/install/clue_hunt_description/share/clue_hunt_description/local_setup.bash
-- Up-to-date symlink: /home/swarnava2/hunt_ws/install/clue_hunt_description/share/clue_hunt_description/local_setup.sh
-- Up-to-date symlink: /home/swarnava2/hunt_ws/install/clue_hunt_description/share/clue_hunt_description/local_setup.zsh
-- Up-to-date symlink: /home/swarnava2/hunt_ws/install/clue_hunt_description/share/clue_hunt_description/local_setup.dsv
-- Symlinking: /home/swarnava2/hunt_ws/install/clue_hunt_description/share/clue_hunt_description/package.dsv
-- Up-to-date symlink: /home/swarnava2/hunt_ws/install/clue_hunt_description/share/ament_index/resource_index/packages/clue_hunt_description
-- Up-to-date symlink: /home/swarnava2/hunt_ws/install/clue_hunt_description/share/clue_hunt_description/cmake/clue_hunt_descriptionConfig.cmake
-- Up-to-date symlink: /home/swarnava2/hunt_ws/install/clue_hunt_description/share/clue_hunt_description/cmake/clue_hunt_descriptionConfig-version.cmake
-- Up-to-date symlink: /home/swarnava2/hunt_ws/install/clue_hunt_description/share/clue_hunt_description/package.xml
