[0.007s] Invoking command in '/home/swarnava2/hunt_ws/src/build/clue_hunt_gazebo': AMENT_PREFIX_PATH=/home/swarnava2/hunt_ws/src/install/clue_hunt_description:${AMENT_PREFIX_PATH} CMAKE_PREFIX_PATH=/home/swarnava2/hunt_ws/src/install/clue_hunt_description:/home/swarnava2/hunt_ws/install/clue_hunt_navigation:/home/swarnava2/hunt_ws/install/clue_hunt_gazebo:/home/swarnava2/hunt_ws/install/clue_hunt_description:/home/swarnava2/cognipilot/cranium/install/synapse_ros:/home/swarnava2/cognipilot/cranium/install/synapse_gz:/home/swarnava2/cognipilot/cranium/install/synapse_tinyframe:/home/swarnava2/cognipilot/cranium/install/synapse_protobuf:/home/swarnava2/cognipilot/cranium/install/corti:/home/swarnava2/cognipilot/cranium/install/synapse_msgs:/home/swarnava2/cognipilot/cranium/install/dream_world:/home/swarnava2/cognipilot/cranium/install/cerebri_bringup:/home/swarnava2/cognipilot/cranium/install/b3rb_simulator:/home/swarnava2/cognipilot/cranium/install/b3rb_desktop:/home/swarnava2/cognipilot/cranium/install/b3rb_rviz:/home/swarnava2/cognipilot/cranium/install/b3rb_nav2:/home/swarnava2/cognipilot/cranium/install/b3rb_gz_resource:/home/swarnava2/cognipilot/cranium/install/b3rb_gz_bringup:/home/swarnava2/cognipilot/cranium/install/b3rb_description:/home/swarnava2/cognipilot/electrode/install/electrode:/home/swarnava2/hunt_ws/install/clue_hunt_solver:/home/swarnava2/cognipilot/cranium/install/b3rb_ros_line_follower:/opt/ros/humble /usr/bin/cmake /home/swarnava2/hunt_ws/src/clue_hunt_gazebo -DCMAKE_INSTALL_PREFIX=/home/swarnava2/hunt_ws/src/install/clue_hunt_gazebo
[0.052s] -- The C compiler identification is GNU 11.4.0
[0.096s] -- The CXX compiler identification is GNU 11.4.0
[0.102s] -- Detecting C compiler ABI info
[0.158s] -- Detecting C compiler ABI info - done
[0.163s] -- Check for working C compiler: /usr/bin/cc - skipped
[0.163s] -- Detecting C compile features
[0.164s] -- Detecting C compile features - done
[0.166s] -- Detecting CXX compiler ABI info
[0.237s] -- Detecting CXX compiler ABI info - done
[0.245s] -- Check for working CXX compiler: /usr/bin/c++ - skipped
[0.245s] -- Detecting CXX compile features
[0.246s] -- Detecting CXX compile features - done
[0.249s] -- Found ament_cmake: 1.3.14 (/opt/ros/humble/share/ament_cmake/cmake)
[0.397s] -- Found Python3: /usr/bin/python3 (found version "3.10.12") found components: Interpreter 
[0.527s] -- Configuring done
[0.529s] -- Generating done
[0.530s] -- Build files have been written to: /home/swarnava2/hunt_ws/src/build/clue_hunt_gazebo
[0.533s] Invoked command in '/home/swarnava2/hunt_ws/src/build/clue_hunt_gazebo' returned '0': AMENT_PREFIX_PATH=/home/swarnava2/hunt_ws/src/install/clue_hunt_description:${AMENT_PREFIX_PATH} CMAKE_PREFIX_PATH=/home/swarnava2/hunt_ws/src/install/clue_hunt_description:/home/swarnava2/hunt_ws/install/clue_hunt_navigation:/home/swarnava2/hunt_ws/install/clue_hunt_gazebo:/home/swarnava2/hunt_ws/install/clue_hunt_description:/home/swarnava2/cognipilot/cranium/install/synapse_ros:/home/swarnava2/cognipilot/cranium/install/synapse_gz:/home/swarnava2/cognipilot/cranium/install/synapse_tinyframe:/home/swarnava2/cognipilot/cranium/install/synapse_protobuf:/home/swarnava2/cognipilot/cranium/install/corti:/home/swarnava2/cognipilot/cranium/install/synapse_msgs:/home/swarnava2/cognipilot/cranium/install/dream_world:/home/swarnava2/cognipilot/cranium/install/cerebri_bringup:/home/swarnava2/cognipilot/cranium/install/b3rb_simulator:/home/swarnava2/cognipilot/cranium/install/b3rb_desktop:/home/swarnava2/cognipilot/cranium/install/b3rb_rviz:/home/swarnava2/cognipilot/cranium/install/b3rb_nav2:/home/swarnava2/cognipilot/cranium/install/b3rb_gz_resource:/home/swarnava2/cognipilot/cranium/install/b3rb_gz_bringup:/home/swarnava2/cognipilot/cranium/install/b3rb_description:/home/swarnava2/cognipilot/electrode/install/electrode:/home/swarnava2/hunt_ws/install/clue_hunt_solver:/home/swarnava2/cognipilot/cranium/install/b3rb_ros_line_follower:/opt/ros/humble /usr/bin/cmake /home/swarnava2/hunt_ws/src/clue_hunt_gazebo -DCMAKE_INSTALL_PREFIX=/home/swarnava2/hunt_ws/src/install/clue_hunt_gazebo
[0.534s] Invoking command in '/home/swarnava2/hunt_ws/src/build/clue_hunt_gazebo': AMENT_PREFIX_PATH=/home/swarnava2/hunt_ws/src/install/clue_hunt_description:${AMENT_PREFIX_PATH} CMAKE_PREFIX_PATH=/home/swarnava2/hunt_ws/src/install/clue_hunt_description:/home/swarnava2/hunt_ws/install/clue_hunt_navigation:/home/swarnava2/hunt_ws/install/clue_hunt_gazebo:/home/swarnava2/hunt_ws/install/clue_hunt_description:/home/swarnava2/cognipilot/cranium/install/synapse_ros:/home/swarnava2/cognipilot/cranium/install/synapse_gz:/home/swarnava2/cognipilot/cranium/install/synapse_tinyframe:/home/swarnava2/cognipilot/cranium/install/synapse_protobuf:/home/swarnava2/cognipilot/cranium/install/corti:/home/swarnava2/cognipilot/cranium/install/synapse_msgs:/home/swarnava2/cognipilot/cranium/install/dream_world:/home/swarnava2/cognipilot/cranium/install/cerebri_bringup:/home/swarnava2/cognipilot/cranium/install/b3rb_simulator:/home/swarnava2/cognipilot/cranium/install/b3rb_desktop:/home/swarnava2/cognipilot/cranium/install/b3rb_rviz:/home/swarnava2/cognipilot/cranium/install/b3rb_nav2:/home/swarnava2/cognipilot/cranium/install/b3rb_gz_resource:/home/swarnava2/cognipilot/cranium/install/b3rb_gz_bringup:/home/swarnava2/cognipilot/cranium/install/b3rb_description:/home/swarnava2/cognipilot/electrode/install/electrode:/home/swarnava2/hunt_ws/install/clue_hunt_solver:/home/swarnava2/cognipilot/cranium/install/b3rb_ros_line_follower:/opt/ros/humble /usr/bin/cmake --build /home/swarnava2/hunt_ws/src/build/clue_hunt_gazebo -- -j16 -l16
[0.570s] Invoked command in '/home/swarnava2/hunt_ws/src/build/clue_hunt_gazebo' returned '0': AMENT_PREFIX_PATH=/home/swarnava2/hunt_ws/src/install/clue_hunt_description:${AMENT_PREFIX_PATH} CMAKE_PREFIX_PATH=/home/swarnava2/hunt_ws/src/install/clue_hunt_description:/home/swarnava2/hunt_ws/install/clue_hunt_navigation:/home/swarnava2/hunt_ws/install/clue_hunt_gazebo:/home/swarnava2/hunt_ws/install/clue_hunt_description:/home/swarnava2/cognipilot/cranium/install/synapse_ros:/home/swarnava2/cognipilot/cranium/install/synapse_gz:/home/swarnava2/cognipilot/cranium/install/synapse_tinyframe:/home/swarnava2/cognipilot/cranium/install/synapse_protobuf:/home/swarnava2/cognipilot/cranium/install/corti:/home/swarnava2/cognipilot/cranium/install/synapse_msgs:/home/swarnava2/cognipilot/cranium/install/dream_world:/home/swarnava2/cognipilot/cranium/install/cerebri_bringup:/home/swarnava2/cognipilot/cranium/install/b3rb_simulator:/home/swarnava2/cognipilot/cranium/install/b3rb_desktop:/home/swarnava2/cognipilot/cranium/install/b3rb_rviz:/home/swarnava2/cognipilot/cranium/install/b3rb_nav2:/home/swarnava2/cognipilot/cranium/install/b3rb_gz_resource:/home/swarnava2/cognipilot/cranium/install/b3rb_gz_bringup:/home/swarnava2/cognipilot/cranium/install/b3rb_description:/home/swarnava2/cognipilot/electrode/install/electrode:/home/swarnava2/hunt_ws/install/clue_hunt_solver:/home/swarnava2/cognipilot/cranium/install/b3rb_ros_line_follower:/opt/ros/humble /usr/bin/cmake --build /home/swarnava2/hunt_ws/src/build/clue_hunt_gazebo -- -j16 -l16
[0.571s] Invoking command in '/home/swarnava2/hunt_ws/src/build/clue_hunt_gazebo': AMENT_PREFIX_PATH=/home/swarnava2/hunt_ws/src/install/clue_hunt_description:${AMENT_PREFIX_PATH} CMAKE_PREFIX_PATH=/home/swarnava2/hunt_ws/src/install/clue_hunt_description:/home/swarnava2/hunt_ws/install/clue_hunt_navigation:/home/swarnava2/hunt_ws/install/clue_hunt_gazebo:/home/swarnava2/hunt_ws/install/clue_hunt_description:/home/swarnava2/cognipilot/cranium/install/synapse_ros:/home/swarnava2/cognipilot/cranium/install/synapse_gz:/home/swarnava2/cognipilot/cranium/install/synapse_tinyframe:/home/swarnava2/cognipilot/cranium/install/synapse_protobuf:/home/swarnava2/cognipilot/cranium/install/corti:/home/swarnava2/cognipilot/cranium/install/synapse_msgs:/home/swarnava2/cognipilot/cranium/install/dream_world:/home/swarnava2/cognipilot/cranium/install/cerebri_bringup:/home/swarnava2/cognipilot/cranium/install/b3rb_simulator:/home/swarnava2/cognipilot/cranium/install/b3rb_desktop:/home/swarnava2/cognipilot/cranium/install/b3rb_rviz:/home/swarnava2/cognipilot/cranium/install/b3rb_nav2:/home/swarnava2/cognipilot/cranium/install/b3rb_gz_resource:/home/swarnava2/cognipilot/cranium/install/b3rb_gz_bringup:/home/swarnava2/cognipilot/cranium/install/b3rb_description:/home/swarnava2/cognipilot/electrode/install/electrode:/home/swarnava2/hunt_ws/install/clue_hunt_solver:/home/swarnava2/cognipilot/cranium/install/b3rb_ros_line_follower:/opt/ros/humble /usr/bin/cmake --install /home/swarnava2/hunt_ws/src/build/clue_hunt_gazebo
[0.578s] -- Install configuration: ""
[0.578s] -- Installing: /home/swarnava2/hunt_ws/src/install/clue_hunt_gazebo/share/clue_hunt_gazebo/launch
[0.579s] -- Installing: /home/swarnava2/hunt_ws/src/install/clue_hunt_gazebo/share/clue_hunt_gazebo/launch/sim.launch.py
[0.579s] -- Installing: /home/swarnava2/hunt_ws/src/install/clue_hunt_gazebo/share/clue_hunt_gazebo/worlds
[0.579s] -- Installing: /home/swarnava2/hunt_ws/src/install/clue_hunt_gazebo/share/clue_hunt_gazebo/worlds/practice.sdf
[0.579s] -- Installing: /home/swarnava2/hunt_ws/src/install/clue_hunt_gazebo/share/clue_hunt_gazebo/models
[0.579s] -- Installing: /home/swarnava2/hunt_ws/src/install/clue_hunt_gazebo/share/clue_hunt_gazebo/models/board_practice_x4
[0.579s] -- Installing: /home/swarnava2/hunt_ws/src/install/clue_hunt_gazebo/share/clue_hunt_gazebo/models/board_practice_x4/model.config
[0.579s] -- Installing: /home/swarnava2/hunt_ws/src/install/clue_hunt_gazebo/share/clue_hunt_gazebo/models/board_practice_x4/model.sdf
[0.579s] -- Installing: /home/swarnava2/hunt_ws/src/install/clue_hunt_gazebo/share/clue_hunt_gazebo/models/board_practice_x4/meshes
[0.579s] -- Installing: /home/swarnava2/hunt_ws/src/install/clue_hunt_gazebo/share/clue_hunt_gazebo/models/board_practice_x4/meshes/board_practice_x4.mtl
[0.579s] -- Installing: /home/swarnava2/hunt_ws/src/install/clue_hunt_gazebo/share/clue_hunt_gazebo/models/board_practice_x4/meshes/board_practice_x4.png
[0.579s] -- Installing: /home/swarnava2/hunt_ws/src/install/clue_hunt_gazebo/share/clue_hunt_gazebo/models/board_practice_x4/meshes/board_practice_x4.obj
[0.579s] -- Installing: /home/swarnava2/hunt_ws/src/install/clue_hunt_gazebo/share/clue_hunt_gazebo/models/board_practice_d7
[0.579s] -- Installing: /home/swarnava2/hunt_ws/src/install/clue_hunt_gazebo/share/clue_hunt_gazebo/models/board_practice_d7/model.config
[0.579s] -- Installing: /home/swarnava2/hunt_ws/src/install/clue_hunt_gazebo/share/clue_hunt_gazebo/models/board_practice_d7/model.sdf
[0.580s] -- Installing: /home/swarnava2/hunt_ws/src/install/clue_hunt_gazebo/share/clue_hunt_gazebo/models/board_practice_d7/meshes
[0.580s] -- Installing: /home/swarnava2/hunt_ws/src/install/clue_hunt_gazebo/share/clue_hunt_gazebo/models/board_practice_d7/meshes/board_practice_d7.mtl
[0.580s] -- Installing: /home/swarnava2/hunt_ws/src/install/clue_hunt_gazebo/share/clue_hunt_gazebo/models/board_practice_d7/meshes/board_practice_d7.obj
[0.580s] -- Installing: /home/swarnava2/hunt_ws/src/install/clue_hunt_gazebo/share/clue_hunt_gazebo/models/board_practice_d7/meshes/board_practice_d7.png
[0.580s] -- Installing: /home/swarnava2/hunt_ws/src/install/clue_hunt_gazebo/share/clue_hunt_gazebo/models/board_practice_b1
[0.580s] -- Installing: /home/swarnava2/hunt_ws/src/install/clue_hunt_gazebo/share/clue_hunt_gazebo/models/board_practice_b1/model.config
[0.580s] -- Installing: /home/swarnava2/hunt_ws/src/install/clue_hunt_gazebo/share/clue_hunt_gazebo/models/board_practice_b1/model.sdf
[0.580s] -- Installing: /home/swarnava2/hunt_ws/src/install/clue_hunt_gazebo/share/clue_hunt_gazebo/models/board_practice_b1/meshes
[0.580s] -- Installing: /home/swarnava2/hunt_ws/src/install/clue_hunt_gazebo/share/clue_hunt_gazebo/models/board_practice_b1/meshes/board_practice_b1.mtl
[0.583s] -- Installing: /home/swarnava2/hunt_ws/src/install/clue_hunt_gazebo/share/clue_hunt_gazebo/models/board_practice_b1/meshes/board_practice_b1.obj
[0.583s] -- Installing: /home/swarnava2/hunt_ws/src/install/clue_hunt_gazebo/share/clue_hunt_gazebo/models/board_practice_b1/meshes/board_practice_b1.png
[0.583s] -- Installing: /home/swarnava2/hunt_ws/src/install/clue_hunt_gazebo/share/clue_hunt_gazebo/models/board_practice_b2
[0.583s] -- Installing: /home/swarnava2/hunt_ws/src/install/clue_hunt_gazebo/share/clue_hunt_gazebo/models/board_practice_b2/model.config
[0.583s] -- Installing: /home/swarnava2/hunt_ws/src/install/clue_hunt_gazebo/share/clue_hunt_gazebo/models/board_practice_b2/model.sdf
[0.583s] -- Installing: /home/swarnava2/hunt_ws/src/install/clue_hunt_gazebo/share/clue_hunt_gazebo/models/board_practice_b2/meshes
[0.584s] -- Installing: /home/swarnava2/hunt_ws/src/install/clue_hunt_gazebo/share/clue_hunt_gazebo/models/board_practice_b2/meshes/board_practice_b2.png
[0.584s] -- Installing: /home/swarnava2/hunt_ws/src/install/clue_hunt_gazebo/share/clue_hunt_gazebo/models/board_practice_b2/meshes/board_practice_b2.mtl
[0.584s] -- Installing: /home/swarnava2/hunt_ws/src/install/clue_hunt_gazebo/share/clue_hunt_gazebo/models/board_practice_b2/meshes/board_practice_b2.obj
[0.584s] -- Installing: /home/swarnava2/hunt_ws/src/install/clue_hunt_gazebo/share/clue_hunt_gazebo/models/board_practice_b5
[0.584s] -- Installing: /home/swarnava2/hunt_ws/src/install/clue_hunt_gazebo/share/clue_hunt_gazebo/models/board_practice_b5/model.config
[0.584s] -- Installing: /home/swarnava2/hunt_ws/src/install/clue_hunt_gazebo/share/clue_hunt_gazebo/models/board_practice_b5/model.sdf
[0.584s] -- Installing: /home/swarnava2/hunt_ws/src/install/clue_hunt_gazebo/share/clue_hunt_gazebo/models/board_practice_b5/meshes
[0.584s] -- Installing: /home/swarnava2/hunt_ws/src/install/clue_hunt_gazebo/share/clue_hunt_gazebo/models/board_practice_b5/meshes/board_practice_b5.mtl
[0.584s] -- Installing: /home/swarnava2/hunt_ws/src/install/clue_hunt_gazebo/share/clue_hunt_gazebo/models/board_practice_b5/meshes/board_practice_b5.obj
[0.584s] -- Installing: /home/swarnava2/hunt_ws/src/install/clue_hunt_gazebo/share/clue_hunt_gazebo/models/board_practice_b5/meshes/board_practice_b5.png
[0.584s] -- Installing: /home/swarnava2/hunt_ws/src/install/clue_hunt_gazebo/share/clue_hunt_gazebo/models/board_practice_b4
[0.584s] -- Installing: /home/swarnava2/hunt_ws/src/install/clue_hunt_gazebo/share/clue_hunt_gazebo/models/board_practice_b4/model.config
[0.584s] -- Installing: /home/swarnava2/hunt_ws/src/install/clue_hunt_gazebo/share/clue_hunt_gazebo/models/board_practice_b4/model.sdf
[0.584s] -- Installing: /home/swarnava2/hunt_ws/src/install/clue_hunt_gazebo/share/clue_hunt_gazebo/models/board_practice_b4/meshes
[0.584s] -- Installing: /home/swarnava2/hunt_ws/src/install/clue_hunt_gazebo/share/clue_hunt_gazebo/models/board_practice_b4/meshes/board_practice_b4.mtl
[0.584s] -- Installing: /home/swarnava2/hunt_ws/src/install/clue_hunt_gazebo/share/clue_hunt_gazebo/models/board_practice_b4/meshes/board_practice_b4.png
[0.584s] -- Installing: /home/swarnava2/hunt_ws/src/install/clue_hunt_gazebo/share/clue_hunt_gazebo/models/board_practice_b4/meshes/board_practice_b4.obj
[0.584s] -- Installing: /home/swarnava2/hunt_ws/src/install/clue_hunt_gazebo/share/clue_hunt_gazebo/models/board_practice_b3
[0.584s] -- Installing: /home/swarnava2/hunt_ws/src/install/clue_hunt_gazebo/share/clue_hunt_gazebo/models/board_practice_b3/model.config
[0.584s] -- Installing: /home/swarnava2/hunt_ws/src/install/clue_hunt_gazebo/share/clue_hunt_gazebo/models/board_practice_b3/model.sdf
[0.584s] -- Installing: /home/swarnava2/hunt_ws/src/install/clue_hunt_gazebo/share/clue_hunt_gazebo/models/board_practice_b3/meshes
[0.584s] -- Installing: /home/swarnava2/hunt_ws/src/install/clue_hunt_gazebo/share/clue_hunt_gazebo/models/board_practice_b3/meshes/board_practice_b3.obj
[0.584s] -- Installing: /home/swarnava2/hunt_ws/src/install/clue_hunt_gazebo/share/clue_hunt_gazebo/models/board_practice_b3/meshes/board_practice_b3.mtl
[0.584s] -- Installing: /home/swarnava2/hunt_ws/src/install/clue_hunt_gazebo/share/clue_hunt_gazebo/models/board_practice_b3/meshes/board_practice_b3.png
[0.584s] -- Installing: /home/swarnava2/hunt_ws/src/install/clue_hunt_gazebo/share/clue_hunt_gazebo/models/roboclub_banner
[0.584s] -- Installing: /home/swarnava2/hunt_ws/src/install/clue_hunt_gazebo/share/clue_hunt_gazebo/models/roboclub_banner/model.config
[0.585s] -- Installing: /home/swarnava2/hunt_ws/src/install/clue_hunt_gazebo/share/clue_hunt_gazebo/models/roboclub_banner/model.sdf
[0.585s] -- Installing: /home/swarnava2/hunt_ws/src/install/clue_hunt_gazebo/share/clue_hunt_gazebo/models/roboclub_banner/meshes
[0.585s] -- Installing: /home/swarnava2/hunt_ws/src/install/clue_hunt_gazebo/share/clue_hunt_gazebo/models/roboclub_banner/meshes/roboclub_banner.obj
[0.585s] -- Installing: /home/swarnava2/hunt_ws/src/install/clue_hunt_gazebo/share/clue_hunt_gazebo/models/roboclub_banner/meshes/roboclub_banner.mtl
[0.585s] -- Installing: /home/swarnava2/hunt_ws/src/install/clue_hunt_gazebo/share/clue_hunt_gazebo/models/roboclub_banner/meshes/roboclub_banner.png
[0.585s] -- Installing: /home/swarnava2/hunt_ws/src/install/clue_hunt_gazebo/share/ament_index/resource_index/package_run_dependencies/clue_hunt_gazebo
[0.585s] -- Installing: /home/swarnava2/hunt_ws/src/install/clue_hunt_gazebo/share/ament_index/resource_index/parent_prefix_path/clue_hunt_gazebo
[0.585s] -- Installing: /home/swarnava2/hunt_ws/src/install/clue_hunt_gazebo/share/clue_hunt_gazebo/environment/ament_prefix_path.sh
[0.585s] -- Installing: /home/swarnava2/hunt_ws/src/install/clue_hunt_gazebo/share/clue_hunt_gazebo/environment/ament_prefix_path.dsv
[0.585s] -- Installing: /home/swarnava2/hunt_ws/src/install/clue_hunt_gazebo/share/clue_hunt_gazebo/environment/path.sh
[0.585s] -- Installing: /home/swarnava2/hunt_ws/src/install/clue_hunt_gazebo/share/clue_hunt_gazebo/environment/path.dsv
[0.585s] -- Installing: /home/swarnava2/hunt_ws/src/install/clue_hunt_gazebo/share/clue_hunt_gazebo/local_setup.bash
[0.585s] -- Installing: /home/swarnava2/hunt_ws/src/install/clue_hunt_gazebo/share/clue_hunt_gazebo/local_setup.sh
[0.585s] -- Installing: /home/swarnava2/hunt_ws/src/install/clue_hunt_gazebo/share/clue_hunt_gazebo/local_setup.zsh
[0.585s] -- Installing: /home/swarnava2/hunt_ws/src/install/clue_hunt_gazebo/share/clue_hunt_gazebo/local_setup.dsv
[0.585s] -- Installing: /home/swarnava2/hunt_ws/src/install/clue_hunt_gazebo/share/clue_hunt_gazebo/package.dsv
[0.585s] -- Installing: /home/swarnava2/hunt_ws/src/install/clue_hunt_gazebo/share/ament_index/resource_index/packages/clue_hunt_gazebo
[0.585s] -- Installing: /home/swarnava2/hunt_ws/src/install/clue_hunt_gazebo/share/clue_hunt_gazebo/cmake/clue_hunt_gazeboConfig.cmake
[0.585s] -- Installing: /home/swarnava2/hunt_ws/src/install/clue_hunt_gazebo/share/clue_hunt_gazebo/cmake/clue_hunt_gazeboConfig-version.cmake
[0.585s] -- Installing: /home/swarnava2/hunt_ws/src/install/clue_hunt_gazebo/share/clue_hunt_gazebo/package.xml
[0.587s] Invoked command in '/home/swarnava2/hunt_ws/src/build/clue_hunt_gazebo' returned '0': AMENT_PREFIX_PATH=/home/swarnava2/hunt_ws/src/install/clue_hunt_description:${AMENT_PREFIX_PATH} CMAKE_PREFIX_PATH=/home/swarnava2/hunt_ws/src/install/clue_hunt_description:/home/swarnava2/hunt_ws/install/clue_hunt_navigation:/home/swarnava2/hunt_ws/install/clue_hunt_gazebo:/home/swarnava2/hunt_ws/install/clue_hunt_description:/home/swarnava2/cognipilot/cranium/install/synapse_ros:/home/swarnava2/cognipilot/cranium/install/synapse_gz:/home/swarnava2/cognipilot/cranium/install/synapse_tinyframe:/home/swarnava2/cognipilot/cranium/install/synapse_protobuf:/home/swarnava2/cognipilot/cranium/install/corti:/home/swarnava2/cognipilot/cranium/install/synapse_msgs:/home/swarnava2/cognipilot/cranium/install/dream_world:/home/swarnava2/cognipilot/cranium/install/cerebri_bringup:/home/swarnava2/cognipilot/cranium/install/b3rb_simulator:/home/swarnava2/cognipilot/cranium/install/b3rb_desktop:/home/swarnava2/cognipilot/cranium/install/b3rb_rviz:/home/swarnava2/cognipilot/cranium/install/b3rb_nav2:/home/swarnava2/cognipilot/cranium/install/b3rb_gz_resource:/home/swarnava2/cognipilot/cranium/install/b3rb_gz_bringup:/home/swarnava2/cognipilot/cranium/install/b3rb_description:/home/swarnava2/cognipilot/electrode/install/electrode:/home/swarnava2/hunt_ws/install/clue_hunt_solver:/home/swarnava2/cognipilot/cranium/install/b3rb_ros_line_follower:/opt/ros/humble /usr/bin/cmake --install /home/swarnava2/hunt_ws/src/build/clue_hunt_gazebo
