[0.422s] Invoking command in '/home/swarnava2/hunt_ws/src/clue_hunt_solver': PYTHONPATH=/home/swarnava2/hunt_ws/build/clue_hunt_solver/prefix_override:/usr/lib/python3/dist-packages/colcon_core/task/python/colcon_distutils_commands:/home/swarnava2/hunt_ws/install/clue_hunt_solver/lib/python3.10/site-packages:${PYTHONPATH} /usr/bin/python3 -W ignore:setup.py install is deprecated -W ignore:easy_install command is deprecated setup.py egg_info --egg-base ../../build/clue_hunt_solver build --build-base /home/swarnava2/hunt_ws/build/clue_hunt_solver/build install --record /home/swarnava2/hunt_ws/build/clue_hunt_solver/install.log --install-scripts $base/lib/clue_hunt_solver --single-version-externally-managed install_data
[0.583s] running egg_info
[0.584s] writing ../../build/clue_hunt_solver/clue_hunt_solver.egg-info/PKG-INFO
[0.584s] writing dependency_links to ../../build/clue_hunt_solver/clue_hunt_solver.egg-info/dependency_links.txt
[0.584s] writing entry points to ../../build/clue_hunt_solver/clue_hunt_solver.egg-info/entry_points.txt
[0.584s] writing requirements to ../../build/clue_hunt_solver/clue_hunt_solver.egg-info/requires.txt
[0.584s] writing top-level names to ../../build/clue_hunt_solver/clue_hunt_solver.egg-info/top_level.txt
[0.585s] reading manifest file '../../build/clue_hunt_solver/clue_hunt_solver.egg-info/SOURCES.txt'
[0.585s] writing manifest file '../../build/clue_hunt_solver/clue_hunt_solver.egg-info/SOURCES.txt'
[0.586s] running build
[0.586s] running build_py
[0.586s] running install
[0.586s] running install_lib
[0.587s] running install_data
[0.587s] running install_egg_info
[0.588s] removing '/home/swarnava2/hunt_ws/install/clue_hunt_solver/lib/python3.10/site-packages/clue_hunt_solver-0.1.0-py3.10.egg-info' (and everything under it)
[0.588s] Copying ../../build/clue_hunt_solver/clue_hunt_solver.egg-info to /home/swarnava2/hunt_ws/install/clue_hunt_solver/lib/python3.10/site-packages/clue_hunt_solver-0.1.0-py3.10.egg-info
[0.588s] running install_scripts
[0.604s] Installing follower_node script to /home/swarnava2/hunt_ws/install/clue_hunt_solver/lib/clue_hunt_solver
[0.604s] Installing hunt_node script to /home/swarnava2/hunt_ws/install/clue_hunt_solver/lib/clue_hunt_solver
[0.604s] writing list of installed files to '/home/swarnava2/hunt_ws/build/clue_hunt_solver/install.log'
[0.619s] Invoked command in '/home/swarnava2/hunt_ws/src/clue_hunt_solver' returned '0': PYTHONPATH=/home/swarnava2/hunt_ws/build/clue_hunt_solver/prefix_override:/usr/lib/python3/dist-packages/colcon_core/task/python/colcon_distutils_commands:/home/swarnava2/hunt_ws/install/clue_hunt_solver/lib/python3.10/site-packages:${PYTHONPATH} /usr/bin/python3 -W ignore:setup.py install is deprecated -W ignore:easy_install command is deprecated setup.py egg_info --egg-base ../../build/clue_hunt_solver build --build-base /home/swarnava2/hunt_ws/build/clue_hunt_solver/build install --record /home/swarnava2/hunt_ws/build/clue_hunt_solver/install.log --install-scripts $base/lib/clue_hunt_solver --single-version-externally-managed install_data
