[0.007s] Invoking command in '/home/swarnava2/hunt_ws/build/clue_hunt_gazebo': AMENT_PREFIX_PATH=/home/swarnava2/hunt_ws/install/clue_hunt_description:${AMENT_PREFIX_PATH} CMAKE_PREFIX_PATH=/home/swarnava2/hunt_ws/install/clue_hunt_description:/home/swarnava2/cognipilot/cranium/install/synapse_ros:/home/swarnava2/cognipilot/cranium/install/synapse_gz:/home/swarnava2/cognipilot/cranium/install/synapse_tinyframe:/home/swarnava2/cognipilot/cranium/install/synapse_protobuf:/home/swarnava2/cognipilot/cranium/install/corti:/home/swarnava2/cognipilot/cranium/install/synapse_msgs:/home/swarnava2/cognipilot/cranium/install/dream_world:/home/swarnava2/cognipilot/cranium/install/cerebri_bringup:/home/swarnava2/cognipilot/cranium/install/b3rb_simulator:/home/swarnava2/cognipilot/cranium/install/b3rb_desktop:/home/swarnava2/cognipilot/cranium/install/b3rb_rviz:/home/swarnava2/cognipilot/cranium/install/b3rb_nav2:/home/swarnava2/cognipilot/cranium/install/b3rb_gz_resource:/home/swarnava2/cognipilot/cranium/install/b3rb_gz_bringup:/home/swarnava2/cognipilot/cranium/install/b3rb_description:/home/swarnava2/cognipilot/electrode/install/electrode:/home/swarnava2/cognipilot/cranium/install/b3rb_ros_line_follower:/opt/ros/humble /usr/bin/cmake /home/swarnava2/hunt_ws/src/clue_hunt_gazebo -DAMENT_CMAKE_SYMLINK_INSTALL=1 -DCMAKE_INSTALL_PREFIX=/home/swarnava2/hunt_ws/install/clue_hunt_gazebo
[0.049s] -- The C compiler identification is GNU 11.4.0
[0.088s] -- The CXX compiler identification is GNU 11.4.0
[0.093s] -- Detecting C compiler ABI info
[0.147s] -- Detecting C compiler ABI info - done
[0.152s] -- Check for working C compiler: /usr/bin/cc - skipped
[0.152s] -- Detecting C compile features
[0.152s] -- Detecting C compile features - done
[0.154s] -- Detecting CXX compiler ABI info
[0.218s] -- Detecting CXX compiler ABI info - done
[0.224s] -- Check for working CXX compiler: /usr/bin/c++ - skipped
[0.225s] -- Detecting CXX compile features
[0.225s] -- Detecting CXX compile features - done
[0.227s] -- Found ament_cmake: 1.3.14 (/opt/ros/humble/share/ament_cmake/cmake)
[0.354s] -- Found Python3: /usr/bin/python3 (found version "3.10.12") found components: Interpreter 
[0.400s] -- Override CMake install command with custom implementation using symlinks instead of copying resources
[0.468s] -- Configuring done
[0.469s] -- Generating done
[0.470s] -- Build files have been written to: /home/swarnava2/hunt_ws/build/clue_hunt_gazebo
[0.473s] Invoked command in '/home/swarnava2/hunt_ws/build/clue_hunt_gazebo' returned '0': AMENT_PREFIX_PATH=/home/swarnava2/hunt_ws/install/clue_hunt_description:${AMENT_PREFIX_PATH} CMAKE_PREFIX_PATH=/home/swarnava2/hunt_ws/install/clue_hunt_description:/home/swarnava2/cognipilot/cranium/install/synapse_ros:/home/swarnava2/cognipilot/cranium/install/synapse_gz:/home/swarnava2/cognipilot/cranium/install/synapse_tinyframe:/home/swarnava2/cognipilot/cranium/install/synapse_protobuf:/home/swarnava2/cognipilot/cranium/install/corti:/home/swarnava2/cognipilot/cranium/install/synapse_msgs:/home/swarnava2/cognipilot/cranium/install/dream_world:/home/swarnava2/cognipilot/cranium/install/cerebri_bringup:/home/swarnava2/cognipilot/cranium/install/b3rb_simulator:/home/swarnava2/cognipilot/cranium/install/b3rb_desktop:/home/swarnava2/cognipilot/cranium/install/b3rb_rviz:/home/swarnava2/cognipilot/cranium/install/b3rb_nav2:/home/swarnava2/cognipilot/cranium/install/b3rb_gz_resource:/home/swarnava2/cognipilot/cranium/install/b3rb_gz_bringup:/home/swarnava2/cognipilot/cranium/install/b3rb_description:/home/swarnava2/cognipilot/electrode/install/electrode:/home/swarnava2/cognipilot/cranium/install/b3rb_ros_line_follower:/opt/ros/humble /usr/bin/cmake /home/swarnava2/hunt_ws/src/clue_hunt_gazebo -DAMENT_CMAKE_SYMLINK_INSTALL=1 -DCMAKE_INSTALL_PREFIX=/home/swarnava2/hunt_ws/install/clue_hunt_gazebo
[0.474s] Invoking command in '/home/swarnava2/hunt_ws/build/clue_hunt_gazebo': AMENT_PREFIX_PATH=/home/swarnava2/hunt_ws/install/clue_hunt_description:${AMENT_PREFIX_PATH} CMAKE_PREFIX_PATH=/home/swarnava2/hunt_ws/install/clue_hunt_description:/home/swarnava2/cognipilot/cranium/install/synapse_ros:/home/swarnava2/cognipilot/cranium/install/synapse_gz:/home/swarnava2/cognipilot/cranium/install/synapse_tinyframe:/home/swarnava2/cognipilot/cranium/install/synapse_protobuf:/home/swarnava2/cognipilot/cranium/install/corti:/home/swarnava2/cognipilot/cranium/install/synapse_msgs:/home/swarnava2/cognipilot/cranium/install/dream_world:/home/swarnava2/cognipilot/cranium/install/cerebri_bringup:/home/swarnava2/cognipilot/cranium/install/b3rb_simulator:/home/swarnava2/cognipilot/cranium/install/b3rb_desktop:/home/swarnava2/cognipilot/cranium/install/b3rb_rviz:/home/swarnava2/cognipilot/cranium/install/b3rb_nav2:/home/swarnava2/cognipilot/cranium/install/b3rb_gz_resource:/home/swarnava2/cognipilot/cranium/install/b3rb_gz_bringup:/home/swarnava2/cognipilot/cranium/install/b3rb_description:/home/swarnava2/cognipilot/electrode/install/electrode:/home/swarnava2/cognipilot/cranium/install/b3rb_ros_line_follower:/opt/ros/humble /usr/bin/cmake --build /home/swarnava2/hunt_ws/build/clue_hunt_gazebo -- -j16 -l16
[0.508s] Invoked command in '/home/swarnava2/hunt_ws/build/clue_hunt_gazebo' returned '0': AMENT_PREFIX_PATH=/home/swarnava2/hunt_ws/install/clue_hunt_description:${AMENT_PREFIX_PATH} CMAKE_PREFIX_PATH=/home/swarnava2/hunt_ws/install/clue_hunt_description:/home/swarnava2/cognipilot/cranium/install/synapse_ros:/home/swarnava2/cognipilot/cranium/install/synapse_gz:/home/swarnava2/cognipilot/cranium/install/synapse_tinyframe:/home/swarnava2/cognipilot/cranium/install/synapse_protobuf:/home/swarnava2/cognipilot/cranium/install/corti:/home/swarnava2/cognipilot/cranium/install/synapse_msgs:/home/swarnava2/cognipilot/cranium/install/dream_world:/home/swarnava2/cognipilot/cranium/install/cerebri_bringup:/home/swarnava2/cognipilot/cranium/install/b3rb_simulator:/home/swarnava2/cognipilot/cranium/install/b3rb_desktop:/home/swarnava2/cognipilot/cranium/install/b3rb_rviz:/home/swarnava2/cognipilot/cranium/install/b3rb_nav2:/home/swarnava2/cognipilot/cranium/install/b3rb_gz_resource:/home/swarnava2/cognipilot/cranium/install/b3rb_gz_bringup:/home/swarnava2/cognipilot/cranium/install/b3rb_description:/home/swarnava2/cognipilot/electrode/install/electrode:/home/swarnava2/cognipilot/cranium/install/b3rb_ros_line_follower:/opt/ros/humble /usr/bin/cmake --build /home/swarnava2/hunt_ws/build/clue_hunt_gazebo -- -j16 -l16
[0.509s] Invoking command in '/home/swarnava2/hunt_ws/build/clue_hunt_gazebo': AMENT_PREFIX_PATH=/home/swarnava2/hunt_ws/install/clue_hunt_description:${AMENT_PREFIX_PATH} CMAKE_PREFIX_PATH=/home/swarnava2/hunt_ws/install/clue_hunt_description:/home/swarnava2/cognipilot/cranium/install/synapse_ros:/home/swarnava2/cognipilot/cranium/install/synapse_gz:/home/swarnava2/cognipilot/cranium/install/synapse_tinyframe:/home/swarnava2/cognipilot/cranium/install/synapse_protobuf:/home/swarnava2/cognipilot/cranium/install/corti:/home/swarnava2/cognipilot/cranium/install/synapse_msgs:/home/swarnava2/cognipilot/cranium/install/dream_world:/home/swarnava2/cognipilot/cranium/install/cerebri_bringup:/home/swarnava2/cognipilot/cranium/install/b3rb_simulator:/home/swarnava2/cognipilot/cranium/install/b3rb_desktop:/home/swarnava2/cognipilot/cranium/install/b3rb_rviz:/home/swarnava2/cognipilot/cranium/install/b3rb_nav2:/home/swarnava2/cognipilot/cranium/install/b3rb_gz_resource:/home/swarnava2/cognipilot/cranium/install/b3rb_gz_bringup:/home/swarnava2/cognipilot/cranium/install/b3rb_description:/home/swarnava2/cognipilot/electrode/install/electrode:/home/swarnava2/cognipilot/cranium/install/b3rb_ros_line_follower:/opt/ros/humble /usr/bin/cmake --install /home/swarnava2/hunt_ws/build/clue_hunt_gazebo
[0.516s] -- Install configuration: ""
[0.516s] -- Execute custom install script
[0.516s] -- Symlinking: /home/swarnava2/hunt_ws/install/clue_hunt_gazebo/share/clue_hunt_gazebo/launch/sim.launch.py
[0.524s] -- Symlinking: /home/swarnava2/hunt_ws/install/clue_hunt_gazebo/share/clue_hunt_gazebo/worlds/practice.sdf
[0.532s] -- Symlinking: /home/swarnava2/hunt_ws/install/clue_hunt_gazebo/share/clue_hunt_gazebo/models/board_practice_b1/meshes/board_practice_b1.mtl
[0.539s] -- Symlinking: /home/swarnava2/hunt_ws/install/clue_hunt_gazebo/share/clue_hunt_gazebo/models/board_practice_b1/meshes/board_practice_b1.obj
[0.547s] -- Symlinking: /home/swarnava2/hunt_ws/install/clue_hunt_gazebo/share/clue_hunt_gazebo/models/board_practice_b1/meshes/board_practice_b1.png
[0.553s] -- Symlinking: /home/swarnava2/hunt_ws/install/clue_hunt_gazebo/share/clue_hunt_gazebo/models/board_practice_b1/model.config
[0.561s] -- Symlinking: /home/swarnava2/hunt_ws/install/clue_hunt_gazebo/share/clue_hunt_gazebo/models/board_practice_b1/model.sdf
[0.566s] -- Symlinking: /home/swarnava2/hunt_ws/install/clue_hunt_gazebo/share/clue_hunt_gazebo/models/board_practice_b2/meshes/board_practice_b2.mtl
[0.571s] -- Symlinking: /home/swarnava2/hunt_ws/install/clue_hunt_gazebo/share/clue_hunt_gazebo/models/board_practice_b2/meshes/board_practice_b2.obj
[0.578s] -- Symlinking: /home/swarnava2/hunt_ws/install/clue_hunt_gazebo/share/clue_hunt_gazebo/models/board_practice_b2/meshes/board_practice_b2.png
[0.584s] -- Symlinking: /home/swarnava2/hunt_ws/install/clue_hunt_gazebo/share/clue_hunt_gazebo/models/board_practice_b2/model.config
[0.591s] -- Symlinking: /home/swarnava2/hunt_ws/install/clue_hunt_gazebo/share/clue_hunt_gazebo/models/board_practice_b2/model.sdf
[0.597s] -- Symlinking: /home/swarnava2/hunt_ws/install/clue_hunt_gazebo/share/clue_hunt_gazebo/models/board_practice_b3/meshes/board_practice_b3.mtl
[0.603s] -- Symlinking: /home/swarnava2/hunt_ws/install/clue_hunt_gazebo/share/clue_hunt_gazebo/models/board_practice_b3/meshes/board_practice_b3.obj
[0.610s] -- Symlinking: /home/swarnava2/hunt_ws/install/clue_hunt_gazebo/share/clue_hunt_gazebo/models/board_practice_b3/meshes/board_practice_b3.png
[0.617s] -- Symlinking: /home/swarnava2/hunt_ws/install/clue_hunt_gazebo/share/clue_hunt_gazebo/models/board_practice_b3/model.config
[0.622s] -- Symlinking: /home/swarnava2/hunt_ws/install/clue_hunt_gazebo/share/clue_hunt_gazebo/models/board_practice_b3/model.sdf
[0.629s] -- Symlinking: /home/swarnava2/hunt_ws/install/clue_hunt_gazebo/share/clue_hunt_gazebo/models/board_practice_b4/meshes/board_practice_b4.mtl
[0.635s] -- Symlinking: /home/swarnava2/hunt_ws/install/clue_hunt_gazebo/share/clue_hunt_gazebo/models/board_practice_b4/meshes/board_practice_b4.obj
[0.642s] -- Symlinking: /home/swarnava2/hunt_ws/install/clue_hunt_gazebo/share/clue_hunt_gazebo/models/board_practice_b4/meshes/board_practice_b4.png
[0.648s] -- Symlinking: /home/swarnava2/hunt_ws/install/clue_hunt_gazebo/share/clue_hunt_gazebo/models/board_practice_b4/model.config
[0.653s] -- Symlinking: /home/swarnava2/hunt_ws/install/clue_hunt_gazebo/share/clue_hunt_gazebo/models/board_practice_b4/model.sdf
[0.660s] -- Symlinking: /home/swarnava2/hunt_ws/install/clue_hunt_gazebo/share/clue_hunt_gazebo/models/board_practice_b5/meshes/board_practice_b5.mtl
[0.665s] -- Symlinking: /home/swarnava2/hunt_ws/install/clue_hunt_gazebo/share/clue_hunt_gazebo/models/board_practice_b5/meshes/board_practice_b5.obj
[0.671s] -- Symlinking: /home/swarnava2/hunt_ws/install/clue_hunt_gazebo/share/clue_hunt_gazebo/models/board_practice_b5/meshes/board_practice_b5.png
[0.678s] -- Symlinking: /home/swarnava2/hunt_ws/install/clue_hunt_gazebo/share/clue_hunt_gazebo/models/board_practice_b5/model.config
[0.685s] -- Symlinking: /home/swarnava2/hunt_ws/install/clue_hunt_gazebo/share/clue_hunt_gazebo/models/board_practice_b5/model.sdf
[0.692s] -- Symlinking: /home/swarnava2/hunt_ws/install/clue_hunt_gazebo/share/clue_hunt_gazebo/models/board_practice_d7/meshes/board_practice_d7.mtl
[0.698s] -- Symlinking: /home/swarnava2/hunt_ws/install/clue_hunt_gazebo/share/clue_hunt_gazebo/models/board_practice_d7/meshes/board_practice_d7.obj
[0.705s] -- Symlinking: /home/swarnava2/hunt_ws/install/clue_hunt_gazebo/share/clue_hunt_gazebo/models/board_practice_d7/meshes/board_practice_d7.png
[0.711s] -- Symlinking: /home/swarnava2/hunt_ws/install/clue_hunt_gazebo/share/clue_hunt_gazebo/models/board_practice_d7/model.config
[0.719s] -- Symlinking: /home/swarnava2/hunt_ws/install/clue_hunt_gazebo/share/clue_hunt_gazebo/models/board_practice_d7/model.sdf
[0.726s] -- Symlinking: /home/swarnava2/hunt_ws/install/clue_hunt_gazebo/share/clue_hunt_gazebo/models/board_practice_x4/meshes/board_practice_x4.mtl
[0.733s] -- Symlinking: /home/swarnava2/hunt_ws/install/clue_hunt_gazebo/share/clue_hunt_gazebo/models/board_practice_x4/meshes/board_practice_x4.obj
[0.741s] -- Symlinking: /home/swarnava2/hunt_ws/install/clue_hunt_gazebo/share/clue_hunt_gazebo/models/board_practice_x4/meshes/board_practice_x4.png
[0.747s] -- Symlinking: /home/swarnava2/hunt_ws/install/clue_hunt_gazebo/share/clue_hunt_gazebo/models/board_practice_x4/model.config
[0.754s] -- Symlinking: /home/swarnava2/hunt_ws/install/clue_hunt_gazebo/share/clue_hunt_gazebo/models/board_practice_x4/model.sdf
[0.760s] -- Symlinking: /home/swarnava2/hunt_ws/install/clue_hunt_gazebo/share/clue_hunt_gazebo/models/roboclub_banner/meshes/roboclub_banner.mtl
[0.767s] -- Symlinking: /home/swarnava2/hunt_ws/install/clue_hunt_gazebo/share/clue_hunt_gazebo/models/roboclub_banner/meshes/roboclub_banner.obj
[0.773s] -- Symlinking: /home/swarnava2/hunt_ws/install/clue_hunt_gazebo/share/clue_hunt_gazebo/models/roboclub_banner/meshes/roboclub_banner.png
[0.780s] -- Symlinking: /home/swarnava2/hunt_ws/install/clue_hunt_gazebo/share/clue_hunt_gazebo/models/roboclub_banner/model.config
[0.787s] -- Symlinking: /home/swarnava2/hunt_ws/install/clue_hunt_gazebo/share/clue_hunt_gazebo/models/roboclub_banner/model.sdf
[0.795s] -- Symlinking: /home/swarnava2/hunt_ws/install/clue_hunt_gazebo/share/ament_index/resource_index/package_run_dependencies/clue_hunt_gazebo
[0.802s] -- Symlinking: /home/swarnava2/hunt_ws/install/clue_hunt_gazebo/share/ament_index/resource_index/parent_prefix_path/clue_hunt_gazebo
[0.809s] -- Symlinking: /home/swarnava2/hunt_ws/install/clue_hunt_gazebo/share/clue_hunt_gazebo/environment/ament_prefix_path.sh
[0.816s] -- Symlinking: /home/swarnava2/hunt_ws/install/clue_hunt_gazebo/share/clue_hunt_gazebo/environment/ament_prefix_path.dsv
[0.824s] -- Symlinking: /home/swarnava2/hunt_ws/install/clue_hunt_gazebo/share/clue_hunt_gazebo/environment/path.sh
[0.831s] -- Symlinking: /home/swarnava2/hunt_ws/install/clue_hunt_gazebo/share/clue_hunt_gazebo/environment/path.dsv
[0.838s] -- Symlinking: /home/swarnava2/hunt_ws/install/clue_hunt_gazebo/share/clue_hunt_gazebo/local_setup.bash
[0.845s] -- Symlinking: /home/swarnava2/hunt_ws/install/clue_hunt_gazebo/share/clue_hunt_gazebo/local_setup.sh
[0.853s] -- Symlinking: /home/swarnava2/hunt_ws/install/clue_hunt_gazebo/share/clue_hunt_gazebo/local_setup.zsh
[0.859s] -- Symlinking: /home/swarnava2/hunt_ws/install/clue_hunt_gazebo/share/clue_hunt_gazebo/local_setup.dsv
[0.866s] -- Symlinking: /home/swarnava2/hunt_ws/install/clue_hunt_gazebo/share/clue_hunt_gazebo/package.dsv
[0.874s] -- Symlinking: /home/swarnava2/hunt_ws/install/clue_hunt_gazebo/share/ament_index/resource_index/packages/clue_hunt_gazebo
[0.881s] -- Symlinking: /home/swarnava2/hunt_ws/install/clue_hunt_gazebo/share/clue_hunt_gazebo/cmake/clue_hunt_gazeboConfig.cmake
[0.888s] -- Symlinking: /home/swarnava2/hunt_ws/install/clue_hunt_gazebo/share/clue_hunt_gazebo/cmake/clue_hunt_gazeboConfig-version.cmake
[0.895s] -- Symlinking: /home/swarnava2/hunt_ws/install/clue_hunt_gazebo/share/clue_hunt_gazebo/package.xml
[0.904s] Invoked command in '/home/swarnava2/hunt_ws/build/clue_hunt_gazebo' returned '0': AMENT_PREFIX_PATH=/home/swarnava2/hunt_ws/install/clue_hunt_description:${AMENT_PREFIX_PATH} CMAKE_PREFIX_PATH=/home/swarnava2/hunt_ws/install/clue_hunt_description:/home/swarnava2/cognipilot/cranium/install/synapse_ros:/home/swarnava2/cognipilot/cranium/install/synapse_gz:/home/swarnava2/cognipilot/cranium/install/synapse_tinyframe:/home/swarnava2/cognipilot/cranium/install/synapse_protobuf:/home/swarnava2/cognipilot/cranium/install/corti:/home/swarnava2/cognipilot/cranium/install/synapse_msgs:/home/swarnava2/cognipilot/cranium/install/dream_world:/home/swarnava2/cognipilot/cranium/install/cerebri_bringup:/home/swarnava2/cognipilot/cranium/install/b3rb_simulator:/home/swarnava2/cognipilot/cranium/install/b3rb_desktop:/home/swarnava2/cognipilot/cranium/install/b3rb_rviz:/home/swarnava2/cognipilot/cranium/install/b3rb_nav2:/home/swarnava2/cognipilot/cranium/install/b3rb_gz_resource:/home/swarnava2/cognipilot/cranium/install/b3rb_gz_bringup:/home/swarnava2/cognipilot/cranium/install/b3rb_description:/home/swarnava2/cognipilot/electrode/install/electrode:/home/swarnava2/cognipilot/cranium/install/b3rb_ros_line_follower:/opt/ros/humble /usr/bin/cmake --install /home/swarnava2/hunt_ws/build/clue_hunt_gazebo
