[0.008s] Invoking command in '/home/swarnava2/hunt_ws/build/clue_hunt_navigation': AMENT_PREFIX_PATH=/home/swarnava2/hunt_ws/install/clue_hunt_gazebo:/home/swarnava2/hunt_ws/install/clue_hunt_description:${AMENT_PREFIX_PATH} CMAKE_PREFIX_PATH=/home/swarnava2/hunt_ws/install/clue_hunt_gazebo:/home/swarnava2/hunt_ws/install/clue_hunt_description:/home/swarnava2/cognipilot/cranium/install/synapse_ros:/home/swarnava2/cognipilot/cranium/install/synapse_gz:/home/swarnava2/cognipilot/cranium/install/synapse_tinyframe:/home/swarnava2/cognipilot/cranium/install/synapse_protobuf:/home/swarnava2/cognipilot/cranium/install/corti:/home/swarnava2/cognipilot/cranium/install/synapse_msgs:/home/swarnava2/cognipilot/cranium/install/dream_world:/home/swarnava2/cognipilot/cranium/install/cerebri_bringup:/home/swarnava2/cognipilot/cranium/install/b3rb_simulator:/home/swarnava2/cognipilot/cranium/install/b3rb_desktop:/home/swarnava2/cognipilot/cranium/install/b3rb_rviz:/home/swarnava2/cognipilot/cranium/install/b3rb_nav2:/home/swarnava2/cognipilot/cranium/install/b3rb_gz_resource:/home/swarnava2/cognipilot/cranium/install/b3rb_gz_bringup:/home/swarnava2/cognipilot/cranium/install/b3rb_description:/home/swarnava2/cognipilot/electrode/install/electrode:/home/swarnava2/cognipilot/cranium/install/b3rb_ros_line_follower:/opt/ros/humble /usr/bin/cmake /home/swarnava2/hunt_ws/src/clue_hunt_navigation -DAMENT_CMAKE_SYMLINK_INSTALL=1 -DCMAKE_INSTALL_PREFIX=/home/swarnava2/hunt_ws/install/clue_hunt_navigation
[0.055s] -- The C compiler identification is GNU 11.4.0
[0.102s] -- The CXX compiler identification is GNU 11.4.0
[0.108s] -- Detecting C compiler ABI info
[0.166s] -- Detecting C compiler ABI info - done
[0.172s] -- Check for working C compiler: /usr/bin/cc - skipped
[0.172s] -- Detecting C compile features
[0.173s] -- Detecting C compile features - done
[0.175s] -- Detecting CXX compiler ABI info
[0.242s] -- Detecting CXX compiler ABI info - done
[0.247s] -- Check for working CXX compiler: /usr/bin/c++ - skipped
[0.247s] -- Detecting CXX compile features
[0.248s] -- Detecting CXX compile features - done
[0.251s] -- Found ament_cmake: 1.3.14 (/opt/ros/humble/share/ament_cmake/cmake)
[0.373s] -- Found Python3: /usr/bin/python3 (found version "3.10.12") found components: Interpreter 
[0.415s] -- Override CMake install command with custom implementation using symlinks instead of copying resources
[0.487s] -- Configuring done
[0.488s] -- Generating done
[0.489s] -- Build files have been written to: /home/swarnava2/hunt_ws/build/clue_hunt_navigation
[0.493s] Invoked command in '/home/swarnava2/hunt_ws/build/clue_hunt_navigation' returned '0': AMENT_PREFIX_PATH=/home/swarnava2/hunt_ws/install/clue_hunt_gazebo:/home/swarnava2/hunt_ws/install/clue_hunt_description:${AMENT_PREFIX_PATH} CMAKE_PREFIX_PATH=/home/swarnava2/hunt_ws/install/clue_hunt_gazebo:/home/swarnava2/hunt_ws/install/clue_hunt_description:/home/swarnava2/cognipilot/cranium/install/synapse_ros:/home/swarnava2/cognipilot/cranium/install/synapse_gz:/home/swarnava2/cognipilot/cranium/install/synapse_tinyframe:/home/swarnava2/cognipilot/cranium/install/synapse_protobuf:/home/swarnava2/cognipilot/cranium/install/corti:/home/swarnava2/cognipilot/cranium/install/synapse_msgs:/home/swarnava2/cognipilot/cranium/install/dream_world:/home/swarnava2/cognipilot/cranium/install/cerebri_bringup:/home/swarnava2/cognipilot/cranium/install/b3rb_simulator:/home/swarnava2/cognipilot/cranium/install/b3rb_desktop:/home/swarnava2/cognipilot/cranium/install/b3rb_rviz:/home/swarnava2/cognipilot/cranium/install/b3rb_nav2:/home/swarnava2/cognipilot/cranium/install/b3rb_gz_resource:/home/swarnava2/cognipilot/cranium/install/b3rb_gz_bringup:/home/swarnava2/cognipilot/cranium/install/b3rb_description:/home/swarnava2/cognipilot/electrode/install/electrode:/home/swarnava2/cognipilot/cranium/install/b3rb_ros_line_follower:/opt/ros/humble /usr/bin/cmake /home/swarnava2/hunt_ws/src/clue_hunt_navigation -DAMENT_CMAKE_SYMLINK_INSTALL=1 -DCMAKE_INSTALL_PREFIX=/home/swarnava2/hunt_ws/install/clue_hunt_navigation
[0.493s] Invoking command in '/home/swarnava2/hunt_ws/build/clue_hunt_navigation': AMENT_PREFIX_PATH=/home/swarnava2/hunt_ws/install/clue_hunt_gazebo:/home/swarnava2/hunt_ws/install/clue_hunt_description:${AMENT_PREFIX_PATH} CMAKE_PREFIX_PATH=/home/swarnava2/hunt_ws/install/clue_hunt_gazebo:/home/swarnava2/hunt_ws/install/clue_hunt_description:/home/swarnava2/cognipilot/cranium/install/synapse_ros:/home/swarnava2/cognipilot/cranium/install/synapse_gz:/home/swarnava2/cognipilot/cranium/install/synapse_tinyframe:/home/swarnava2/cognipilot/cranium/install/synapse_protobuf:/home/swarnava2/cognipilot/cranium/install/corti:/home/swarnava2/cognipilot/cranium/install/synapse_msgs:/home/swarnava2/cognipilot/cranium/install/dream_world:/home/swarnava2/cognipilot/cranium/install/cerebri_bringup:/home/swarnava2/cognipilot/cranium/install/b3rb_simulator:/home/swarnava2/cognipilot/cranium/install/b3rb_desktop:/home/swarnava2/cognipilot/cranium/install/b3rb_rviz:/home/swarnava2/cognipilot/cranium/install/b3rb_nav2:/home/swarnava2/cognipilot/cranium/install/b3rb_gz_resource:/home/swarnava2/cognipilot/cranium/install/b3rb_gz_bringup:/home/swarnava2/cognipilot/cranium/install/b3rb_description:/home/swarnava2/cognipilot/electrode/install/electrode:/home/swarnava2/cognipilot/cranium/install/b3rb_ros_line_follower:/opt/ros/humble /usr/bin/cmake --build /home/swarnava2/hunt_ws/build/clue_hunt_navigation -- -j16 -l16
[0.526s] Invoked command in '/home/swarnava2/hunt_ws/build/clue_hunt_navigation' returned '0': AMENT_PREFIX_PATH=/home/swarnava2/hunt_ws/install/clue_hunt_gazebo:/home/swarnava2/hunt_ws/install/clue_hunt_description:${AMENT_PREFIX_PATH} CMAKE_PREFIX_PATH=/home/swarnava2/hunt_ws/install/clue_hunt_gazebo:/home/swarnava2/hunt_ws/install/clue_hunt_description:/home/swarnava2/cognipilot/cranium/install/synapse_ros:/home/swarnava2/cognipilot/cranium/install/synapse_gz:/home/swarnava2/cognipilot/cranium/install/synapse_tinyframe:/home/swarnava2/cognipilot/cranium/install/synapse_protobuf:/home/swarnava2/cognipilot/cranium/install/corti:/home/swarnava2/cognipilot/cranium/install/synapse_msgs:/home/swarnava2/cognipilot/cranium/install/dream_world:/home/swarnava2/cognipilot/cranium/install/cerebri_bringup:/home/swarnava2/cognipilot/cranium/install/b3rb_simulator:/home/swarnava2/cognipilot/cranium/install/b3rb_desktop:/home/swarnava2/cognipilot/cranium/install/b3rb_rviz:/home/swarnava2/cognipilot/cranium/install/b3rb_nav2:/home/swarnava2/cognipilot/cranium/install/b3rb_gz_resource:/home/swarnava2/cognipilot/cranium/install/b3rb_gz_bringup:/home/swarnava2/cognipilot/cranium/install/b3rb_description:/home/swarnava2/cognipilot/electrode/install/electrode:/home/swarnava2/cognipilot/cranium/install/b3rb_ros_line_follower:/opt/ros/humble /usr/bin/cmake --build /home/swarnava2/hunt_ws/build/clue_hunt_navigation -- -j16 -l16
[0.527s] Invoking command in '/home/swarnava2/hunt_ws/build/clue_hunt_navigation': AMENT_PREFIX_PATH=/home/swarnava2/hunt_ws/install/clue_hunt_gazebo:/home/swarnava2/hunt_ws/install/clue_hunt_description:${AMENT_PREFIX_PATH} CMAKE_PREFIX_PATH=/home/swarnava2/hunt_ws/install/clue_hunt_gazebo:/home/swarnava2/hunt_ws/install/clue_hunt_description:/home/swarnava2/cognipilot/cranium/install/synapse_ros:/home/swarnava2/cognipilot/cranium/install/synapse_gz:/home/swarnava2/cognipilot/cranium/install/synapse_tinyframe:/home/swarnava2/cognipilot/cranium/install/synapse_protobuf:/home/swarnava2/cognipilot/cranium/install/corti:/home/swarnava2/cognipilot/cranium/install/synapse_msgs:/home/swarnava2/cognipilot/cranium/install/dream_world:/home/swarnava2/cognipilot/cranium/install/cerebri_bringup:/home/swarnava2/cognipilot/cranium/install/b3rb_simulator:/home/swarnava2/cognipilot/cranium/install/b3rb_desktop:/home/swarnava2/cognipilot/cranium/install/b3rb_rviz:/home/swarnava2/cognipilot/cranium/install/b3rb_nav2:/home/swarnava2/cognipilot/cranium/install/b3rb_gz_resource:/home/swarnava2/cognipilot/cranium/install/b3rb_gz_bringup:/home/swarnava2/cognipilot/cranium/install/b3rb_description:/home/swarnava2/cognipilot/electrode/install/electrode:/home/swarnava2/cognipilot/cranium/install/b3rb_ros_line_follower:/opt/ros/humble /usr/bin/cmake --install /home/swarnava2/hunt_ws/build/clue_hunt_navigation
[0.533s] -- Install configuration: ""
[0.534s] -- Execute custom install script
[0.534s] -- Symlinking: /home/swarnava2/hunt_ws/install/clue_hunt_navigation/share/clue_hunt_navigation/config/nav2_params.yaml
[0.542s] -- Symlinking: /home/swarnava2/hunt_ws/install/clue_hunt_navigation/share/clue_hunt_navigation/config/slam_params.yaml
[0.550s] -- Symlinking: /home/swarnava2/hunt_ws/install/clue_hunt_navigation/share/clue_hunt_navigation/launch/mapping.launch.py
[0.557s] -- Symlinking: /home/swarnava2/hunt_ws/install/clue_hunt_navigation/share/clue_hunt_navigation/launch/navigation.launch.py
[0.564s] -- Symlinking: /home/swarnava2/hunt_ws/install/clue_hunt_navigation/share/clue_hunt_navigation/rviz/hunt.rviz
[0.571s] -- Symlinking: /home/swarnava2/hunt_ws/install/clue_hunt_navigation/share/ament_index/resource_index/package_run_dependencies/clue_hunt_navigation
[0.577s] -- Symlinking: /home/swarnava2/hunt_ws/install/clue_hunt_navigation/share/ament_index/resource_index/parent_prefix_path/clue_hunt_navigation
[0.584s] -- Symlinking: /home/swarnava2/hunt_ws/install/clue_hunt_navigation/share/clue_hunt_navigation/environment/ament_prefix_path.sh
[0.592s] -- Symlinking: /home/swarnava2/hunt_ws/install/clue_hunt_navigation/share/clue_hunt_navigation/environment/ament_prefix_path.dsv
[0.598s] -- Symlinking: /home/swarnava2/hunt_ws/install/clue_hunt_navigation/share/clue_hunt_navigation/environment/path.sh
[0.606s] -- Symlinking: /home/swarnava2/hunt_ws/install/clue_hunt_navigation/share/clue_hunt_navigation/environment/path.dsv
[0.612s] -- Symlinking: /home/swarnava2/hunt_ws/install/clue_hunt_navigation/share/clue_hunt_navigation/local_setup.bash
[0.618s] -- Symlinking: /home/swarnava2/hunt_ws/install/clue_hunt_navigation/share/clue_hunt_navigation/local_setup.sh
[0.625s] -- Symlinking: /home/swarnava2/hunt_ws/install/clue_hunt_navigation/share/clue_hunt_navigation/local_setup.zsh
[0.632s] -- Symlinking: /home/swarnava2/hunt_ws/install/clue_hunt_navigation/share/clue_hunt_navigation/local_setup.dsv
[0.640s] -- Symlinking: /home/swarnava2/hunt_ws/install/clue_hunt_navigation/share/clue_hunt_navigation/package.dsv
[0.647s] -- Symlinking: /home/swarnava2/hunt_ws/install/clue_hunt_navigation/share/ament_index/resource_index/packages/clue_hunt_navigation
[0.654s] -- Symlinking: /home/swarnava2/hunt_ws/install/clue_hunt_navigation/share/clue_hunt_navigation/cmake/clue_hunt_navigationConfig.cmake
[0.661s] -- Symlinking: /home/swarnava2/hunt_ws/install/clue_hunt_navigation/share/clue_hunt_navigation/cmake/clue_hunt_navigationConfig-version.cmake
[0.667s] -- Symlinking: /home/swarnava2/hunt_ws/install/clue_hunt_navigation/share/clue_hunt_navigation/package.xml
[0.674s] Invoked command in '/home/swarnava2/hunt_ws/build/clue_hunt_navigation' returned '0': AMENT_PREFIX_PATH=/home/swarnava2/hunt_ws/install/clue_hunt_gazebo:/home/swarnava2/hunt_ws/install/clue_hunt_description:${AMENT_PREFIX_PATH} CMAKE_PREFIX_PATH=/home/swarnava2/hunt_ws/install/clue_hunt_gazebo:/home/swarnava2/hunt_ws/install/clue_hunt_description:/home/swarnava2/cognipilot/cranium/install/synapse_ros:/home/swarnava2/cognipilot/cranium/install/synapse_gz:/home/swarnava2/cognipilot/cranium/install/synapse_tinyframe:/home/swarnava2/cognipilot/cranium/install/synapse_protobuf:/home/swarnava2/cognipilot/cranium/install/corti:/home/swarnava2/cognipilot/cranium/install/synapse_msgs:/home/swarnava2/cognipilot/cranium/install/dream_world:/home/swarnava2/cognipilot/cranium/install/cerebri_bringup:/home/swarnava2/cognipilot/cranium/install/b3rb_simulator:/home/swarnava2/cognipilot/cranium/install/b3rb_desktop:/home/swarnava2/cognipilot/cranium/install/b3rb_rviz:/home/swarnava2/cognipilot/cranium/install/b3rb_nav2:/home/swarnava2/cognipilot/cranium/install/b3rb_gz_resource:/home/swarnava2/cognipilot/cranium/install/b3rb_gz_bringup:/home/swarnava2/cognipilot/cranium/install/b3rb_description:/home/swarnava2/cognipilot/electrode/install/electrode:/home/swarnava2/cognipilot/cranium/install/b3rb_ros_line_follower:/opt/ros/humble /usr/bin/cmake --install /home/swarnava2/hunt_ws/build/clue_hunt_navigation
