[0.013s] Invoking command in '/home/swarnava2/hunt_ws/build/clue_hunt_description': CMAKE_PREFIX_PATH=${CMAKE_PREFIX_PATH}:/home/swarnava2/hunt_ws/install/clue_hunt_solver:/home/swarnava2/cognipilot/cranium/install/b3rb_ros_line_follower:/opt/ros/humble /usr/bin/cmake --build /home/swarnava2/hunt_ws/build/clue_hunt_description -- -j16 -l16
[0.199s] Invoked command in '/home/swarnava2/hunt_ws/build/clue_hunt_description' returned '0': CMAKE_PREFIX_PATH=${CMAKE_PREFIX_PATH}:/home/swarnava2/hunt_ws/install/clue_hunt_solver:/home/swarnava2/cognipilot/cranium/install/b3rb_ros_line_follower:/opt/ros/humble /usr/bin/cmake --build /home/swarnava2/hunt_ws/build/clue_hunt_description -- -j16 -l16
[0.207s] Invoking command in '/home/swarnava2/hunt_ws/build/clue_hunt_description': CMAKE_PREFIX_PATH=${CMAKE_PREFIX_PATH}:/home/swarnava2/hunt_ws/install/clue_hunt_solver:/home/swarnava2/cognipilot/cranium/install/b3rb_ros_line_follower:/opt/ros/humble /usr/bin/cmake --install /home/swarnava2/hunt_ws/build/clue_hunt_description
[0.213s] -- Install configuration: ""
[0.213s] -- Execute custom install script
[0.214s] -- Up-to-date symlink: /home/swarnava2/hunt_ws/install/clue_hunt_description/share/clue_hunt_description/urdf/gazebo.xacro
[0.214s] -- Up-to-date symlink: /home/swarnava2/hunt_ws/install/clue_hunt_description/share/clue_hunt_description/urdf/inertial_macros.xacro
[0.214s] -- Up-to-date symlink: /home/swarnava2/hunt_ws/install/clue_hunt_description/share/clue_hunt_description/urdf/robot.urdf.xacro
[0.214s] -- Up-to-date symlink: /home/swarnava2/hunt_ws/install/clue_hunt_description/share/clue_hunt_description/meshes/leader_tag.mtl
[0.214s] -- Up-to-date symlink: /home/swarnava2/hunt_ws/install/clue_hunt_description/share/clue_hunt_description/meshes/leader_tag.obj
[0.214s] -- Up-to-date symlink: /home/swarnava2/hunt_ws/install/clue_hunt_description/share/clue_hunt_description/meshes/leader_tag.png
[0.214s] -- Up-to-date symlink: /home/swarnava2/hunt_ws/install/clue_hunt_description/share/clue_hunt_description/launch/rsp.launch.py
[0.214s] -- Up-to-date symlink: /home/swarnava2/hunt_ws/install/clue_hunt_description/share/ament_index/resource_index/package_run_dependencies/clue_hunt_description
[0.214s] -- Up-to-date symlink: /home/swarnava2/hunt_ws/install/clue_hunt_description/share/ament_index/resource_index/parent_prefix_path/clue_hunt_description
[0.215s] -- Up-to-date symlink: /home/swarnava2/hunt_ws/install/clue_hunt_description/share/clue_hunt_description/environment/ament_prefix_path.sh
[0.215s] -- Up-to-date symlink: /home/swarnava2/hunt_ws/install/clue_hunt_description/share/clue_hunt_description/environment/ament_prefix_path.dsv
[0.215s] -- Up-to-date symlink: /home/swarnava2/hunt_ws/install/clue_hunt_description/share/clue_hunt_description/environment/path.sh
[0.215s] -- Up-to-date symlink: /home/swarnava2/hunt_ws/install/clue_hunt_description/share/clue_hunt_description/environment/path.dsv
[0.215s] -- Up-to-date symlink: /home/swarnava2/hunt_ws/install/clue_hunt_description/share/clue_hunt_description/local_setup.bash
[0.215s] -- Up-to-date symlink: /home/swarnava2/hunt_ws/install/clue_hunt_description/share/clue_hunt_description/local_setup.sh
[0.215s] -- Up-to-date symlink: /home/swarnava2/hunt_ws/install/clue_hunt_description/share/clue_hunt_description/local_setup.zsh
[0.215s] -- Up-to-date symlink: /home/swarnava2/hunt_ws/install/clue_hunt_description/share/clue_hunt_description/local_setup.dsv
[0.215s] -- Symlinking: /home/swarnava2/hunt_ws/install/clue_hunt_description/share/clue_hunt_description/package.dsv
[0.223s] -- Up-to-date symlink: /home/swarnava2/hunt_ws/install/clue_hunt_description/share/ament_index/resource_index/packages/clue_hunt_description
[0.223s] -- Up-to-date symlink: /home/swarnava2/hunt_ws/install/clue_hunt_description/share/clue_hunt_description/cmake/clue_hunt_descriptionConfig.cmake
[0.223s] -- Up-to-date symlink: /home/swarnava2/hunt_ws/install/clue_hunt_description/share/clue_hunt_description/cmake/clue_hunt_descriptionConfig-version.cmake
[0.223s] -- Up-to-date symlink: /home/swarnava2/hunt_ws/install/clue_hunt_description/share/clue_hunt_description/package.xml
[0.224s] Invoked command in '/home/swarnava2/hunt_ws/build/clue_hunt_description' returned '0': CMAKE_PREFIX_PATH=${CMAKE_PREFIX_PATH}:/home/swarnava2/hunt_ws/install/clue_hunt_solver:/home/swarnava2/cognipilot/cranium/install/b3rb_ros_line_follower:/opt/ros/humble /usr/bin/cmake --install /home/swarnava2/hunt_ws/build/clue_hunt_description
