[0.073s] DEBUG:colcon:Command line arguments: ['/usr/bin/colcon', 'build']
[0.073s] DEBUG:colcon:Parsed command line arguments: Namespace(log_base=None, log_level=None, verb_name='build', build_base='build', install_base='install', merge_install=False, symlink_install=False, test_result_base=None, continue_on_error=False, executor='parallel', parallel_workers=16, event_handlers=None, ignore_user_meta=False, metas=['./colcon.meta'], base_paths=['.'], packages_ignore=None, packages_ignore_regex=None, paths=None, packages_up_to=None, packages_up_to_regex=None, packages_above=None, packages_above_and_dependencies=None, packages_above_depth=None, packages_select_by_dep=None, packages_skip_by_dep=None, packages_skip_up_to=None, packages_select_build_failed=False, packages_skip_build_finished=False, packages_select_test_failures=False, packages_skip_test_passed=False, packages_select=None, packages_skip=None, packages_select_regex=None, packages_skip_regex=None, packages_start=None, packages_end=None, cmake_args=None, cmake_target=None, cmake_target_skip_unavailable=False, cmake_clean_cache=False, cmake_clean_first=False, cmake_force_configure=False, ament_cmake_args=None, catkin_cmake_args=None, catkin_skip_building_tests=False, verb_parser=<colcon_defaults.argument_parser.defaults.DefaultArgumentsDecorator object at 0x7599f8a21360>, verb_extension=<colcon_core.verb.build.BuildVerb object at 0x7599f8a20e20>, main=<bound method BuildVerb.main of <colcon_core.verb.build.BuildVerb object at 0x7599f8a20e20>>)
[0.185s] Level 1:colcon.colcon_core.package_discovery:discover_packages(colcon_meta) check parameters
[0.185s] Level 1:colcon.colcon_core.package_discovery:discover_packages(recursive) check parameters
[0.185s] Level 1:colcon.colcon_core.package_discovery:discover_packages(ignore) check parameters
[0.185s] Level 1:colcon.colcon_core.package_discovery:discover_packages(path) check parameters
[0.185s] Level 1:colcon.colcon_core.package_discovery:discover_packages(colcon_meta) discover
[0.185s] Level 1:colcon.colcon_core.package_discovery:discover_packages(recursive) discover
[0.185s] INFO:colcon.colcon_core.package_discovery:Crawling recursively for packages in '/home/swarnava2/hunt_ws'
[0.185s] Level 1:colcon.colcon_core.package_identification:_identify(.) by extensions ['ignore', 'ignore_ament_install']
[0.185s] Level 1:colcon.colcon_core.package_identification:_identify(.) by extension 'ignore'
[0.185s] Level 1:colcon.colcon_core.package_identification:_identify(.) by extension 'ignore_ament_install'
[0.185s] Level 1:colcon.colcon_core.package_identification:_identify(.) by extensions ['colcon_pkg']
[0.185s] Level 1:colcon.colcon_core.package_identification:_identify(.) by extension 'colcon_pkg'
[0.185s] Level 1:colcon.colcon_core.package_identification:_identify(.) by extensions ['colcon_meta']
[0.185s] Level 1:colcon.colcon_core.package_identification:_identify(.) by extension 'colcon_meta'
[0.185s] Level 1:colcon.colcon_core.package_identification:_identify(.) by extensions ['ros']
[0.185s] Level 1:colcon.colcon_core.package_identification:_identify(.) by extension 'ros'
[0.193s] Level 1:colcon.colcon_core.package_identification:_identify(.) by extensions ['cmake', 'python']
[0.193s] Level 1:colcon.colcon_core.package_identification:_identify(.) by extension 'cmake'
[0.193s] Level 1:colcon.colcon_core.package_identification:_identify(.) by extension 'python'
[0.193s] Level 1:colcon.colcon_core.package_identification:_identify(.) by extensions ['python_setup_py']
[0.193s] Level 1:colcon.colcon_core.package_identification:_identify(.) by extension 'python_setup_py'
[0.193s] Level 1:colcon.colcon_core.package_identification:_identify(build) by extensions ['ignore', 'ignore_ament_install']
[0.193s] Level 1:colcon.colcon_core.package_identification:_identify(build) by extension 'ignore'
[0.193s] Level 1:colcon.colcon_core.package_identification:_identify(build) ignored
[0.193s] Level 1:colcon.colcon_core.package_identification:_identify(install) by extensions ['ignore', 'ignore_ament_install']
[0.193s] Level 1:colcon.colcon_core.package_identification:_identify(install) by extension 'ignore'
[0.193s] Level 1:colcon.colcon_core.package_identification:_identify(install) ignored
[0.193s] Level 1:colcon.colcon_core.package_identification:_identify(log) by extensions ['ignore', 'ignore_ament_install']
[0.194s] Level 1:colcon.colcon_core.package_identification:_identify(log) by extension 'ignore'
[0.194s] Level 1:colcon.colcon_core.package_identification:_identify(log) ignored
[0.194s] Level 1:colcon.colcon_core.package_identification:_identify(maps) by extensions ['ignore', 'ignore_ament_install']
[0.194s] Level 1:colcon.colcon_core.package_identification:_identify(maps) by extension 'ignore'
[0.194s] Level 1:colcon.colcon_core.package_identification:_identify(maps) by extension 'ignore_ament_install'
[0.194s] Level 1:colcon.colcon_core.package_identification:_identify(maps) by extensions ['colcon_pkg']
[0.194s] Level 1:colcon.colcon_core.package_identification:_identify(maps) by extension 'colcon_pkg'
[0.194s] Level 1:colcon.colcon_core.package_identification:_identify(maps) by extensions ['colcon_meta']
[0.194s] Level 1:colcon.colcon_core.package_identification:_identify(maps) by extension 'colcon_meta'
[0.194s] Level 1:colcon.colcon_core.package_identification:_identify(maps) by extensions ['ros']
[0.194s] Level 1:colcon.colcon_core.package_identification:_identify(maps) by extension 'ros'
[0.194s] Level 1:colcon.colcon_core.package_identification:_identify(maps) by extensions ['cmake', 'python']
[0.194s] Level 1:colcon.colcon_core.package_identification:_identify(maps) by extension 'cmake'
[0.194s] Level 1:colcon.colcon_core.package_identification:_identify(maps) by extension 'python'
[0.194s] Level 1:colcon.colcon_core.package_identification:_identify(maps) by extensions ['python_setup_py']
[0.194s] Level 1:colcon.colcon_core.package_identification:_identify(maps) by extension 'python_setup_py'
[0.194s] Level 1:colcon.colcon_core.package_identification:_identify(src) by extensions ['ignore', 'ignore_ament_install']
[0.194s] Level 1:colcon.colcon_core.package_identification:_identify(src) by extension 'ignore'
[0.194s] Level 1:colcon.colcon_core.package_identification:_identify(src) by extension 'ignore_ament_install'
[0.194s] Level 1:colcon.colcon_core.package_identification:_identify(src) by extensions ['colcon_pkg']
[0.194s] Level 1:colcon.colcon_core.package_identification:_identify(src) by extension 'colcon_pkg'
[0.194s] Level 1:colcon.colcon_core.package_identification:_identify(src) by extensions ['colcon_meta']
[0.194s] Level 1:colcon.colcon_core.package_identification:_identify(src) by extension 'colcon_meta'
[0.194s] Level 1:colcon.colcon_core.package_identification:_identify(src) by extensions ['ros']
[0.194s] Level 1:colcon.colcon_core.package_identification:_identify(src) by extension 'ros'
[0.194s] Level 1:colcon.colcon_core.package_identification:_identify(src) by extensions ['cmake', 'python']
[0.194s] Level 1:colcon.colcon_core.package_identification:_identify(src) by extension 'cmake'
[0.194s] Level 1:colcon.colcon_core.package_identification:_identify(src) by extension 'python'
[0.194s] Level 1:colcon.colcon_core.package_identification:_identify(src) by extensions ['python_setup_py']
[0.194s] Level 1:colcon.colcon_core.package_identification:_identify(src) by extension 'python_setup_py'
[0.194s] Level 1:colcon.colcon_core.package_identification:_identify(src/build) by extensions ['ignore', 'ignore_ament_install']
[0.194s] Level 1:colcon.colcon_core.package_identification:_identify(src/build) by extension 'ignore'
[0.194s] Level 1:colcon.colcon_core.package_identification:_identify(src/build) ignored
[0.194s] Level 1:colcon.colcon_core.package_identification:_identify(src/clue_hunt_description) by extensions ['ignore', 'ignore_ament_install']
[0.195s] Level 1:colcon.colcon_core.package_identification:_identify(src/clue_hunt_description) by extension 'ignore'
[0.195s] Level 1:colcon.colcon_core.package_identification:_identify(src/clue_hunt_description) by extension 'ignore_ament_install'
[0.195s] Level 1:colcon.colcon_core.package_identification:_identify(src/clue_hunt_description) by extensions ['colcon_pkg']
[0.195s] Level 1:colcon.colcon_core.package_identification:_identify(src/clue_hunt_description) by extension 'colcon_pkg'
[0.195s] Level 1:colcon.colcon_core.package_identification:_identify(src/clue_hunt_description) by extensions ['colcon_meta']
[0.195s] Level 1:colcon.colcon_core.package_identification:_identify(src/clue_hunt_description) by extension 'colcon_meta'
[0.195s] Level 1:colcon.colcon_core.package_identification:_identify(src/clue_hunt_description) by extensions ['ros']
[0.195s] Level 1:colcon.colcon_core.package_identification:_identify(src/clue_hunt_description) by extension 'ros'
[0.196s] DEBUG:colcon.colcon_core.package_identification:Package 'src/clue_hunt_description' with type 'ros.ament_cmake' and name 'clue_hunt_description'
[0.197s] Level 1:colcon.colcon_core.package_identification:_identify(src/clue_hunt_gazebo) by extensions ['ignore', 'ignore_ament_install']
[0.197s] Level 1:colcon.colcon_core.package_identification:_identify(src/clue_hunt_gazebo) by extension 'ignore'
[0.197s] Level 1:colcon.colcon_core.package_identification:_identify(src/clue_hunt_gazebo) by extension 'ignore_ament_install'
[0.197s] Level 1:colcon.colcon_core.package_identification:_identify(src/clue_hunt_gazebo) by extensions ['colcon_pkg']
[0.197s] Level 1:colcon.colcon_core.package_identification:_identify(src/clue_hunt_gazebo) by extension 'colcon_pkg'
[0.197s] Level 1:colcon.colcon_core.package_identification:_identify(src/clue_hunt_gazebo) by extensions ['colcon_meta']
[0.197s] Level 1:colcon.colcon_core.package_identification:_identify(src/clue_hunt_gazebo) by extension 'colcon_meta'
[0.197s] Level 1:colcon.colcon_core.package_identification:_identify(src/clue_hunt_gazebo) by extensions ['ros']
[0.197s] Level 1:colcon.colcon_core.package_identification:_identify(src/clue_hunt_gazebo) by extension 'ros'
[0.197s] DEBUG:colcon.colcon_core.package_identification:Package 'src/clue_hunt_gazebo' with type 'ros.ament_cmake' and name 'clue_hunt_gazebo'
[0.197s] Level 1:colcon.colcon_core.package_identification:_identify(src/clue_hunt_navigation) by extensions ['ignore', 'ignore_ament_install']
[0.197s] Level 1:colcon.colcon_core.package_identification:_identify(src/clue_hunt_navigation) by extension 'ignore'
[0.197s] Level 1:colcon.colcon_core.package_identification:_identify(src/clue_hunt_navigation) by extension 'ignore_ament_install'
[0.197s] Level 1:colcon.colcon_core.package_identification:_identify(src/clue_hunt_navigation) by extensions ['colcon_pkg']
[0.197s] Level 1:colcon.colcon_core.package_identification:_identify(src/clue_hunt_navigation) by extension 'colcon_pkg'
[0.197s] Level 1:colcon.colcon_core.package_identification:_identify(src/clue_hunt_navigation) by extensions ['colcon_meta']
[0.197s] Level 1:colcon.colcon_core.package_identification:_identify(src/clue_hunt_navigation) by extension 'colcon_meta'
[0.197s] Level 1:colcon.colcon_core.package_identification:_identify(src/clue_hunt_navigation) by extensions ['ros']
[0.197s] Level 1:colcon.colcon_core.package_identification:_identify(src/clue_hunt_navigation) by extension 'ros'
[0.198s] DEBUG:colcon.colcon_core.package_identification:Package 'src/clue_hunt_navigation' with type 'ros.ament_cmake' and name 'clue_hunt_navigation'
[0.198s] Level 1:colcon.colcon_core.package_identification:_identify(src/clue_hunt_solver) by extensions ['ignore', 'ignore_ament_install']
[0.198s] Level 1:colcon.colcon_core.package_identification:_identify(src/clue_hunt_solver) by extension 'ignore'
[0.198s] Level 1:colcon.colcon_core.package_identification:_identify(src/clue_hunt_solver) by extension 'ignore_ament_install'
[0.198s] Level 1:colcon.colcon_core.package_identification:_identify(src/clue_hunt_solver) by extensions ['colcon_pkg']
[0.198s] Level 1:colcon.colcon_core.package_identification:_identify(src/clue_hunt_solver) by extension 'colcon_pkg'
[0.198s] Level 1:colcon.colcon_core.package_identification:_identify(src/clue_hunt_solver) by extensions ['colcon_meta']
[0.198s] Level 1:colcon.colcon_core.package_identification:_identify(src/clue_hunt_solver) by extension 'colcon_meta'
[0.198s] Level 1:colcon.colcon_core.package_identification:_identify(src/clue_hunt_solver) by extensions ['ros']
[0.198s] Level 1:colcon.colcon_core.package_identification:_identify(src/clue_hunt_solver) by extension 'ros'
[0.198s] DEBUG:colcon.colcon_core.package_identification:Package 'src/clue_hunt_solver' with type 'ros.ament_python' and name 'clue_hunt_solver'
[0.199s] Level 1:colcon.colcon_core.package_identification:_identify(src/install) by extensions ['ignore', 'ignore_ament_install']
[0.199s] Level 1:colcon.colcon_core.package_identification:_identify(src/install) by extension 'ignore'
[0.199s] Level 1:colcon.colcon_core.package_identification:_identify(src/install) ignored
[0.199s] Level 1:colcon.colcon_core.package_identification:_identify(src/log) by extensions ['ignore', 'ignore_ament_install']
[0.199s] Level 1:colcon.colcon_core.package_identification:_identify(src/log) by extension 'ignore'
[0.199s] Level 1:colcon.colcon_core.package_identification:_identify(src/log) ignored
[0.199s] Level 1:colcon.colcon_core.package_discovery:discover_packages(recursive) using defaults
[0.199s] Level 1:colcon.colcon_core.package_discovery:discover_packages(ignore) discover
[0.199s] Level 1:colcon.colcon_core.package_discovery:discover_packages(ignore) using defaults
[0.199s] Level 1:colcon.colcon_core.package_discovery:discover_packages(path) discover
[0.199s] Level 1:colcon.colcon_core.package_discovery:discover_packages(path) using defaults
[0.224s] Level 5:colcon.colcon_core.verb:set package 'clue_hunt_description' build argument 'cmake_args' from command line to 'None'
[0.224s] Level 5:colcon.colcon_core.verb:set package 'clue_hunt_description' build argument 'cmake_target' from command line to 'None'
[0.224s] Level 5:colcon.colcon_core.verb:set package 'clue_hunt_description' build argument 'cmake_target_skip_unavailable' from command line to 'False'
[0.224s] Level 5:colcon.colcon_core.verb:set package 'clue_hunt_description' build argument 'cmake_clean_cache' from command line to 'False'
[0.224s] Level 5:colcon.colcon_core.verb:set package 'clue_hunt_description' build argument 'cmake_clean_first' from command line to 'False'
[0.224s] Level 5:colcon.colcon_core.verb:set package 'clue_hunt_description' build argument 'cmake_force_configure' from command line to 'False'
[0.224s] Level 5:colcon.colcon_core.verb:set package 'clue_hunt_description' build argument 'ament_cmake_args' from command line to 'None'
[0.224s] Level 5:colcon.colcon_core.verb:set package 'clue_hunt_description' build argument 'catkin_cmake_args' from command line to 'None'
[0.224s] Level 5:colcon.colcon_core.verb:set package 'clue_hunt_description' build argument 'catkin_skip_building_tests' from command line to 'False'
[0.224s] DEBUG:colcon.colcon_core.verb:Building package 'clue_hunt_description' with the following arguments: {'ament_cmake_args': None, 'build_base': '/home/swarnava2/hunt_ws/build/clue_hunt_description', 'catkin_cmake_args': None, 'catkin_skip_building_tests': False, 'cmake_args': None, 'cmake_clean_cache': False, 'cmake_clean_first': False, 'cmake_force_configure': False, 'cmake_target': None, 'cmake_target_skip_unavailable': False, 'install_base': '/home/swarnava2/hunt_ws/install/clue_hunt_description', 'merge_install': False, 'path': '/home/swarnava2/hunt_ws/src/clue_hunt_description', 'symlink_install': False, 'test_result_base': None}
[0.224s] Level 5:colcon.colcon_core.verb:set package 'clue_hunt_solver' build argument 'cmake_args' from command line to 'None'
[0.224s] Level 5:colcon.colcon_core.verb:set package 'clue_hunt_solver' build argument 'cmake_target' from command line to 'None'
[0.224s] Level 5:colcon.colcon_core.verb:set package 'clue_hunt_solver' build argument 'cmake_target_skip_unavailable' from command line to 'False'
[0.224s] Level 5:colcon.colcon_core.verb:set package 'clue_hunt_solver' build argument 'cmake_clean_cache' from command line to 'False'
[0.224s] Level 5:colcon.colcon_core.verb:set package 'clue_hunt_solver' build argument 'cmake_clean_first' from command line to 'False'
[0.224s] Level 5:colcon.colcon_core.verb:set package 'clue_hunt_solver' build argument 'cmake_force_configure' from command line to 'False'
[0.224s] Level 5:colcon.colcon_core.verb:set package 'clue_hunt_solver' build argument 'ament_cmake_args' from command line to 'None'
[0.224s] Level 5:colcon.colcon_core.verb:set package 'clue_hunt_solver' build argument 'catkin_cmake_args' from command line to 'None'
[0.224s] Level 5:colcon.colcon_core.verb:set package 'clue_hunt_solver' build argument 'catkin_skip_building_tests' from command line to 'False'
[0.224s] DEBUG:colcon.colcon_core.verb:Building package 'clue_hunt_solver' with the following arguments: {'ament_cmake_args': None, 'build_base': '/home/swarnava2/hunt_ws/build/clue_hunt_solver', 'catkin_cmake_args': None, 'catkin_skip_building_tests': False, 'cmake_args': None, 'cmake_clean_cache': False, 'cmake_clean_first': False, 'cmake_force_configure': False, 'cmake_target': None, 'cmake_target_skip_unavailable': False, 'install_base': '/home/swarnava2/hunt_ws/install/clue_hunt_solver', 'merge_install': False, 'path': '/home/swarnava2/hunt_ws/src/clue_hunt_solver', 'symlink_install': False, 'test_result_base': None}
[0.225s] Level 5:colcon.colcon_core.verb:set package 'clue_hunt_gazebo' build argument 'cmake_args' from command line to 'None'
[0.225s] Level 5:colcon.colcon_core.verb:set package 'clue_hunt_gazebo' build argument 'cmake_target' from command line to 'None'
[0.225s] Level 5:colcon.colcon_core.verb:set package 'clue_hunt_gazebo' build argument 'cmake_target_skip_unavailable' from command line to 'False'
[0.225s] Level 5:colcon.colcon_core.verb:set package 'clue_hunt_gazebo' build argument 'cmake_clean_cache' from command line to 'False'
[0.225s] Level 5:colcon.colcon_core.verb:set package 'clue_hunt_gazebo' build argument 'cmake_clean_first' from command line to 'False'
[0.225s] Level 5:colcon.colcon_core.verb:set package 'clue_hunt_gazebo' build argument 'cmake_force_configure' from command line to 'False'
[0.225s] Level 5:colcon.colcon_core.verb:set package 'clue_hunt_gazebo' build argument 'ament_cmake_args' from command line to 'None'
[0.225s] Level 5:colcon.colcon_core.verb:set package 'clue_hunt_gazebo' build argument 'catkin_cmake_args' from command line to 'None'
[0.225s] Level 5:colcon.colcon_core.verb:set package 'clue_hunt_gazebo' build argument 'catkin_skip_building_tests' from command line to 'False'
[0.225s] DEBUG:colcon.colcon_core.verb:Building package 'clue_hunt_gazebo' with the following arguments: {'ament_cmake_args': None, 'build_base': '/home/swarnava2/hunt_ws/build/clue_hunt_gazebo', 'catkin_cmake_args': None, 'catkin_skip_building_tests': False, 'cmake_args': None, 'cmake_clean_cache': False, 'cmake_clean_first': False, 'cmake_force_configure': False, 'cmake_target': None, 'cmake_target_skip_unavailable': False, 'install_base': '/home/swarnava2/hunt_ws/install/clue_hunt_gazebo', 'merge_install': False, 'path': '/home/swarnava2/hunt_ws/src/clue_hunt_gazebo', 'symlink_install': False, 'test_result_base': None}
[0.225s] Level 5:colcon.colcon_core.verb:set package 'clue_hunt_navigation' build argument 'cmake_args' from command line to 'None'
[0.225s] Level 5:colcon.colcon_core.verb:set package 'clue_hunt_navigation' build argument 'cmake_target' from command line to 'None'
[0.225s] Level 5:colcon.colcon_core.verb:set package 'clue_hunt_navigation' build argument 'cmake_target_skip_unavailable' from command line to 'False'
[0.225s] Level 5:colcon.colcon_core.verb:set package 'clue_hunt_navigation' build argument 'cmake_clean_cache' from command line to 'False'
[0.225s] Level 5:colcon.colcon_core.verb:set package 'clue_hunt_navigation' build argument 'cmake_clean_first' from command line to 'False'
[0.225s] Level 5:colcon.colcon_core.verb:set package 'clue_hunt_navigation' build argument 'cmake_force_configure' from command line to 'False'
[0.225s] Level 5:colcon.colcon_core.verb:set package 'clue_hunt_navigation' build argument 'ament_cmake_args' from command line to 'None'
[0.225s] Level 5:colcon.colcon_core.verb:set package 'clue_hunt_navigation' build argument 'catkin_cmake_args' from command line to 'None'
[0.225s] Level 5:colcon.colcon_core.verb:set package 'clue_hunt_navigation' build argument 'catkin_skip_building_tests' from command line to 'False'
[0.225s] DEBUG:colcon.colcon_core.verb:Building package 'clue_hunt_navigation' with the following arguments: {'ament_cmake_args': None, 'build_base': '/home/swarnava2/hunt_ws/build/clue_hunt_navigation', 'catkin_cmake_args': None, 'catkin_skip_building_tests': False, 'cmake_args': None, 'cmake_clean_cache': False, 'cmake_clean_first': False, 'cmake_force_configure': False, 'cmake_target': None, 'cmake_target_skip_unavailable': False, 'install_base': '/home/swarnava2/hunt_ws/install/clue_hunt_navigation', 'merge_install': False, 'path': '/home/swarnava2/hunt_ws/src/clue_hunt_navigation', 'symlink_install': False, 'test_result_base': None}
[0.225s] INFO:colcon.colcon_core.executor:Executing jobs using 'parallel' executor
[0.226s] DEBUG:colcon.colcon_parallel_executor.executor.parallel:run_until_complete
[0.226s] INFO:colcon.colcon_ros.task.ament_cmake.build:Building ROS package in '/home/swarnava2/hunt_ws/src/clue_hunt_description' with build type 'ament_cmake'
[0.227s] INFO:colcon.colcon_cmake.task.cmake.build:Building CMake package in '/home/swarnava2/hunt_ws/src/clue_hunt_description'
[0.228s] INFO:colcon.colcon_core.plugin_system:Skipping extension 'colcon_core.shell.bat': Not used on non-Windows systems
[0.228s] INFO:colcon.colcon_core.shell:Skip shell extension 'powershell' for command environment: Not usable outside of PowerShell
[0.228s] DEBUG:colcon.colcon_core.shell:Skip shell extension 'dsv' for command environment
[0.232s] INFO:colcon.colcon_ros.task.ament_python.build:Building ROS package in '/home/swarnava2/hunt_ws/src/clue_hunt_solver' with build type 'ament_python'
[0.232s] Level 1:colcon.colcon_core.shell:create_environment_hook('clue_hunt_solver', 'ament_prefix_path')
[0.232s] INFO:colcon.colcon_core.shell:Creating environment hook '/home/swarnava2/hunt_ws/install/clue_hunt_solver/share/clue_hunt_solver/hook/ament_prefix_path.ps1'
[0.233s] INFO:colcon.colcon_core.shell:Creating environment descriptor '/home/swarnava2/hunt_ws/install/clue_hunt_solver/share/clue_hunt_solver/hook/ament_prefix_path.dsv'
[0.233s] INFO:colcon.colcon_core.shell:Creating environment hook '/home/swarnava2/hunt_ws/install/clue_hunt_solver/share/clue_hunt_solver/hook/ament_prefix_path.sh'
[0.234s] INFO:colcon.colcon_core.shell:Skip shell extension 'powershell' for command environment: Not usable outside of PowerShell
[0.234s] DEBUG:colcon.colcon_core.shell:Skip shell extension 'dsv' for command environment
[0.240s] DEBUG:colcon.colcon_core.event_handler.log_command:Invoking command in '/home/swarnava2/hunt_ws/build/clue_hunt_description': CMAKE_PREFIX_PATH=${CMAKE_PREFIX_PATH}:/home/swarnava2/hunt_ws/install/clue_hunt_solver:/home/swarnava2/cognipilot/cranium/install/b3rb_ros_line_follower:/opt/ros/humble /usr/bin/cmake --build /home/swarnava2/hunt_ws/build/clue_hunt_description -- -j16 -l16
[0.421s] INFO:colcon.colcon_core.task.python.build:Building Python package in '/home/swarnava2/hunt_ws/src/clue_hunt_solver'
[0.421s] INFO:colcon.colcon_core.shell:Skip shell extension 'powershell' for command environment: Not usable outside of PowerShell
[0.421s] DEBUG:colcon.colcon_core.shell:Skip shell extension 'dsv' for command environment
[0.426s] DEBUG:colcon.colcon_core.event_handler.log_command:Invoked command in '/home/swarnava2/hunt_ws/build/clue_hunt_description' returned '0': CMAKE_PREFIX_PATH=${CMAKE_PREFIX_PATH}:/home/swarnava2/hunt_ws/install/clue_hunt_solver:/home/swarnava2/cognipilot/cranium/install/b3rb_ros_line_follower:/opt/ros/humble /usr/bin/cmake --build /home/swarnava2/hunt_ws/build/clue_hunt_description -- -j16 -l16
[0.434s] DEBUG:colcon.colcon_core.event_handler.log_command:Invoking command in '/home/swarnava2/hunt_ws/build/clue_hunt_description': CMAKE_PREFIX_PATH=${CMAKE_PREFIX_PATH}:/home/swarnava2/hunt_ws/install/clue_hunt_solver:/home/swarnava2/cognipilot/cranium/install/b3rb_ros_line_follower:/opt/ros/humble /usr/bin/cmake --install /home/swarnava2/hunt_ws/build/clue_hunt_description
[0.451s] Level 1:colcon.colcon_core.environment:create_environment_scripts_only(clue_hunt_description)
[0.451s] DEBUG:colcon.colcon_core.event_handler.log_command:Invoked command in '/home/swarnava2/hunt_ws/build/clue_hunt_description' returned '0': CMAKE_PREFIX_PATH=${CMAKE_PREFIX_PATH}:/home/swarnava2/hunt_ws/install/clue_hunt_solver:/home/swarnava2/cognipilot/cranium/install/b3rb_ros_line_follower:/opt/ros/humble /usr/bin/cmake --install /home/swarnava2/hunt_ws/build/clue_hunt_description
[0.453s] Level 1:colcon.colcon_core.environment:checking '/home/swarnava2/hunt_ws/install/clue_hunt_description' for CMake module files
[0.454s] Level 1:colcon.colcon_core.environment:checking '/home/swarnava2/hunt_ws/install/clue_hunt_description' for CMake config files
[0.454s] Level 1:colcon.colcon_core.shell:create_environment_hook('clue_hunt_description', 'cmake_prefix_path')
[0.455s] INFO:colcon.colcon_core.shell:Creating environment hook '/home/swarnava2/hunt_ws/install/clue_hunt_description/share/clue_hunt_description/hook/cmake_prefix_path.ps1'
[0.455s] INFO:colcon.colcon_core.shell:Creating environment descriptor '/home/swarnava2/hunt_ws/install/clue_hunt_description/share/clue_hunt_description/hook/cmake_prefix_path.dsv'
[0.455s] INFO:colcon.colcon_core.shell:Creating environment hook '/home/swarnava2/hunt_ws/install/clue_hunt_description/share/clue_hunt_description/hook/cmake_prefix_path.sh'
[0.456s] Level 1:colcon.colcon_core.environment:checking '/home/swarnava2/hunt_ws/install/clue_hunt_description/bin'
[0.456s] Level 1:colcon.colcon_core.environment:checking '/home/swarnava2/hunt_ws/install/clue_hunt_description/lib/pkgconfig/clue_hunt_description.pc'
[0.456s] Level 1:colcon.colcon_core.environment:checking '/home/swarnava2/hunt_ws/install/clue_hunt_description/lib/python3.10/site-packages'
[0.457s] Level 1:colcon.colcon_core.environment:checking '/home/swarnava2/hunt_ws/install/clue_hunt_description/bin'
[0.457s] INFO:colcon.colcon_core.shell:Creating package script '/home/swarnava2/hunt_ws/install/clue_hunt_description/share/clue_hunt_description/package.ps1'
[0.458s] INFO:colcon.colcon_core.shell:Creating package descriptor '/home/swarnava2/hunt_ws/install/clue_hunt_description/share/clue_hunt_description/package.dsv'
[0.458s] INFO:colcon.colcon_core.shell:Creating package script '/home/swarnava2/hunt_ws/install/clue_hunt_description/share/clue_hunt_description/package.sh'
[0.459s] INFO:colcon.colcon_core.shell:Creating package script '/home/swarnava2/hunt_ws/install/clue_hunt_description/share/clue_hunt_description/package.bash'
[0.460s] INFO:colcon.colcon_core.shell:Creating package script '/home/swarnava2/hunt_ws/install/clue_hunt_description/share/clue_hunt_description/package.zsh'
[0.460s] Level 1:colcon.colcon_core.environment:create_file_with_runtime_dependencies(/home/swarnava2/hunt_ws/install/clue_hunt_description/share/colcon-core/packages/clue_hunt_description)
[0.461s] Level 1:colcon.colcon_core.environment:create_environment_scripts_only(clue_hunt_description)
[0.461s] Level 1:colcon.colcon_core.environment:checking '/home/swarnava2/hunt_ws/install/clue_hunt_description' for CMake module files
[0.461s] Level 1:colcon.colcon_core.environment:checking '/home/swarnava2/hunt_ws/install/clue_hunt_description' for CMake config files
[0.461s] Level 1:colcon.colcon_core.shell:create_environment_hook('clue_hunt_description', 'cmake_prefix_path')
[0.461s] INFO:colcon.colcon_core.shell:Creating environment hook '/home/swarnava2/hunt_ws/install/clue_hunt_description/share/clue_hunt_description/hook/cmake_prefix_path.ps1'
[0.462s] INFO:colcon.colcon_core.shell:Creating environment descriptor '/home/swarnava2/hunt_ws/install/clue_hunt_description/share/clue_hunt_description/hook/cmake_prefix_path.dsv'
[0.462s] INFO:colcon.colcon_core.shell:Creating environment hook '/home/swarnava2/hunt_ws/install/clue_hunt_description/share/clue_hunt_description/hook/cmake_prefix_path.sh'
[0.462s] Level 1:colcon.colcon_core.environment:checking '/home/swarnava2/hunt_ws/install/clue_hunt_description/bin'
[0.462s] Level 1:colcon.colcon_core.environment:checking '/home/swarnava2/hunt_ws/install/clue_hunt_description/lib/pkgconfig/clue_hunt_description.pc'
[0.462s] Level 1:colcon.colcon_core.environment:checking '/home/swarnava2/hunt_ws/install/clue_hunt_description/lib/python3.10/site-packages'
[0.463s] Level 1:colcon.colcon_core.environment:checking '/home/swarnava2/hunt_ws/install/clue_hunt_description/bin'
[0.463s] INFO:colcon.colcon_core.shell:Creating package script '/home/swarnava2/hunt_ws/install/clue_hunt_description/share/clue_hunt_description/package.ps1'
[0.463s] INFO:colcon.colcon_core.shell:Creating package descriptor '/home/swarnava2/hunt_ws/install/clue_hunt_description/share/clue_hunt_description/package.dsv'
[0.463s] INFO:colcon.colcon_core.shell:Creating package script '/home/swarnava2/hunt_ws/install/clue_hunt_description/share/clue_hunt_description/package.sh'
[0.464s] INFO:colcon.colcon_core.shell:Creating package script '/home/swarnava2/hunt_ws/install/clue_hunt_description/share/clue_hunt_description/package.bash'
[0.464s] INFO:colcon.colcon_core.shell:Creating package script '/home/swarnava2/hunt_ws/install/clue_hunt_description/share/clue_hunt_description/package.zsh'
[0.464s] Level 1:colcon.colcon_core.environment:create_file_with_runtime_dependencies(/home/swarnava2/hunt_ws/install/clue_hunt_description/share/colcon-core/packages/clue_hunt_description)
[0.464s] INFO:colcon.colcon_ros.task.ament_cmake.build:Building ROS package in '/home/swarnava2/hunt_ws/src/clue_hunt_gazebo' with build type 'ament_cmake'
[0.464s] INFO:colcon.colcon_cmake.task.cmake.build:Building CMake package in '/home/swarnava2/hunt_ws/src/clue_hunt_gazebo'
[0.465s] INFO:colcon.colcon_core.shell:Skip shell extension 'powershell' for command environment: Not usable outside of PowerShell
[0.465s] DEBUG:colcon.colcon_core.shell:Skip shell extension 'dsv' for command environment
[0.474s] DEBUG:colcon.colcon_core.event_handler.log_command:Invoking command in '/home/swarnava2/hunt_ws/build/clue_hunt_gazebo': CMAKE_PREFIX_PATH=/home/swarnava2/hunt_ws/install/clue_hunt_description:/home/swarnava2/hunt_ws/install/clue_hunt_navigation:/home/swarnava2/hunt_ws/install/clue_hunt_gazebo:/home/swarnava2/cognipilot/cranium/install/synapse_ros:/home/swarnava2/cognipilot/cranium/install/synapse_gz:/home/swarnava2/cognipilot/cranium/install/synapse_tinyframe:/home/swarnava2/cognipilot/cranium/install/synapse_protobuf:/home/swarnava2/cognipilot/cranium/install/corti:/home/swarnava2/cognipilot/cranium/install/synapse_msgs:/home/swarnava2/cognipilot/cranium/install/dream_world:/home/swarnava2/cognipilot/cranium/install/cerebri_bringup:/home/swarnava2/cognipilot/cranium/install/b3rb_simulator:/home/swarnava2/cognipilot/cranium/install/b3rb_desktop:/home/swarnava2/cognipilot/cranium/install/b3rb_rviz:/home/swarnava2/cognipilot/cranium/install/b3rb_nav2:/home/swarnava2/cognipilot/cranium/install/b3rb_gz_resource:/home/swarnava2/cognipilot/cranium/install/b3rb_gz_bringup:/home/swarnava2/cognipilot/cranium/install/b3rb_description:/home/swarnava2/cognipilot/electrode/install/electrode:/home/swarnava2/hunt_ws/install/clue_hunt_solver:/home/swarnava2/cognipilot/cranium/install/b3rb_ros_line_follower:/opt/ros/humble /usr/bin/cmake --build /home/swarnava2/hunt_ws/build/clue_hunt_gazebo -- -j16 -l16
[0.502s] DEBUG:colcon.colcon_core.event_handler.log_command:Invoked command in '/home/swarnava2/hunt_ws/build/clue_hunt_gazebo' returned '0': CMAKE_PREFIX_PATH=/home/swarnava2/hunt_ws/install/clue_hunt_description:/home/swarnava2/hunt_ws/install/clue_hunt_navigation:/home/swarnava2/hunt_ws/install/clue_hunt_gazebo:/home/swarnava2/cognipilot/cranium/install/synapse_ros:/home/swarnava2/cognipilot/cranium/install/synapse_gz:/home/swarnava2/cognipilot/cranium/install/synapse_tinyframe:/home/swarnava2/cognipilot/cranium/install/synapse_protobuf:/home/swarnava2/cognipilot/cranium/install/corti:/home/swarnava2/cognipilot/cranium/install/synapse_msgs:/home/swarnava2/cognipilot/cranium/install/dream_world:/home/swarnava2/cognipilot/cranium/install/cerebri_bringup:/home/swarnava2/cognipilot/cranium/install/b3rb_simulator:/home/swarnava2/cognipilot/cranium/install/b3rb_desktop:/home/swarnava2/cognipilot/cranium/install/b3rb_rviz:/home/swarnava2/cognipilot/cranium/install/b3rb_nav2:/home/swarnava2/cognipilot/cranium/install/b3rb_gz_resource:/home/swarnava2/cognipilot/cranium/install/b3rb_gz_bringup:/home/swarnava2/cognipilot/cranium/install/b3rb_description:/home/swarnava2/cognipilot/electrode/install/electrode:/home/swarnava2/hunt_ws/install/clue_hunt_solver:/home/swarnava2/cognipilot/cranium/install/b3rb_ros_line_follower:/opt/ros/humble /usr/bin/cmake --build /home/swarnava2/hunt_ws/build/clue_hunt_gazebo -- -j16 -l16
[0.503s] DEBUG:colcon.colcon_core.event_handler.log_command:Invoking command in '/home/swarnava2/hunt_ws/build/clue_hunt_gazebo': CMAKE_PREFIX_PATH=/home/swarnava2/hunt_ws/install/clue_hunt_description:/home/swarnava2/hunt_ws/install/clue_hunt_navigation:/home/swarnava2/hunt_ws/install/clue_hunt_gazebo:/home/swarnava2/cognipilot/cranium/install/synapse_ros:/home/swarnava2/cognipilot/cranium/install/synapse_gz:/home/swarnava2/cognipilot/cranium/install/synapse_tinyframe:/home/swarnava2/cognipilot/cranium/install/synapse_protobuf:/home/swarnava2/cognipilot/cranium/install/corti:/home/swarnava2/cognipilot/cranium/install/synapse_msgs:/home/swarnava2/cognipilot/cranium/install/dream_world:/home/swarnava2/cognipilot/cranium/install/cerebri_bringup:/home/swarnava2/cognipilot/cranium/install/b3rb_simulator:/home/swarnava2/cognipilot/cranium/install/b3rb_desktop:/home/swarnava2/cognipilot/cranium/install/b3rb_rviz:/home/swarnava2/cognipilot/cranium/install/b3rb_nav2:/home/swarnava2/cognipilot/cranium/install/b3rb_gz_resource:/home/swarnava2/cognipilot/cranium/install/b3rb_gz_bringup:/home/swarnava2/cognipilot/cranium/install/b3rb_description:/home/swarnava2/cognipilot/electrode/install/electrode:/home/swarnava2/hunt_ws/install/clue_hunt_solver:/home/swarnava2/cognipilot/cranium/install/b3rb_ros_line_follower:/opt/ros/humble /usr/bin/cmake --install /home/swarnava2/hunt_ws/build/clue_hunt_gazebo
[0.520s] Level 1:colcon.colcon_core.environment:create_environment_scripts_only(clue_hunt_gazebo)
[0.520s] Level 1:colcon.colcon_core.environment:checking '/home/swarnava2/hunt_ws/install/clue_hunt_gazebo' for CMake module files
[0.520s] DEBUG:colcon.colcon_core.event_handler.log_command:Invoked command in '/home/swarnava2/hunt_ws/build/clue_hunt_gazebo' returned '0': CMAKE_PREFIX_PATH=/home/swarnava2/hunt_ws/install/clue_hunt_description:/home/swarnava2/hunt_ws/install/clue_hunt_navigation:/home/swarnava2/hunt_ws/install/clue_hunt_gazebo:/home/swarnava2/cognipilot/cranium/install/synapse_ros:/home/swarnava2/cognipilot/cranium/install/synapse_gz:/home/swarnava2/cognipilot/cranium/install/synapse_tinyframe:/home/swarnava2/cognipilot/cranium/install/synapse_protobuf:/home/swarnava2/cognipilot/cranium/install/corti:/home/swarnava2/cognipilot/cranium/install/synapse_msgs:/home/swarnava2/cognipilot/cranium/install/dream_world:/home/swarnava2/cognipilot/cranium/install/cerebri_bringup:/home/swarnava2/cognipilot/cranium/install/b3rb_simulator:/home/swarnava2/cognipilot/cranium/install/b3rb_desktop:/home/swarnava2/cognipilot/cranium/install/b3rb_rviz:/home/swarnava2/cognipilot/cranium/install/b3rb_nav2:/home/swarnava2/cognipilot/cranium/install/b3rb_gz_resource:/home/swarnava2/cognipilot/cranium/install/b3rb_gz_bringup:/home/swarnava2/cognipilot/cranium/install/b3rb_description:/home/swarnava2/cognipilot/electrode/install/electrode:/home/swarnava2/hunt_ws/install/clue_hunt_solver:/home/swarnava2/cognipilot/cranium/install/b3rb_ros_line_follower:/opt/ros/humble /usr/bin/cmake --install /home/swarnava2/hunt_ws/build/clue_hunt_gazebo
[0.521s] Level 1:colcon.colcon_core.environment:checking '/home/swarnava2/hunt_ws/install/clue_hunt_gazebo' for CMake config files
[0.521s] Level 1:colcon.colcon_core.shell:create_environment_hook('clue_hunt_gazebo', 'cmake_prefix_path')
[0.521s] INFO:colcon.colcon_core.shell:Creating environment hook '/home/swarnava2/hunt_ws/install/clue_hunt_gazebo/share/clue_hunt_gazebo/hook/cmake_prefix_path.ps1'
[0.522s] INFO:colcon.colcon_core.shell:Creating environment descriptor '/home/swarnava2/hunt_ws/install/clue_hunt_gazebo/share/clue_hunt_gazebo/hook/cmake_prefix_path.dsv'
[0.522s] INFO:colcon.colcon_core.shell:Creating environment hook '/home/swarnava2/hunt_ws/install/clue_hunt_gazebo/share/clue_hunt_gazebo/hook/cmake_prefix_path.sh'
[0.522s] Level 1:colcon.colcon_core.environment:checking '/home/swarnava2/hunt_ws/install/clue_hunt_gazebo/bin'
[0.522s] Level 1:colcon.colcon_core.environment:checking '/home/swarnava2/hunt_ws/install/clue_hunt_gazebo/lib/pkgconfig/clue_hunt_gazebo.pc'
[0.522s] Level 1:colcon.colcon_core.environment:checking '/home/swarnava2/hunt_ws/install/clue_hunt_gazebo/lib/python3.10/site-packages'
[0.523s] Level 1:colcon.colcon_core.environment:checking '/home/swarnava2/hunt_ws/install/clue_hunt_gazebo/bin'
[0.523s] INFO:colcon.colcon_core.shell:Creating package script '/home/swarnava2/hunt_ws/install/clue_hunt_gazebo/share/clue_hunt_gazebo/package.ps1'
[0.523s] INFO:colcon.colcon_core.shell:Creating package descriptor '/home/swarnava2/hunt_ws/install/clue_hunt_gazebo/share/clue_hunt_gazebo/package.dsv'
[0.523s] INFO:colcon.colcon_core.shell:Creating package script '/home/swarnava2/hunt_ws/install/clue_hunt_gazebo/share/clue_hunt_gazebo/package.sh'
[0.524s] INFO:colcon.colcon_core.shell:Creating package script '/home/swarnava2/hunt_ws/install/clue_hunt_gazebo/share/clue_hunt_gazebo/package.bash'
[0.524s] INFO:colcon.colcon_core.shell:Creating package script '/home/swarnava2/hunt_ws/install/clue_hunt_gazebo/share/clue_hunt_gazebo/package.zsh'
[0.524s] Level 1:colcon.colcon_core.environment:create_file_with_runtime_dependencies(/home/swarnava2/hunt_ws/install/clue_hunt_gazebo/share/colcon-core/packages/clue_hunt_gazebo)
[0.524s] Level 1:colcon.colcon_core.environment:create_environment_scripts_only(clue_hunt_gazebo)
[0.525s] Level 1:colcon.colcon_core.environment:checking '/home/swarnava2/hunt_ws/install/clue_hunt_gazebo' for CMake module files
[0.525s] Level 1:colcon.colcon_core.environment:checking '/home/swarnava2/hunt_ws/install/clue_hunt_gazebo' for CMake config files
[0.525s] Level 1:colcon.colcon_core.shell:create_environment_hook('clue_hunt_gazebo', 'cmake_prefix_path')
[0.525s] INFO:colcon.colcon_core.shell:Creating environment hook '/home/swarnava2/hunt_ws/install/clue_hunt_gazebo/share/clue_hunt_gazebo/hook/cmake_prefix_path.ps1'
[0.526s] INFO:colcon.colcon_core.shell:Creating environment descriptor '/home/swarnava2/hunt_ws/install/clue_hunt_gazebo/share/clue_hunt_gazebo/hook/cmake_prefix_path.dsv'
[0.526s] INFO:colcon.colcon_core.shell:Creating environment hook '/home/swarnava2/hunt_ws/install/clue_hunt_gazebo/share/clue_hunt_gazebo/hook/cmake_prefix_path.sh'
[0.526s] Level 1:colcon.colcon_core.environment:checking '/home/swarnava2/hunt_ws/install/clue_hunt_gazebo/bin'
[0.526s] Level 1:colcon.colcon_core.environment:checking '/home/swarnava2/hunt_ws/install/clue_hunt_gazebo/lib/pkgconfig/clue_hunt_gazebo.pc'
[0.526s] Level 1:colcon.colcon_core.environment:checking '/home/swarnava2/hunt_ws/install/clue_hunt_gazebo/lib/python3.10/site-packages'
[0.527s] Level 1:colcon.colcon_core.environment:checking '/home/swarnava2/hunt_ws/install/clue_hunt_gazebo/bin'
[0.527s] INFO:colcon.colcon_core.shell:Creating package script '/home/swarnava2/hunt_ws/install/clue_hunt_gazebo/share/clue_hunt_gazebo/package.ps1'
[0.527s] INFO:colcon.colcon_core.shell:Creating package descriptor '/home/swarnava2/hunt_ws/install/clue_hunt_gazebo/share/clue_hunt_gazebo/package.dsv'
[0.528s] INFO:colcon.colcon_core.shell:Creating package script '/home/swarnava2/hunt_ws/install/clue_hunt_gazebo/share/clue_hunt_gazebo/package.sh'
[0.528s] INFO:colcon.colcon_core.shell:Creating package script '/home/swarnava2/hunt_ws/install/clue_hunt_gazebo/share/clue_hunt_gazebo/package.bash'
[0.528s] INFO:colcon.colcon_core.shell:Creating package script '/home/swarnava2/hunt_ws/install/clue_hunt_gazebo/share/clue_hunt_gazebo/package.zsh'
[0.528s] Level 1:colcon.colcon_core.environment:create_file_with_runtime_dependencies(/home/swarnava2/hunt_ws/install/clue_hunt_gazebo/share/colcon-core/packages/clue_hunt_gazebo)
[0.529s] INFO:colcon.colcon_ros.task.ament_cmake.build:Building ROS package in '/home/swarnava2/hunt_ws/src/clue_hunt_navigation' with build type 'ament_cmake'
[0.529s] INFO:colcon.colcon_cmake.task.cmake.build:Building CMake package in '/home/swarnava2/hunt_ws/src/clue_hunt_navigation'
[0.529s] INFO:colcon.colcon_core.shell:Skip shell extension 'powershell' for command environment: Not usable outside of PowerShell
[0.529s] DEBUG:colcon.colcon_core.shell:Skip shell extension 'dsv' for command environment
[0.537s] DEBUG:colcon.colcon_core.event_handler.log_command:Invoking command in '/home/swarnava2/hunt_ws/build/clue_hunt_navigation': CMAKE_PREFIX_PATH=/home/swarnava2/hunt_ws/install/clue_hunt_gazebo:/home/swarnava2/hunt_ws/install/clue_hunt_description:/home/swarnava2/hunt_ws/install/clue_hunt_navigation:/home/swarnava2/cognipilot/cranium/install/synapse_ros:/home/swarnava2/cognipilot/cranium/install/synapse_gz:/home/swarnava2/cognipilot/cranium/install/synapse_tinyframe:/home/swarnava2/cognipilot/cranium/install/synapse_protobuf:/home/swarnava2/cognipilot/cranium/install/corti:/home/swarnava2/cognipilot/cranium/install/synapse_msgs:/home/swarnava2/cognipilot/cranium/install/dream_world:/home/swarnava2/cognipilot/cranium/install/cerebri_bringup:/home/swarnava2/cognipilot/cranium/install/b3rb_simulator:/home/swarnava2/cognipilot/cranium/install/b3rb_desktop:/home/swarnava2/cognipilot/cranium/install/b3rb_rviz:/home/swarnava2/cognipilot/cranium/install/b3rb_nav2:/home/swarnava2/cognipilot/cranium/install/b3rb_gz_resource:/home/swarnava2/cognipilot/cranium/install/b3rb_gz_bringup:/home/swarnava2/cognipilot/cranium/install/b3rb_description:/home/swarnava2/cognipilot/electrode/install/electrode:/home/swarnava2/hunt_ws/install/clue_hunt_solver:/home/swarnava2/cognipilot/cranium/install/b3rb_ros_line_follower:/opt/ros/humble /usr/bin/cmake --build /home/swarnava2/hunt_ws/build/clue_hunt_navigation -- -j16 -l16
[0.568s] DEBUG:colcon.colcon_core.event_handler.log_command:Invoked command in '/home/swarnava2/hunt_ws/build/clue_hunt_navigation' returned '0': CMAKE_PREFIX_PATH=/home/swarnava2/hunt_ws/install/clue_hunt_gazebo:/home/swarnava2/hunt_ws/install/clue_hunt_description:/home/swarnava2/hunt_ws/install/clue_hunt_navigation:/home/swarnava2/cognipilot/cranium/install/synapse_ros:/home/swarnava2/cognipilot/cranium/install/synapse_gz:/home/swarnava2/cognipilot/cranium/install/synapse_tinyframe:/home/swarnava2/cognipilot/cranium/install/synapse_protobuf:/home/swarnava2/cognipilot/cranium/install/corti:/home/swarnava2/cognipilot/cranium/install/synapse_msgs:/home/swarnava2/cognipilot/cranium/install/dream_world:/home/swarnava2/cognipilot/cranium/install/cerebri_bringup:/home/swarnava2/cognipilot/cranium/install/b3rb_simulator:/home/swarnava2/cognipilot/cranium/install/b3rb_desktop:/home/swarnava2/cognipilot/cranium/install/b3rb_rviz:/home/swarnava2/cognipilot/cranium/install/b3rb_nav2:/home/swarnava2/cognipilot/cranium/install/b3rb_gz_resource:/home/swarnava2/cognipilot/cranium/install/b3rb_gz_bringup:/home/swarnava2/cognipilot/cranium/install/b3rb_description:/home/swarnava2/cognipilot/electrode/install/electrode:/home/swarnava2/hunt_ws/install/clue_hunt_solver:/home/swarnava2/cognipilot/cranium/install/b3rb_ros_line_follower:/opt/ros/humble /usr/bin/cmake --build /home/swarnava2/hunt_ws/build/clue_hunt_navigation -- -j16 -l16
[0.569s] DEBUG:colcon.colcon_core.event_handler.log_command:Invoking command in '/home/swarnava2/hunt_ws/build/clue_hunt_navigation': CMAKE_PREFIX_PATH=/home/swarnava2/hunt_ws/install/clue_hunt_gazebo:/home/swarnava2/hunt_ws/install/clue_hunt_description:/home/swarnava2/hunt_ws/install/clue_hunt_navigation:/home/swarnava2/cognipilot/cranium/install/synapse_ros:/home/swarnava2/cognipilot/cranium/install/synapse_gz:/home/swarnava2/cognipilot/cranium/install/synapse_tinyframe:/home/swarnava2/cognipilot/cranium/install/synapse_protobuf:/home/swarnava2/cognipilot/cranium/install/corti:/home/swarnava2/cognipilot/cranium/install/synapse_msgs:/home/swarnava2/cognipilot/cranium/install/dream_world:/home/swarnava2/cognipilot/cranium/install/cerebri_bringup:/home/swarnava2/cognipilot/cranium/install/b3rb_simulator:/home/swarnava2/cognipilot/cranium/install/b3rb_desktop:/home/swarnava2/cognipilot/cranium/install/b3rb_rviz:/home/swarnava2/cognipilot/cranium/install/b3rb_nav2:/home/swarnava2/cognipilot/cranium/install/b3rb_gz_resource:/home/swarnava2/cognipilot/cranium/install/b3rb_gz_bringup:/home/swarnava2/cognipilot/cranium/install/b3rb_description:/home/swarnava2/cognipilot/electrode/install/electrode:/home/swarnava2/hunt_ws/install/clue_hunt_solver:/home/swarnava2/cognipilot/cranium/install/b3rb_ros_line_follower:/opt/ros/humble /usr/bin/cmake --install /home/swarnava2/hunt_ws/build/clue_hunt_navigation
[0.585s] Level 1:colcon.colcon_core.environment:create_environment_scripts_only(clue_hunt_navigation)
[0.585s] Level 1:colcon.colcon_core.environment:checking '/home/swarnava2/hunt_ws/install/clue_hunt_navigation' for CMake module files
[0.585s] DEBUG:colcon.colcon_core.event_handler.log_command:Invoked command in '/home/swarnava2/hunt_ws/build/clue_hunt_navigation' returned '0': CMAKE_PREFIX_PATH=/home/swarnava2/hunt_ws/install/clue_hunt_gazebo:/home/swarnava2/hunt_ws/install/clue_hunt_description:/home/swarnava2/hunt_ws/install/clue_hunt_navigation:/home/swarnava2/cognipilot/cranium/install/synapse_ros:/home/swarnava2/cognipilot/cranium/install/synapse_gz:/home/swarnava2/cognipilot/cranium/install/synapse_tinyframe:/home/swarnava2/cognipilot/cranium/install/synapse_protobuf:/home/swarnava2/cognipilot/cranium/install/corti:/home/swarnava2/cognipilot/cranium/install/synapse_msgs:/home/swarnava2/cognipilot/cranium/install/dream_world:/home/swarnava2/cognipilot/cranium/install/cerebri_bringup:/home/swarnava2/cognipilot/cranium/install/b3rb_simulator:/home/swarnava2/cognipilot/cranium/install/b3rb_desktop:/home/swarnava2/cognipilot/cranium/install/b3rb_rviz:/home/swarnava2/cognipilot/cranium/install/b3rb_nav2:/home/swarnava2/cognipilot/cranium/install/b3rb_gz_resource:/home/swarnava2/cognipilot/cranium/install/b3rb_gz_bringup:/home/swarnava2/cognipilot/cranium/install/b3rb_description:/home/swarnava2/cognipilot/electrode/install/electrode:/home/swarnava2/hunt_ws/install/clue_hunt_solver:/home/swarnava2/cognipilot/cranium/install/b3rb_ros_line_follower:/opt/ros/humble /usr/bin/cmake --install /home/swarnava2/hunt_ws/build/clue_hunt_navigation
[0.586s] Level 1:colcon.colcon_core.environment:checking '/home/swarnava2/hunt_ws/install/clue_hunt_navigation' for CMake config files
[0.586s] Level 1:colcon.colcon_core.shell:create_environment_hook('clue_hunt_navigation', 'cmake_prefix_path')
[0.586s] INFO:colcon.colcon_core.shell:Creating environment hook '/home/swarnava2/hunt_ws/install/clue_hunt_navigation/share/clue_hunt_navigation/hook/cmake_prefix_path.ps1'
[0.587s] INFO:colcon.colcon_core.shell:Creating environment descriptor '/home/swarnava2/hunt_ws/install/clue_hunt_navigation/share/clue_hunt_navigation/hook/cmake_prefix_path.dsv'
[0.587s] INFO:colcon.colcon_core.shell:Creating environment hook '/home/swarnava2/hunt_ws/install/clue_hunt_navigation/share/clue_hunt_navigation/hook/cmake_prefix_path.sh'
[0.587s] Level 1:colcon.colcon_core.environment:checking '/home/swarnava2/hunt_ws/install/clue_hunt_navigation/bin'
[0.587s] Level 1:colcon.colcon_core.environment:checking '/home/swarnava2/hunt_ws/install/clue_hunt_navigation/lib/pkgconfig/clue_hunt_navigation.pc'
[0.588s] Level 1:colcon.colcon_core.environment:checking '/home/swarnava2/hunt_ws/install/clue_hunt_navigation/lib/python3.10/site-packages'
[0.588s] Level 1:colcon.colcon_core.environment:checking '/home/swarnava2/hunt_ws/install/clue_hunt_navigation/bin'
[0.588s] INFO:colcon.colcon_core.shell:Creating package script '/home/swarnava2/hunt_ws/install/clue_hunt_navigation/share/clue_hunt_navigation/package.ps1'
[0.588s] INFO:colcon.colcon_core.shell:Creating package descriptor '/home/swarnava2/hunt_ws/install/clue_hunt_navigation/share/clue_hunt_navigation/package.dsv'
[0.589s] INFO:colcon.colcon_core.shell:Creating package script '/home/swarnava2/hunt_ws/install/clue_hunt_navigation/share/clue_hunt_navigation/package.sh'
[0.589s] INFO:colcon.colcon_core.shell:Creating package script '/home/swarnava2/hunt_ws/install/clue_hunt_navigation/share/clue_hunt_navigation/package.bash'
[0.589s] INFO:colcon.colcon_core.shell:Creating package script '/home/swarnava2/hunt_ws/install/clue_hunt_navigation/share/clue_hunt_navigation/package.zsh'
[0.589s] Level 1:colcon.colcon_core.environment:create_file_with_runtime_dependencies(/home/swarnava2/hunt_ws/install/clue_hunt_navigation/share/colcon-core/packages/clue_hunt_navigation)
[0.589s] Level 1:colcon.colcon_core.environment:create_environment_scripts_only(clue_hunt_navigation)
[0.590s] Level 1:colcon.colcon_core.environment:checking '/home/swarnava2/hunt_ws/install/clue_hunt_navigation' for CMake module files
[0.590s] Level 1:colcon.colcon_core.environment:checking '/home/swarnava2/hunt_ws/install/clue_hunt_navigation' for CMake config files
[0.590s] Level 1:colcon.colcon_core.shell:create_environment_hook('clue_hunt_navigation', 'cmake_prefix_path')
[0.590s] INFO:colcon.colcon_core.shell:Creating environment hook '/home/swarnava2/hunt_ws/install/clue_hunt_navigation/share/clue_hunt_navigation/hook/cmake_prefix_path.ps1'
[0.590s] INFO:colcon.colcon_core.shell:Creating environment descriptor '/home/swarnava2/hunt_ws/install/clue_hunt_navigation/share/clue_hunt_navigation/hook/cmake_prefix_path.dsv'
[0.590s] INFO:colcon.colcon_core.shell:Creating environment hook '/home/swarnava2/hunt_ws/install/clue_hunt_navigation/share/clue_hunt_navigation/hook/cmake_prefix_path.sh'
[0.591s] Level 1:colcon.colcon_core.environment:checking '/home/swarnava2/hunt_ws/install/clue_hunt_navigation/bin'
[0.591s] Level 1:colcon.colcon_core.environment:checking '/home/swarnava2/hunt_ws/install/clue_hunt_navigation/lib/pkgconfig/clue_hunt_navigation.pc'
[0.591s] Level 1:colcon.colcon_core.environment:checking '/home/swarnava2/hunt_ws/install/clue_hunt_navigation/lib/python3.10/site-packages'
[0.591s] Level 1:colcon.colcon_core.environment:checking '/home/swarnava2/hunt_ws/install/clue_hunt_navigation/bin'
[0.591s] INFO:colcon.colcon_core.shell:Creating package script '/home/swarnava2/hunt_ws/install/clue_hunt_navigation/share/clue_hunt_navigation/package.ps1'
[0.592s] INFO:colcon.colcon_core.shell:Creating package descriptor '/home/swarnava2/hunt_ws/install/clue_hunt_navigation/share/clue_hunt_navigation/package.dsv'
[0.592s] INFO:colcon.colcon_core.shell:Creating package script '/home/swarnava2/hunt_ws/install/clue_hunt_navigation/share/clue_hunt_navigation/package.sh'
[0.593s] INFO:colcon.colcon_core.shell:Creating package script '/home/swarnava2/hunt_ws/install/clue_hunt_navigation/share/clue_hunt_navigation/package.bash'
[0.593s] INFO:colcon.colcon_core.shell:Creating package script '/home/swarnava2/hunt_ws/install/clue_hunt_navigation/share/clue_hunt_navigation/package.zsh'
[0.593s] Level 1:colcon.colcon_core.environment:create_file_with_runtime_dependencies(/home/swarnava2/hunt_ws/install/clue_hunt_navigation/share/colcon-core/packages/clue_hunt_navigation)
[0.691s] DEBUG:colcon.colcon_core.task.python.build:Available setuptools commands: symlink_data, bdist_dumb, build_ext, clean, install_scripts, test, install_lib, saveopts, register, dist_info, bdist, update_catalog, upload_docs, init_catalog, extract_messages, compile_catalog, check, bdist_egg, rotate, bdist_rpm, install, develop, build_py, bdist_wheel, alias, easy_install, install_headers, setopt, upload, build_clib, install_data, build_scripts, egg_info, build, sdist, install_egg_info
[0.693s] DEBUG:colcon.colcon_core.event_handler.log_command:Invoking command in '/home/swarnava2/hunt_ws/src/clue_hunt_solver': PYTHONPATH=/home/swarnava2/hunt_ws/build/clue_hunt_solver/prefix_override:/usr/lib/python3/dist-packages/colcon_core/task/python/colcon_distutils_commands:/home/swarnava2/hunt_ws/install/clue_hunt_solver/lib/python3.10/site-packages:${PYTHONPATH} /usr/bin/python3 -W ignore:setup.py install is deprecated -W ignore:easy_install command is deprecated setup.py egg_info --egg-base ../../build/clue_hunt_solver build --build-base /home/swarnava2/hunt_ws/build/clue_hunt_solver/build install --record /home/swarnava2/hunt_ws/build/clue_hunt_solver/install.log --install-scripts $base/lib/clue_hunt_solver --single-version-externally-managed install_data
[0.897s] Level 1:colcon.colcon_core.environment:checking '/home/swarnava2/hunt_ws/install/clue_hunt_solver' for CMake module files
[0.898s] DEBUG:colcon.colcon_core.event_handler.log_command:Invoked command in '/home/swarnava2/hunt_ws/src/clue_hunt_solver' returned '0': PYTHONPATH=/home/swarnava2/hunt_ws/build/clue_hunt_solver/prefix_override:/usr/lib/python3/dist-packages/colcon_core/task/python/colcon_distutils_commands:/home/swarnava2/hunt_ws/install/clue_hunt_solver/lib/python3.10/site-packages:${PYTHONPATH} /usr/bin/python3 -W ignore:setup.py install is deprecated -W ignore:easy_install command is deprecated setup.py egg_info --egg-base ../../build/clue_hunt_solver build --build-base /home/swarnava2/hunt_ws/build/clue_hunt_solver/build install --record /home/swarnava2/hunt_ws/build/clue_hunt_solver/install.log --install-scripts $base/lib/clue_hunt_solver --single-version-externally-managed install_data
[0.898s] Level 1:colcon.colcon_core.environment:checking '/home/swarnava2/hunt_ws/install/clue_hunt_solver' for CMake config files
[0.898s] Level 1:colcon.colcon_core.environment:checking '/home/swarnava2/hunt_ws/install/clue_hunt_solver/lib'
[0.899s] Level 1:colcon.colcon_core.environment:checking '/home/swarnava2/hunt_ws/install/clue_hunt_solver/bin'
[0.899s] Level 1:colcon.colcon_core.environment:checking '/home/swarnava2/hunt_ws/install/clue_hunt_solver/lib/pkgconfig/clue_hunt_solver.pc'
[0.899s] Level 1:colcon.colcon_core.environment:checking '/home/swarnava2/hunt_ws/install/clue_hunt_solver/lib/python3.10/site-packages'
[0.899s] Level 1:colcon.colcon_core.shell:create_environment_hook('clue_hunt_solver', 'pythonpath')
[0.899s] INFO:colcon.colcon_core.shell:Creating environment hook '/home/swarnava2/hunt_ws/install/clue_hunt_solver/share/clue_hunt_solver/hook/pythonpath.ps1'
[0.899s] INFO:colcon.colcon_core.shell:Creating environment descriptor '/home/swarnava2/hunt_ws/install/clue_hunt_solver/share/clue_hunt_solver/hook/pythonpath.dsv'
[0.900s] INFO:colcon.colcon_core.shell:Creating environment hook '/home/swarnava2/hunt_ws/install/clue_hunt_solver/share/clue_hunt_solver/hook/pythonpath.sh'
[0.900s] Level 1:colcon.colcon_core.environment:checking '/home/swarnava2/hunt_ws/install/clue_hunt_solver/bin'
[0.900s] Level 1:colcon.colcon_core.environment:create_environment_scripts_only(clue_hunt_solver)
[0.900s] INFO:colcon.colcon_core.shell:Creating package script '/home/swarnava2/hunt_ws/install/clue_hunt_solver/share/clue_hunt_solver/package.ps1'
[0.901s] INFO:colcon.colcon_core.shell:Creating package descriptor '/home/swarnava2/hunt_ws/install/clue_hunt_solver/share/clue_hunt_solver/package.dsv'
[0.901s] INFO:colcon.colcon_core.shell:Creating package script '/home/swarnava2/hunt_ws/install/clue_hunt_solver/share/clue_hunt_solver/package.sh'
[0.901s] INFO:colcon.colcon_core.shell:Creating package script '/home/swarnava2/hunt_ws/install/clue_hunt_solver/share/clue_hunt_solver/package.bash'
[0.901s] INFO:colcon.colcon_core.shell:Creating package script '/home/swarnava2/hunt_ws/install/clue_hunt_solver/share/clue_hunt_solver/package.zsh'
[0.901s] Level 1:colcon.colcon_core.environment:create_file_with_runtime_dependencies(/home/swarnava2/hunt_ws/install/clue_hunt_solver/share/colcon-core/packages/clue_hunt_solver)
[0.902s] DEBUG:colcon.colcon_parallel_executor.executor.parallel:closing loop
[0.902s] DEBUG:colcon.colcon_parallel_executor.executor.parallel:loop closed
[0.902s] DEBUG:colcon.colcon_parallel_executor.executor.parallel:run_until_complete finished with '0'
[0.902s] DEBUG:colcon.colcon_core.event_reactor:joining thread
[0.905s] INFO:colcon.colcon_core.plugin_system:Skipping extension 'colcon_notification.desktop_notification.terminal_notifier': Not used on non-Darwin systems
[0.906s] INFO:colcon.colcon_core.plugin_system:Skipping extension 'colcon_notification.desktop_notification.win32': Not used on non-Windows systems
[0.906s] INFO:colcon.colcon_notification.desktop_notification:Sending desktop notification using 'notify2'
[0.912s] DEBUG:colcon.colcon_core.event_reactor:joined thread
[0.912s] INFO:colcon.colcon_core.shell:Creating prefix script '/home/swarnava2/hunt_ws/install/local_setup.ps1'
[0.913s] INFO:colcon.colcon_core.shell:Creating prefix util module '/home/swarnava2/hunt_ws/install/_local_setup_util_ps1.py'
[0.914s] INFO:colcon.colcon_core.shell:Creating prefix chain script '/home/swarnava2/hunt_ws/install/setup.ps1'
[0.915s] INFO:colcon.colcon_core.shell:Creating prefix script '/home/swarnava2/hunt_ws/install/local_setup.sh'
[0.916s] INFO:colcon.colcon_core.shell:Creating prefix util module '/home/swarnava2/hunt_ws/install/_local_setup_util_sh.py'
[0.916s] INFO:colcon.colcon_core.shell:Creating prefix chain script '/home/swarnava2/hunt_ws/install/setup.sh'
[0.917s] INFO:colcon.colcon_core.shell:Creating prefix script '/home/swarnava2/hunt_ws/install/local_setup.bash'
[0.917s] INFO:colcon.colcon_core.shell:Creating prefix chain script '/home/swarnava2/hunt_ws/install/setup.bash'
[0.918s] INFO:colcon.colcon_core.shell:Creating prefix script '/home/swarnava2/hunt_ws/install/local_setup.zsh'
[0.919s] INFO:colcon.colcon_core.shell:Creating prefix chain script '/home/swarnava2/hunt_ws/install/setup.zsh'
