[0.015s] Invoking command in '/home/swarnava2/hunt_ws/build/clue_hunt_description': CMAKE_PREFIX_PATH=${CMAKE_PREFIX_PATH}:/home/swarnava2/cognipilot/cranium/install/b3rb_ros_line_follower:/opt/ros/humble /usr/bin/cmake /home/swarnava2/hunt_ws/src/clue_hunt_description -DAMENT_CMAKE_SYMLINK_INSTALL=1 -DCMAKE_INSTALL_PREFIX=/home/swarnava2/hunt_ws/install/clue_hunt_description
[0.083s] -- The C compiler identification is GNU 11.4.0
[0.138s] -- The CXX compiler identification is GNU 11.4.0
[0.145s] -- Detecting C compiler ABI info
[0.199s] -- Detecting C compiler ABI info - done
[0.205s] -- Check for working C compiler: /usr/bin/cc - skipped
[0.205s] -- Detecting C compile features
[0.206s] -- Detecting C compile features - done
[0.208s] -- Detecting CXX compiler ABI info
[0.270s] -- Detecting CXX compiler ABI info - done
[0.274s] -- Check for working CXX compiler: /usr/bin/c++ - skipped
[0.275s] -- Detecting CXX compile features
[0.275s] -- Detecting CXX compile features - done
[0.280s] -- Found ament_cmake: 1.3.14 (/opt/ros/humble/share/ament_cmake/cmake)
[0.402s] -- Found Python3: /usr/bin/python3 (found version "3.10.12") found components: Interpreter 
[0.450s] -- Override CMake install command with custom implementation using symlinks instead of copying resources
[0.530s] -- Configuring done
[0.531s] -- Generating done
[0.532s] -- Build files have been written to: /home/swarnava2/hunt_ws/build/clue_hunt_description
[0.535s] Invoked command in '/home/swarnava2/hunt_ws/build/clue_hunt_description' returned '0': CMAKE_PREFIX_PATH=${CMAKE_PREFIX_PATH}:/home/swarnava2/cognipilot/cranium/install/b3rb_ros_line_follower:/opt/ros/humble /usr/bin/cmake /home/swarnava2/hunt_ws/src/clue_hunt_description -DAMENT_CMAKE_SYMLINK_INSTALL=1 -DCMAKE_INSTALL_PREFIX=/home/swarnava2/hunt_ws/install/clue_hunt_description
[0.537s] Invoking command in '/home/swarnava2/hunt_ws/build/clue_hunt_description': CMAKE_PREFIX_PATH=${CMAKE_PREFIX_PATH}:/home/swarnava2/cognipilot/cranium/install/b3rb_ros_line_follower:/opt/ros/humble /usr/bin/cmake --build /home/swarnava2/hunt_ws/build/clue_hunt_description -- -j16 -l16
[0.565s] Invoked command in '/home/swarnava2/hunt_ws/build/clue_hunt_description' returned '0': CMAKE_PREFIX_PATH=${CMAKE_PREFIX_PATH}:/home/swarnava2/cognipilot/cranium/install/b3rb_ros_line_follower:/opt/ros/humble /usr/bin/cmake --build /home/swarnava2/hunt_ws/build/clue_hunt_description -- -j16 -l16
[0.573s] Invoking command in '/home/swarnava2/hunt_ws/build/clue_hunt_description': CMAKE_PREFIX_PATH=${CMAKE_PREFIX_PATH}:/home/swarnava2/cognipilot/cranium/install/b3rb_ros_line_follower:/opt/ros/humble /usr/bin/cmake --install /home/swarnava2/hunt_ws/build/clue_hunt_description
[0.579s] -- Install configuration: ""
[0.579s] -- Execute custom install script
[0.579s] -- Symlinking: /home/swarnava2/hunt_ws/install/clue_hunt_description/share/clue_hunt_description/urdf/gazebo.xacro
[0.585s] -- Symlinking: /home/swarnava2/hunt_ws/install/clue_hunt_description/share/clue_hunt_description/urdf/inertial_macros.xacro
[0.591s] -- Symlinking: /home/swarnava2/hunt_ws/install/clue_hunt_description/share/clue_hunt_description/urdf/robot.urdf.xacro
[0.597s] -- Symlinking: /home/swarnava2/hunt_ws/install/clue_hunt_description/share/clue_hunt_description/meshes/leader_tag.mtl
[0.603s] -- Symlinking: /home/swarnava2/hunt_ws/install/clue_hunt_description/share/clue_hunt_description/meshes/leader_tag.obj
[0.610s] -- Symlinking: /home/swarnava2/hunt_ws/install/clue_hunt_description/share/clue_hunt_description/meshes/leader_tag.png
[0.617s] -- Symlinking: /home/swarnava2/hunt_ws/install/clue_hunt_description/share/clue_hunt_description/launch/rsp.launch.py
[0.625s] -- Symlinking: /home/swarnava2/hunt_ws/install/clue_hunt_description/share/ament_index/resource_index/package_run_dependencies/clue_hunt_description
[0.632s] -- Symlinking: /home/swarnava2/hunt_ws/install/clue_hunt_description/share/ament_index/resource_index/parent_prefix_path/clue_hunt_description
[0.640s] -- Symlinking: /home/swarnava2/hunt_ws/install/clue_hunt_description/share/clue_hunt_description/environment/ament_prefix_path.sh
[0.646s] -- Symlinking: /home/swarnava2/hunt_ws/install/clue_hunt_description/share/clue_hunt_description/environment/ament_prefix_path.dsv
[0.653s] -- Symlinking: /home/swarnava2/hunt_ws/install/clue_hunt_description/share/clue_hunt_description/environment/path.sh
[0.659s] -- Symlinking: /home/swarnava2/hunt_ws/install/clue_hunt_description/share/clue_hunt_description/environment/path.dsv
[0.665s] -- Symlinking: /home/swarnava2/hunt_ws/install/clue_hunt_description/share/clue_hunt_description/local_setup.bash
[0.673s] -- Symlinking: /home/swarnava2/hunt_ws/install/clue_hunt_description/share/clue_hunt_description/local_setup.sh
[0.678s] -- Symlinking: /home/swarnava2/hunt_ws/install/clue_hunt_description/share/clue_hunt_description/local_setup.zsh
[0.686s] -- Symlinking: /home/swarnava2/hunt_ws/install/clue_hunt_description/share/clue_hunt_description/local_setup.dsv
[0.692s] -- Symlinking: /home/swarnava2/hunt_ws/install/clue_hunt_description/share/clue_hunt_description/package.dsv
[0.698s] -- Symlinking: /home/swarnava2/hunt_ws/install/clue_hunt_description/share/ament_index/resource_index/packages/clue_hunt_description
[0.705s] -- Symlinking: /home/swarnava2/hunt_ws/install/clue_hunt_description/share/clue_hunt_description/cmake/clue_hunt_descriptionConfig.cmake
[0.712s] -- Symlinking: /home/swarnava2/hunt_ws/install/clue_hunt_description/share/clue_hunt_description/cmake/clue_hunt_descriptionConfig-version.cmake
[0.719s] -- Symlinking: /home/swarnava2/hunt_ws/install/clue_hunt_description/share/clue_hunt_description/package.xml
[0.725s] Invoked command in '/home/swarnava2/hunt_ws/build/clue_hunt_description' returned '0': CMAKE_PREFIX_PATH=${CMAKE_PREFIX_PATH}:/home/swarnava2/cognipilot/cranium/install/b3rb_ros_line_follower:/opt/ros/humble /usr/bin/cmake --install /home/swarnava2/hunt_ws/build/clue_hunt_description
