-- Found ament_cmake: 1.3.14 (/opt/ros/humble/share/ament_cmake/cmake)
-- Override CMake install command with custom implementation using symlinks instead of copying resources
-- Configuring done
-- Generating done
-- Build files have been written to: /home/swarnava2/hunt_ws/build/clue_hunt_navigation
-- Install configuration: ""
-- Execute custom install script
-- Up-to-date symlink: /home/swarnava2/hunt_ws/install/clue_hunt_navigation/share/clue_hunt_navigation/config/nav2_params.yaml
-- Up-to-date symlink: /home/swarnava2/hunt_ws/install/clue_hunt_navigation/share/clue_hunt_navigation/config/slam_params.yaml
-- Up-to-date symlink: /home/swarnava2/hunt_ws/install/clue_hunt_navigation/share/clue_hunt_navigation/launch/mapping.launch.py
-- Up-to-date symlink: /home/swarnava2/hunt_ws/install/clue_hunt_navigation/share/clue_hunt_navigation/launch/navigation.launch.py
-- Up-to-date symlink: /home/swarnava2/hunt_ws/install/clue_hunt_navigation/share/clue_hunt_navigation/rviz/hunt.rviz
-- Up-to-date symlink: /home/swarnava2/hunt_ws/install/clue_hunt_navigation/share/ament_index/resource_index/package_run_dependencies/clue_hunt_navigation
-- Up-to-date symlink: /home/swarnava2/hunt_ws/install/clue_hunt_navigation/share/ament_index/resource_index/parent_prefix_path/clue_hunt_navigation
-- Up-to-date symlink: /home/swarnava2/hunt_ws/install/clue_hunt_navigation/share/clue_hunt_navigation/environment/ament_prefix_path.sh
-- Up-to-date symlink: /home/swarnava2/hunt_ws/install/clue_hunt_navigation/share/clue_hunt_navigation/environment/ament_prefix_path.dsv
-- Up-to-date symlink: /home/swarnava2/hunt_ws/install/clue_hunt_navigation/share/clue_hunt_navigation/environment/path.sh
-- Up-to-date symlink: /home/swarnava2/hunt_ws/install/clue_hunt_navigation/share/clue_hunt_navigation/environment/path.dsv
-- Up-to-date symlink: /home/swarnava2/hunt_ws/install/clue_hunt_navigation/share/clue_hunt_navigation/local_setup.bash
-- Up-to-date symlink: /home/swarnava2/hunt_ws/install/clue_hunt_navigation/share/clue_hunt_navigation/local_setup.sh
-- Up-to-date symlink: /home/swarnava2/hunt_ws/install/clue_hunt_navigation/share/clue_hunt_navigation/local_setup.zsh
-- Up-to-date symlink: /home/swarnava2/hunt_ws/install/clue_hunt_navigation/share/clue_hunt_navigation/local_setup.dsv
-- Symlinking: /home/swarnava2/hunt_ws/install/clue_hunt_navigation/share/clue_hunt_navigation/package.dsv
-- Up-to-date symlink: /home/swarnava2/hunt_ws/install/clue_hunt_navigation/share/ament_index/resource_index/packages/clue_hunt_navigation
-- Up-to-date symlink: /home/swarnava2/hunt_ws/install/clue_hunt_navigation/share/clue_hunt_navigation/cmake/clue_hunt_navigationConfig.cmake
-- Up-to-date symlink: /home/swarnava2/hunt_ws/install/clue_hunt_navigation/share/clue_hunt_navigation/cmake/clue_hunt_navigationConfig-version.cmake
-- Up-to-date symlink: /home/swarnava2/hunt_ws/install/clue_hunt_navigation/share/clue_hunt_navigation/package.xml
