[0.007s] Invoking command in '/home/swarnava2/hunt_ws/build/clue_hunt_gazebo': CMAKE_PREFIX_PATH=/home/swarnava2/hunt_ws/install/clue_hunt_description:/home/swarnava2/hunt_ws/install/clue_hunt_navigation:/home/swarnava2/hunt_ws/install/clue_hunt_gazebo:/home/swarnava2/cognipilot/cranium/install/synapse_ros:/home/swarnava2/cognipilot/cranium/install/synapse_gz:/home/swarnava2/cognipilot/cranium/install/synapse_tinyframe:/home/swarnava2/cognipilot/cranium/install/synapse_protobuf:/home/swarnava2/cognipilot/cranium/install/corti:/home/swarnava2/cognipilot/cranium/install/synapse_msgs:/home/swarnava2/cognipilot/cranium/install/dream_world:/home/swarnava2/cognipilot/cranium/install/cerebri_bringup:/home/swarnava2/cognipilot/cranium/install/b3rb_simulator:/home/swarnava2/cognipilot/cranium/install/b3rb_desktop:/home/swarnava2/cognipilot/cranium/install/b3rb_rviz:/home/swarnava2/cognipilot/cranium/install/b3rb_nav2:/home/swarnava2/cognipilot/cranium/install/b3rb_gz_resource:/home/swarnava2/cognipilot/cranium/install/b3rb_gz_bringup:/home/swarnava2/cognipilot/cranium/install/b3rb_description:/home/swarnava2/cognipilot/electrode/install/electrode:/home/swarnava2/hunt_ws/install/clue_hunt_solver:/home/swarnava2/cognipilot/cranium/install/b3rb_ros_line_follower:/opt/ros/humble /usr/bin/cmake /home/swarnava2/hunt_ws/src/clue_hunt_gazebo -DAMENT_CMAKE_SYMLINK_INSTALL=1 -DCMAKE_INSTALL_PREFIX=/home/swarnava2/hunt_ws/install/clue_hunt_gazebo
[0.018s] -- Found ament_cmake: 1.3.14 (/opt/ros/humble/share/ament_cmake/cmake)
[0.109s] -- Override CMake install command with custom implementation using symlinks instead of copying resources
[0.157s] -- Configuring done
[0.159s] -- Generating done
[0.160s] -- Build files have been written to: /home/swarnava2/hunt_ws/build/clue_hunt_gazebo
[0.163s] Invoked command in '/home/swarnava2/hunt_ws/build/clue_hunt_gazebo' returned '0': CMAKE_PREFIX_PATH=/home/swarnava2/hunt_ws/install/clue_hunt_description:/home/swarnava2/hunt_ws/install/clue_hunt_navigation:/home/swarnava2/hunt_ws/install/clue_hunt_gazebo:/home/swarnava2/cognipilot/cranium/install/synapse_ros:/home/swarnava2/cognipilot/cranium/install/synapse_gz:/home/swarnava2/cognipilot/cranium/install/synapse_tinyframe:/home/swarnava2/cognipilot/cranium/install/synapse_protobuf:/home/swarnava2/cognipilot/cranium/install/corti:/home/swarnava2/cognipilot/cranium/install/synapse_msgs:/home/swarnava2/cognipilot/cranium/install/dream_world:/home/swarnava2/cognipilot/cranium/install/cerebri_bringup:/home/swarnava2/cognipilot/cranium/install/b3rb_simulator:/home/swarnava2/cognipilot/cranium/install/b3rb_desktop:/home/swarnava2/cognipilot/cranium/install/b3rb_rviz:/home/swarnava2/cognipilot/cranium/install/b3rb_nav2:/home/swarnava2/cognipilot/cranium/install/b3rb_gz_resource:/home/swarnava2/cognipilot/cranium/install/b3rb_gz_bringup:/home/swarnava2/cognipilot/cranium/install/b3rb_description:/home/swarnava2/cognipilot/electrode/install/electrode:/home/swarnava2/hunt_ws/install/clue_hunt_solver:/home/swarnava2/cognipilot/cranium/install/b3rb_ros_line_follower:/opt/ros/humble /usr/bin/cmake /home/swarnava2/hunt_ws/src/clue_hunt_gazebo -DAMENT_CMAKE_SYMLINK_INSTALL=1 -DCMAKE_INSTALL_PREFIX=/home/swarnava2/hunt_ws/install/clue_hunt_gazebo
[0.164s] Invoking command in '/home/swarnava2/hunt_ws/build/clue_hunt_gazebo': CMAKE_PREFIX_PATH=/home/swarnava2/hunt_ws/install/clue_hunt_description:/home/swarnava2/hunt_ws/install/clue_hunt_navigation:/home/swarnava2/hunt_ws/install/clue_hunt_gazebo:/home/swarnava2/cognipilot/cranium/install/synapse_ros:/home/swarnava2/cognipilot/cranium/install/synapse_gz:/home/swarnava2/cognipilot/cranium/install/synapse_tinyframe:/home/swarnava2/cognipilot/cranium/install/synapse_protobuf:/home/swarnava2/cognipilot/cranium/install/corti:/home/swarnava2/cognipilot/cranium/install/synapse_msgs:/home/swarnava2/cognipilot/cranium/install/dream_world:/home/swarnava2/cognipilot/cranium/install/cerebri_bringup:/home/swarnava2/cognipilot/cranium/install/b3rb_simulator:/home/swarnava2/cognipilot/cranium/install/b3rb_desktop:/home/swarnava2/cognipilot/cranium/install/b3rb_rviz:/home/swarnava2/cognipilot/cranium/install/b3rb_nav2:/home/swarnava2/cognipilot/cranium/install/b3rb_gz_resource:/home/swarnava2/cognipilot/cranium/install/b3rb_gz_bringup:/home/swarnava2/cognipilot/cranium/install/b3rb_description:/home/swarnava2/cognipilot/electrode/install/electrode:/home/swarnava2/hunt_ws/install/clue_hunt_solver:/home/swarnava2/cognipilot/cranium/install/b3rb_ros_line_follower:/opt/ros/humble /usr/bin/cmake --build /home/swarnava2/hunt_ws/build/clue_hunt_gazebo -- -j16 -l16
[0.193s] Invoked command in '/home/swarnava2/hunt_ws/build/clue_hunt_gazebo' returned '0': CMAKE_PREFIX_PATH=/home/swarnava2/hunt_ws/install/clue_hunt_description:/home/swarnava2/hunt_ws/install/clue_hunt_navigation:/home/swarnava2/hunt_ws/install/clue_hunt_gazebo:/home/swarnava2/cognipilot/cranium/install/synapse_ros:/home/swarnava2/cognipilot/cranium/install/synapse_gz:/home/swarnava2/cognipilot/cranium/install/synapse_tinyframe:/home/swarnava2/cognipilot/cranium/install/synapse_protobuf:/home/swarnava2/cognipilot/cranium/install/corti:/home/swarnava2/cognipilot/cranium/install/synapse_msgs:/home/swarnava2/cognipilot/cranium/install/dream_world:/home/swarnava2/cognipilot/cranium/install/cerebri_bringup:/home/swarnava2/cognipilot/cranium/install/b3rb_simulator:/home/swarnava2/cognipilot/cranium/install/b3rb_desktop:/home/swarnava2/cognipilot/cranium/install/b3rb_rviz:/home/swarnava2/cognipilot/cranium/install/b3rb_nav2:/home/swarnava2/cognipilot/cranium/install/b3rb_gz_resource:/home/swarnava2/cognipilot/cranium/install/b3rb_gz_bringup:/home/swarnava2/cognipilot/cranium/install/b3rb_description:/home/swarnava2/cognipilot/electrode/install/electrode:/home/swarnava2/hunt_ws/install/clue_hunt_solver:/home/swarnava2/cognipilot/cranium/install/b3rb_ros_line_follower:/opt/ros/humble /usr/bin/cmake --build /home/swarnava2/hunt_ws/build/clue_hunt_gazebo -- -j16 -l16
[0.195s] Invoking command in '/home/swarnava2/hunt_ws/build/clue_hunt_gazebo': CMAKE_PREFIX_PATH=/home/swarnava2/hunt_ws/install/clue_hunt_description:/home/swarnava2/hunt_ws/install/clue_hunt_navigation:/home/swarnava2/hunt_ws/install/clue_hunt_gazebo:/home/swarnava2/cognipilot/cranium/install/synapse_ros:/home/swarnava2/cognipilot/cranium/install/synapse_gz:/home/swarnava2/cognipilot/cranium/install/synapse_tinyframe:/home/swarnava2/cognipilot/cranium/install/synapse_protobuf:/home/swarnava2/cognipilot/cranium/install/corti:/home/swarnava2/cognipilot/cranium/install/synapse_msgs:/home/swarnava2/cognipilot/cranium/install/dream_world:/home/swarnava2/cognipilot/cranium/install/cerebri_bringup:/home/swarnava2/cognipilot/cranium/install/b3rb_simulator:/home/swarnava2/cognipilot/cranium/install/b3rb_desktop:/home/swarnava2/cognipilot/cranium/install/b3rb_rviz:/home/swarnava2/cognipilot/cranium/install/b3rb_nav2:/home/swarnava2/cognipilot/cranium/install/b3rb_gz_resource:/home/swarnava2/cognipilot/cranium/install/b3rb_gz_bringup:/home/swarnava2/cognipilot/cranium/install/b3rb_description:/home/swarnava2/cognipilot/electrode/install/electrode:/home/swarnava2/hunt_ws/install/clue_hunt_solver:/home/swarnava2/cognipilot/cranium/install/b3rb_ros_line_follower:/opt/ros/humble /usr/bin/cmake --install /home/swarnava2/hunt_ws/build/clue_hunt_gazebo
[0.199s] -- Install configuration: ""
[0.199s] -- Execute custom install script
[0.199s] -- Up-to-date symlink: /home/swarnava2/hunt_ws/install/clue_hunt_gazebo/share/clue_hunt_gazebo/launch/sim.launch.py
[0.199s] -- Up-to-date symlink: /home/swarnava2/hunt_ws/install/clue_hunt_gazebo/share/clue_hunt_gazebo/worlds/practice.sdf
[0.200s] -- Up-to-date symlink: /home/swarnava2/hunt_ws/install/clue_hunt_gazebo/share/clue_hunt_gazebo/models/board_practice_b1/meshes/board_practice_b1.mtl
[0.200s] -- Up-to-date symlink: /home/swarnava2/hunt_ws/install/clue_hunt_gazebo/share/clue_hunt_gazebo/models/board_practice_b1/meshes/board_practice_b1.obj
[0.200s] -- Up-to-date symlink: /home/swarnava2/hunt_ws/install/clue_hunt_gazebo/share/clue_hunt_gazebo/models/board_practice_b1/meshes/board_practice_b1.png
[0.200s] -- Up-to-date symlink: /home/swarnava2/hunt_ws/install/clue_hunt_gazebo/share/clue_hunt_gazebo/models/board_practice_b1/model.config
[0.200s] -- Up-to-date symlink: /home/swarnava2/hunt_ws/install/clue_hunt_gazebo/share/clue_hunt_gazebo/models/board_practice_b1/model.sdf
[0.200s] -- Up-to-date symlink: /home/swarnava2/hunt_ws/install/clue_hunt_gazebo/share/clue_hunt_gazebo/models/board_practice_b2/meshes/board_practice_b2.mtl
[0.200s] -- Up-to-date symlink: /home/swarnava2/hunt_ws/install/clue_hunt_gazebo/share/clue_hunt_gazebo/models/board_practice_b2/meshes/board_practice_b2.obj
[0.200s] -- Up-to-date symlink: /home/swarnava2/hunt_ws/install/clue_hunt_gazebo/share/clue_hunt_gazebo/models/board_practice_b2/meshes/board_practice_b2.png
[0.201s] -- Up-to-date symlink: /home/swarnava2/hunt_ws/install/clue_hunt_gazebo/share/clue_hunt_gazebo/models/board_practice_b2/model.config
[0.201s] -- Up-to-date symlink: /home/swarnava2/hunt_ws/install/clue_hunt_gazebo/share/clue_hunt_gazebo/models/board_practice_b2/model.sdf
[0.201s] -- Up-to-date symlink: /home/swarnava2/hunt_ws/install/clue_hunt_gazebo/share/clue_hunt_gazebo/models/board_practice_b3/meshes/board_practice_b3.mtl
[0.201s] -- Up-to-date symlink: /home/swarnava2/hunt_ws/install/clue_hunt_gazebo/share/clue_hunt_gazebo/models/board_practice_b3/meshes/board_practice_b3.obj
[0.201s] -- Up-to-date symlink: /home/swarnava2/hunt_ws/install/clue_hunt_gazebo/share/clue_hunt_gazebo/models/board_practice_b3/meshes/board_practice_b3.png
[0.201s] -- Up-to-date symlink: /home/swarnava2/hunt_ws/install/clue_hunt_gazebo/share/clue_hunt_gazebo/models/board_practice_b3/model.config
[0.201s] -- Up-to-date symlink: /home/swarnava2/hunt_ws/install/clue_hunt_gazebo/share/clue_hunt_gazebo/models/board_practice_b3/model.sdf
[0.201s] -- Up-to-date symlink: /home/swarnava2/hunt_ws/install/clue_hunt_gazebo/share/clue_hunt_gazebo/models/board_practice_b4/meshes/board_practice_b4.mtl
[0.201s] -- Up-to-date symlink: /home/swarnava2/hunt_ws/install/clue_hunt_gazebo/share/clue_hunt_gazebo/models/board_practice_b4/meshes/board_practice_b4.obj
[0.201s] -- Up-to-date symlink: /home/swarnava2/hunt_ws/install/clue_hunt_gazebo/share/clue_hunt_gazebo/models/board_practice_b4/meshes/board_practice_b4.png
[0.201s] -- Up-to-date symlink: /home/swarnava2/hunt_ws/install/clue_hunt_gazebo/share/clue_hunt_gazebo/models/board_practice_b4/model.config
[0.201s] -- Up-to-date symlink: /home/swarnava2/hunt_ws/install/clue_hunt_gazebo/share/clue_hunt_gazebo/models/board_practice_b4/model.sdf
[0.202s] -- Up-to-date symlink: /home/swarnava2/hunt_ws/install/clue_hunt_gazebo/share/clue_hunt_gazebo/models/board_practice_b5/meshes/board_practice_b5.mtl
[0.202s] -- Up-to-date symlink: /home/swarnava2/hunt_ws/install/clue_hunt_gazebo/share/clue_hunt_gazebo/models/board_practice_b5/meshes/board_practice_b5.obj
[0.202s] -- Up-to-date symlink: /home/swarnava2/hunt_ws/install/clue_hunt_gazebo/share/clue_hunt_gazebo/models/board_practice_b5/meshes/board_practice_b5.png
[0.202s] -- Up-to-date symlink: /home/swarnava2/hunt_ws/install/clue_hunt_gazebo/share/clue_hunt_gazebo/models/board_practice_b5/model.config
[0.202s] -- Up-to-date symlink: /home/swarnava2/hunt_ws/install/clue_hunt_gazebo/share/clue_hunt_gazebo/models/board_practice_b5/model.sdf
[0.202s] -- Up-to-date symlink: /home/swarnava2/hunt_ws/install/clue_hunt_gazebo/share/clue_hunt_gazebo/models/board_practice_d7/meshes/board_practice_d7.mtl
[0.202s] -- Up-to-date symlink: /home/swarnava2/hunt_ws/install/clue_hunt_gazebo/share/clue_hunt_gazebo/models/board_practice_d7/meshes/board_practice_d7.obj
[0.202s] -- Up-to-date symlink: /home/swarnava2/hunt_ws/install/clue_hunt_gazebo/share/clue_hunt_gazebo/models/board_practice_d7/meshes/board_practice_d7.png
[0.202s] -- Up-to-date symlink: /home/swarnava2/hunt_ws/install/clue_hunt_gazebo/share/clue_hunt_gazebo/models/board_practice_d7/model.config
[0.202s] -- Up-to-date symlink: /home/swarnava2/hunt_ws/install/clue_hunt_gazebo/share/clue_hunt_gazebo/models/board_practice_d7/model.sdf
[0.202s] -- Up-to-date symlink: /home/swarnava2/hunt_ws/install/clue_hunt_gazebo/share/clue_hunt_gazebo/models/board_practice_x4/meshes/board_practice_x4.mtl
[0.202s] -- Up-to-date symlink: /home/swarnava2/hunt_ws/install/clue_hunt_gazebo/share/clue_hunt_gazebo/models/board_practice_x4/meshes/board_practice_x4.obj
[0.202s] -- Up-to-date symlink: /home/swarnava2/hunt_ws/install/clue_hunt_gazebo/share/clue_hunt_gazebo/models/board_practice_x4/meshes/board_practice_x4.png
[0.202s] -- Up-to-date symlink: /home/swarnava2/hunt_ws/install/clue_hunt_gazebo/share/clue_hunt_gazebo/models/board_practice_x4/model.config
[0.202s] -- Up-to-date symlink: /home/swarnava2/hunt_ws/install/clue_hunt_gazebo/share/clue_hunt_gazebo/models/board_practice_x4/model.sdf
[0.203s] -- Up-to-date symlink: /home/swarnava2/hunt_ws/install/clue_hunt_gazebo/share/clue_hunt_gazebo/models/roboclub_banner/meshes/roboclub_banner.mtl
[0.203s] -- Up-to-date symlink: /home/swarnava2/hunt_ws/install/clue_hunt_gazebo/share/clue_hunt_gazebo/models/roboclub_banner/meshes/roboclub_banner.obj
[0.203s] -- Up-to-date symlink: /home/swarnava2/hunt_ws/install/clue_hunt_gazebo/share/clue_hunt_gazebo/models/roboclub_banner/meshes/roboclub_banner.png
[0.203s] -- Up-to-date symlink: /home/swarnava2/hunt_ws/install/clue_hunt_gazebo/share/clue_hunt_gazebo/models/roboclub_banner/model.config
[0.203s] -- Up-to-date symlink: /home/swarnava2/hunt_ws/install/clue_hunt_gazebo/share/clue_hunt_gazebo/models/roboclub_banner/model.sdf
[0.203s] -- Up-to-date symlink: /home/swarnava2/hunt_ws/install/clue_hunt_gazebo/share/ament_index/resource_index/package_run_dependencies/clue_hunt_gazebo
[0.203s] -- Up-to-date symlink: /home/swarnava2/hunt_ws/install/clue_hunt_gazebo/share/ament_index/resource_index/parent_prefix_path/clue_hunt_gazebo
[0.203s] -- Up-to-date symlink: /home/swarnava2/hunt_ws/install/clue_hunt_gazebo/share/clue_hunt_gazebo/environment/ament_prefix_path.sh
[0.203s] -- Up-to-date symlink: /home/swarnava2/hunt_ws/install/clue_hunt_gazebo/share/clue_hunt_gazebo/environment/ament_prefix_path.dsv
[0.203s] -- Up-to-date symlink: /home/swarnava2/hunt_ws/install/clue_hunt_gazebo/share/clue_hunt_gazebo/environment/path.sh
[0.203s] -- Up-to-date symlink: /home/swarnava2/hunt_ws/install/clue_hunt_gazebo/share/clue_hunt_gazebo/environment/path.dsv
[0.203s] -- Up-to-date symlink: /home/swarnava2/hunt_ws/install/clue_hunt_gazebo/share/clue_hunt_gazebo/local_setup.bash
[0.203s] -- Up-to-date symlink: /home/swarnava2/hunt_ws/install/clue_hunt_gazebo/share/clue_hunt_gazebo/local_setup.sh
[0.203s] -- Up-to-date symlink: /home/swarnava2/hunt_ws/install/clue_hunt_gazebo/share/clue_hunt_gazebo/local_setup.zsh
[0.203s] -- Up-to-date symlink: /home/swarnava2/hunt_ws/install/clue_hunt_gazebo/share/clue_hunt_gazebo/local_setup.dsv
[0.203s] -- Symlinking: /home/swarnava2/hunt_ws/install/clue_hunt_gazebo/share/clue_hunt_gazebo/package.dsv
[0.208s] -- Up-to-date symlink: /home/swarnava2/hunt_ws/install/clue_hunt_gazebo/share/ament_index/resource_index/packages/clue_hunt_gazebo
[0.209s] -- Up-to-date symlink: /home/swarnava2/hunt_ws/install/clue_hunt_gazebo/share/clue_hunt_gazebo/cmake/clue_hunt_gazeboConfig.cmake
[0.209s] -- Up-to-date symlink: /home/swarnava2/hunt_ws/install/clue_hunt_gazebo/share/clue_hunt_gazebo/cmake/clue_hunt_gazeboConfig-version.cmake
[0.209s] -- Up-to-date symlink: /home/swarnava2/hunt_ws/install/clue_hunt_gazebo/share/clue_hunt_gazebo/package.xml
[0.210s] Invoked command in '/home/swarnava2/hunt_ws/build/clue_hunt_gazebo' returned '0': CMAKE_PREFIX_PATH=/home/swarnava2/hunt_ws/install/clue_hunt_description:/home/swarnava2/hunt_ws/install/clue_hunt_navigation:/home/swarnava2/hunt_ws/install/clue_hunt_gazebo:/home/swarnava2/cognipilot/cranium/install/synapse_ros:/home/swarnava2/cognipilot/cranium/install/synapse_gz:/home/swarnava2/cognipilot/cranium/install/synapse_tinyframe:/home/swarnava2/cognipilot/cranium/install/synapse_protobuf:/home/swarnava2/cognipilot/cranium/install/corti:/home/swarnava2/cognipilot/cranium/install/synapse_msgs:/home/swarnava2/cognipilot/cranium/install/dream_world:/home/swarnava2/cognipilot/cranium/install/cerebri_bringup:/home/swarnava2/cognipilot/cranium/install/b3rb_simulator:/home/swarnava2/cognipilot/cranium/install/b3rb_desktop:/home/swarnava2/cognipilot/cranium/install/b3rb_rviz:/home/swarnava2/cognipilot/cranium/install/b3rb_nav2:/home/swarnava2/cognipilot/cranium/install/b3rb_gz_resource:/home/swarnava2/cognipilot/cranium/install/b3rb_gz_bringup:/home/swarnava2/cognipilot/cranium/install/b3rb_description:/home/swarnava2/cognipilot/electrode/install/electrode:/home/swarnava2/hunt_ws/install/clue_hunt_solver:/home/swarnava2/cognipilot/cranium/install/b3rb_ros_line_follower:/opt/ros/humble /usr/bin/cmake --install /home/swarnava2/hunt_ws/build/clue_hunt_gazebo
