[0.454s] Invoking command in '/home/swarnava2/hunt_ws/build/clue_hunt_solver': PYTHONPATH=/home/swarnava2/hunt_ws/build/clue_hunt_solver/prefix_override:/usr/lib/python3/dist-packages/colcon_core/task/python/colcon_distutils_commands:/home/swarnava2/hunt_ws/install/clue_hunt_solver/lib/python3.10/site-packages:${PYTHONPATH} /usr/bin/python3 -W ignore:setup.py install is deprecated -W ignore:easy_install command is deprecated setup.py develop --uninstall --editable --build-directory /home/swarnava2/hunt_ws/build/clue_hunt_solver/build
[0.621s] running develop
[0.728s] Removing /home/swarnava2/hunt_ws/install/clue_hunt_solver/lib/python3.10/site-packages/clue-hunt-solver.egg-link (link to .)
[0.744s] Invoked command in '/home/swarnava2/hunt_ws/build/clue_hunt_solver' returned '0': PYTHONPATH=/home/swarnava2/hunt_ws/build/clue_hunt_solver/prefix_override:/usr/lib/python3/dist-packages/colcon_core/task/python/colcon_distutils_commands:/home/swarnava2/hunt_ws/install/clue_hunt_solver/lib/python3.10/site-packages:${PYTHONPATH} /usr/bin/python3 -W ignore:setup.py install is deprecated -W ignore:easy_install command is deprecated setup.py develop --uninstall --editable --build-directory /home/swarnava2/hunt_ws/build/clue_hunt_solver/build
[0.745s] Invoking command in '/home/swarnava2/hunt_ws/src/clue_hunt_solver': PYTHONPATH=/home/swarnava2/hunt_ws/build/clue_hunt_solver/prefix_override:/usr/lib/python3/dist-packages/colcon_core/task/python/colcon_distutils_commands:/home/swarnava2/hunt_ws/install/clue_hunt_solver/lib/python3.10/site-packages:${PYTHONPATH} /usr/bin/python3 -W ignore:setup.py install is deprecated -W ignore:easy_install command is deprecated setup.py egg_info --egg-base ../../build/clue_hunt_solver build --build-base /home/swarnava2/hunt_ws/build/clue_hunt_solver/build install --record /home/swarnava2/hunt_ws/build/clue_hunt_solver/install.log --install-scripts $base/lib/clue_hunt_solver --single-version-externally-managed install_data --force
[0.901s] running egg_info
[0.902s] writing ../../build/clue_hunt_solver/clue_hunt_solver.egg-info/PKG-INFO
[0.902s] writing dependency_links to ../../build/clue_hunt_solver/clue_hunt_solver.egg-info/dependency_links.txt
[0.902s] writing entry points to ../../build/clue_hunt_solver/clue_hunt_solver.egg-info/entry_points.txt
[0.902s] writing requirements to ../../build/clue_hunt_solver/clue_hunt_solver.egg-info/requires.txt
[0.902s] writing top-level names to ../../build/clue_hunt_solver/clue_hunt_solver.egg-info/top_level.txt
[0.903s] reading manifest file '../../build/clue_hunt_solver/clue_hunt_solver.egg-info/SOURCES.txt'
[0.904s] writing manifest file '../../build/clue_hunt_solver/clue_hunt_solver.egg-info/SOURCES.txt'
[0.904s] running build
[0.904s] running build_py
[0.904s] creating /home/swarnava2/hunt_ws/build/clue_hunt_solver/build
[0.904s] creating /home/swarnava2/hunt_ws/build/clue_hunt_solver/build/lib
[0.904s] creating /home/swarnava2/hunt_ws/build/clue_hunt_solver/build/lib/clue_hunt_solver
[0.904s] copying clue_hunt_solver/__init__.py -> /home/swarnava2/hunt_ws/build/clue_hunt_solver/build/lib/clue_hunt_solver
[0.904s] copying clue_hunt_solver/hunt_node.py -> /home/swarnava2/hunt_ws/build/clue_hunt_solver/build/lib/clue_hunt_solver
[0.904s] copying clue_hunt_solver/follower_node.py -> /home/swarnava2/hunt_ws/build/clue_hunt_solver/build/lib/clue_hunt_solver
[0.904s] running install
[0.904s] running install_lib
[0.905s] creating /home/swarnava2/hunt_ws/install/clue_hunt_solver/lib/python3.10/site-packages/clue_hunt_solver
[0.905s] copying /home/swarnava2/hunt_ws/build/clue_hunt_solver/build/lib/clue_hunt_solver/__init__.py -> /home/swarnava2/hunt_ws/install/clue_hunt_solver/lib/python3.10/site-packages/clue_hunt_solver
[0.905s] copying /home/swarnava2/hunt_ws/build/clue_hunt_solver/build/lib/clue_hunt_solver/hunt_node.py -> /home/swarnava2/hunt_ws/install/clue_hunt_solver/lib/python3.10/site-packages/clue_hunt_solver
[0.905s] copying /home/swarnava2/hunt_ws/build/clue_hunt_solver/build/lib/clue_hunt_solver/follower_node.py -> /home/swarnava2/hunt_ws/install/clue_hunt_solver/lib/python3.10/site-packages/clue_hunt_solver
[0.905s] byte-compiling /home/swarnava2/hunt_ws/install/clue_hunt_solver/lib/python3.10/site-packages/clue_hunt_solver/__init__.py to __init__.cpython-310.pyc
[0.905s] byte-compiling /home/swarnava2/hunt_ws/install/clue_hunt_solver/lib/python3.10/site-packages/clue_hunt_solver/hunt_node.py to hunt_node.cpython-310.pyc
[0.905s] byte-compiling /home/swarnava2/hunt_ws/install/clue_hunt_solver/lib/python3.10/site-packages/clue_hunt_solver/follower_node.py to follower_node.cpython-310.pyc
[0.906s] running install_data
[0.906s] copying resource/clue_hunt_solver -> /home/swarnava2/hunt_ws/install/clue_hunt_solver/share/ament_index/resource_index/packages
[0.906s] copying package.xml -> /home/swarnava2/hunt_ws/install/clue_hunt_solver/share/clue_hunt_solver
[0.906s] copying launch/hunt.launch.py -> /home/swarnava2/hunt_ws/install/clue_hunt_solver/share/clue_hunt_solver/launch
[0.906s] running install_egg_info
[0.907s] Copying ../../build/clue_hunt_solver/clue_hunt_solver.egg-info to /home/swarnava2/hunt_ws/install/clue_hunt_solver/lib/python3.10/site-packages/clue_hunt_solver-0.1.0-py3.10.egg-info
[0.907s] running install_scripts
[0.921s] Installing follower_node script to /home/swarnava2/hunt_ws/install/clue_hunt_solver/lib/clue_hunt_solver
[0.921s] Installing hunt_node script to /home/swarnava2/hunt_ws/install/clue_hunt_solver/lib/clue_hunt_solver
[0.921s] writing list of installed files to '/home/swarnava2/hunt_ws/build/clue_hunt_solver/install.log'
[0.937s] Invoked command in '/home/swarnava2/hunt_ws/src/clue_hunt_solver' returned '0': PYTHONPATH=/home/swarnava2/hunt_ws/build/clue_hunt_solver/prefix_override:/usr/lib/python3/dist-packages/colcon_core/task/python/colcon_distutils_commands:/home/swarnava2/hunt_ws/install/clue_hunt_solver/lib/python3.10/site-packages:${PYTHONPATH} /usr/bin/python3 -W ignore:setup.py install is deprecated -W ignore:easy_install command is deprecated setup.py egg_info --egg-base ../../build/clue_hunt_solver build --build-base /home/swarnava2/hunt_ws/build/clue_hunt_solver/build install --record /home/swarnava2/hunt_ws/build/clue_hunt_solver/install.log --install-scripts $base/lib/clue_hunt_solver --single-version-externally-managed install_data --force
