[0.078s] DEBUG:colcon:Command line arguments: ['/usr/bin/colcon', 'build']
[0.078s] DEBUG:colcon:Parsed command line arguments: Namespace(log_base=None, log_level=None, verb_name='build', build_base='build', install_base='install', merge_install=False, symlink_install=False, test_result_base=None, continue_on_error=False, executor='parallel', parallel_workers=16, event_handlers=None, ignore_user_meta=False, metas=['./colcon.meta'], base_paths=['.'], packages_ignore=None, packages_ignore_regex=None, paths=None, packages_up_to=None, packages_up_to_regex=None, packages_above=None, packages_above_and_dependencies=None, packages_above_depth=None, packages_select_by_dep=None, packages_skip_by_dep=None, packages_skip_up_to=None, packages_select_build_failed=False, packages_skip_build_finished=False, packages_select_test_failures=False, packages_skip_test_passed=False, packages_select=None, packages_skip=None, packages_select_regex=None, packages_skip_regex=None, packages_start=None, packages_end=None, cmake_args=None, cmake_target=None, cmake_target_skip_unavailable=False, cmake_clean_cache=False, cmake_clean_first=False, cmake_force_configure=False, ament_cmake_args=None, catkin_cmake_args=None, catkin_skip_building_tests=False, verb_parser=<colcon_defaults.argument_parser.defaults.DefaultArgumentsDecorator object at 0x799d7dc0d360>, verb_extension=<colcon_core.verb.build.BuildVerb object at 0x799d7dc0ce20>, main=<bound method BuildVerb.main of <colcon_core.verb.build.BuildVerb object at 0x799d7dc0ce20>>)
[0.206s] Level 1:colcon.colcon_core.package_discovery:discover_packages(colcon_meta) check parameters
[0.206s] Level 1:colcon.colcon_core.package_discovery:discover_packages(recursive) check parameters
[0.206s] Level 1:colcon.colcon_core.package_discovery:discover_packages(ignore) check parameters
[0.206s] Level 1:colcon.colcon_core.package_discovery:discover_packages(path) check parameters
[0.206s] Level 1:colcon.colcon_core.package_discovery:discover_packages(colcon_meta) discover
[0.206s] Level 1:colcon.colcon_core.package_discovery:discover_packages(recursive) discover
[0.206s] INFO:colcon.colcon_core.package_discovery:Crawling recursively for packages in '/home/swarnava2/hunt_ws'
[0.206s] Level 1:colcon.colcon_core.package_identification:_identify(.) by extensions ['ignore', 'ignore_ament_install']
[0.206s] Level 1:colcon.colcon_core.package_identification:_identify(.) by extension 'ignore'
[0.206s] Level 1:colcon.colcon_core.package_identification:_identify(.) by extension 'ignore_ament_install'
[0.206s] Level 1:colcon.colcon_core.package_identification:_identify(.) by extensions ['colcon_pkg']
[0.206s] Level 1:colcon.colcon_core.package_identification:_identify(.) by extension 'colcon_pkg'
[0.206s] Level 1:colcon.colcon_core.package_identification:_identify(.) by extensions ['colcon_meta']
[0.206s] Level 1:colcon.colcon_core.package_identification:_identify(.) by extension 'colcon_meta'
[0.206s] Level 1:colcon.colcon_core.package_identification:_identify(.) by extensions ['ros']
[0.207s] Level 1:colcon.colcon_core.package_identification:_identify(.) by extension 'ros'
[0.215s] Level 1:colcon.colcon_core.package_identification:_identify(.) by extensions ['cmake', 'python']
[0.215s] Level 1:colcon.colcon_core.package_identification:_identify(.) by extension 'cmake'
[0.215s] Level 1:colcon.colcon_core.package_identification:_identify(.) by extension 'python'
[0.215s] Level 1:colcon.colcon_core.package_identification:_identify(.) by extensions ['python_setup_py']
[0.215s] Level 1:colcon.colcon_core.package_identification:_identify(.) by extension 'python_setup_py'
[0.215s] Level 1:colcon.colcon_core.package_identification:_identify(build) by extensions ['ignore', 'ignore_ament_install']
[0.215s] Level 1:colcon.colcon_core.package_identification:_identify(build) by extension 'ignore'
[0.215s] Level 1:colcon.colcon_core.package_identification:_identify(build) ignored
[0.215s] Level 1:colcon.colcon_core.package_identification:_identify(install) by extensions ['ignore', 'ignore_ament_install']
[0.215s] Level 1:colcon.colcon_core.package_identification:_identify(install) by extension 'ignore'
[0.215s] Level 1:colcon.colcon_core.package_identification:_identify(install) ignored
[0.216s] Level 1:colcon.colcon_core.package_identification:_identify(log) by extensions ['ignore', 'ignore_ament_install']
[0.216s] Level 1:colcon.colcon_core.package_identification:_identify(log) by extension 'ignore'
[0.216s] Level 1:colcon.colcon_core.package_identification:_identify(log) ignored
[0.216s] Level 1:colcon.colcon_core.package_identification:_identify(maps) by extensions ['ignore', 'ignore_ament_install']
[0.216s] Level 1:colcon.colcon_core.package_identification:_identify(maps) by extension 'ignore'
[0.216s] Level 1:colcon.colcon_core.package_identification:_identify(maps) by extension 'ignore_ament_install'
[0.216s] Level 1:colcon.colcon_core.package_identification:_identify(maps) by extensions ['colcon_pkg']
[0.216s] Level 1:colcon.colcon_core.package_identification:_identify(maps) by extension 'colcon_pkg'
[0.216s] Level 1:colcon.colcon_core.package_identification:_identify(maps) by extensions ['colcon_meta']
[0.216s] Level 1:colcon.colcon_core.package_identification:_identify(maps) by extension 'colcon_meta'
[0.216s] Level 1:colcon.colcon_core.package_identification:_identify(maps) by extensions ['ros']
[0.216s] Level 1:colcon.colcon_core.package_identification:_identify(maps) by extension 'ros'
[0.216s] Level 1:colcon.colcon_core.package_identification:_identify(maps) by extensions ['cmake', 'python']
[0.216s] Level 1:colcon.colcon_core.package_identification:_identify(maps) by extension 'cmake'
[0.216s] Level 1:colcon.colcon_core.package_identification:_identify(maps) by extension 'python'
[0.216s] Level 1:colcon.colcon_core.package_identification:_identify(maps) by extensions ['python_setup_py']
[0.216s] Level 1:colcon.colcon_core.package_identification:_identify(maps) by extension 'python_setup_py'
[0.216s] Level 1:colcon.colcon_core.package_identification:_identify(src) by extensions ['ignore', 'ignore_ament_install']
[0.216s] Level 1:colcon.colcon_core.package_identification:_identify(src) by extension 'ignore'
[0.216s] Level 1:colcon.colcon_core.package_identification:_identify(src) by extension 'ignore_ament_install'
[0.216s] Level 1:colcon.colcon_core.package_identification:_identify(src) by extensions ['colcon_pkg']
[0.216s] Level 1:colcon.colcon_core.package_identification:_identify(src) by extension 'colcon_pkg'
[0.216s] Level 1:colcon.colcon_core.package_identification:_identify(src) by extensions ['colcon_meta']
[0.216s] Level 1:colcon.colcon_core.package_identification:_identify(src) by extension 'colcon_meta'
[0.216s] Level 1:colcon.colcon_core.package_identification:_identify(src) by extensions ['ros']
[0.216s] Level 1:colcon.colcon_core.package_identification:_identify(src) by extension 'ros'
[0.216s] Level 1:colcon.colcon_core.package_identification:_identify(src) by extensions ['cmake', 'python']
[0.216s] Level 1:colcon.colcon_core.package_identification:_identify(src) by extension 'cmake'
[0.216s] Level 1:colcon.colcon_core.package_identification:_identify(src) by extension 'python'
[0.216s] Level 1:colcon.colcon_core.package_identification:_identify(src) by extensions ['python_setup_py']
[0.216s] Level 1:colcon.colcon_core.package_identification:_identify(src) by extension 'python_setup_py'
[0.216s] Level 1:colcon.colcon_core.package_identification:_identify(src/build) by extensions ['ignore', 'ignore_ament_install']
[0.217s] Level 1:colcon.colcon_core.package_identification:_identify(src/build) by extension 'ignore'
[0.217s] Level 1:colcon.colcon_core.package_identification:_identify(src/build) ignored
[0.217s] Level 1:colcon.colcon_core.package_identification:_identify(src/clue_hunt_description) by extensions ['ignore', 'ignore_ament_install']
[0.217s] Level 1:colcon.colcon_core.package_identification:_identify(src/clue_hunt_description) by extension 'ignore'
[0.217s] Level 1:colcon.colcon_core.package_identification:_identify(src/clue_hunt_description) by extension 'ignore_ament_install'
[0.217s] Level 1:colcon.colcon_core.package_identification:_identify(src/clue_hunt_description) by extensions ['colcon_pkg']
[0.217s] Level 1:colcon.colcon_core.package_identification:_identify(src/clue_hunt_description) by extension 'colcon_pkg'
[0.217s] Level 1:colcon.colcon_core.package_identification:_identify(src/clue_hunt_description) by extensions ['colcon_meta']
[0.217s] Level 1:colcon.colcon_core.package_identification:_identify(src/clue_hunt_description) by extension 'colcon_meta'
[0.217s] Level 1:colcon.colcon_core.package_identification:_identify(src/clue_hunt_description) by extensions ['ros']
[0.217s] Level 1:colcon.colcon_core.package_identification:_identify(src/clue_hunt_description) by extension 'ros'
[0.219s] DEBUG:colcon.colcon_core.package_identification:Package 'src/clue_hunt_description' with type 'ros.ament_cmake' and name 'clue_hunt_description'
[0.219s] Level 1:colcon.colcon_core.package_identification:_identify(src/clue_hunt_gazebo) by extensions ['ignore', 'ignore_ament_install']
[0.219s] Level 1:colcon.colcon_core.package_identification:_identify(src/clue_hunt_gazebo) by extension 'ignore'
[0.219s] Level 1:colcon.colcon_core.package_identification:_identify(src/clue_hunt_gazebo) by extension 'ignore_ament_install'
[0.219s] Level 1:colcon.colcon_core.package_identification:_identify(src/clue_hunt_gazebo) by extensions ['colcon_pkg']
[0.219s] Level 1:colcon.colcon_core.package_identification:_identify(src/clue_hunt_gazebo) by extension 'colcon_pkg'
[0.219s] Level 1:colcon.colcon_core.package_identification:_identify(src/clue_hunt_gazebo) by extensions ['colcon_meta']
[0.219s] Level 1:colcon.colcon_core.package_identification:_identify(src/clue_hunt_gazebo) by extension 'colcon_meta'
[0.219s] Level 1:colcon.colcon_core.package_identification:_identify(src/clue_hunt_gazebo) by extensions ['ros']
[0.219s] Level 1:colcon.colcon_core.package_identification:_identify(src/clue_hunt_gazebo) by extension 'ros'
[0.219s] DEBUG:colcon.colcon_core.package_identification:Package 'src/clue_hunt_gazebo' with type 'ros.ament_cmake' and name 'clue_hunt_gazebo'
[0.220s] Level 1:colcon.colcon_core.package_identification:_identify(src/clue_hunt_navigation) by extensions ['ignore', 'ignore_ament_install']
[0.220s] Level 1:colcon.colcon_core.package_identification:_identify(src/clue_hunt_navigation) by extension 'ignore'
[0.220s] Level 1:colcon.colcon_core.package_identification:_identify(src/clue_hunt_navigation) by extension 'ignore_ament_install'
[0.220s] Level 1:colcon.colcon_core.package_identification:_identify(src/clue_hunt_navigation) by extensions ['colcon_pkg']
[0.220s] Level 1:colcon.colcon_core.package_identification:_identify(src/clue_hunt_navigation) by extension 'colcon_pkg'
[0.220s] Level 1:colcon.colcon_core.package_identification:_identify(src/clue_hunt_navigation) by extensions ['colcon_meta']
[0.220s] Level 1:colcon.colcon_core.package_identification:_identify(src/clue_hunt_navigation) by extension 'colcon_meta'
[0.220s] Level 1:colcon.colcon_core.package_identification:_identify(src/clue_hunt_navigation) by extensions ['ros']
[0.220s] Level 1:colcon.colcon_core.package_identification:_identify(src/clue_hunt_navigation) by extension 'ros'
[0.220s] DEBUG:colcon.colcon_core.package_identification:Package 'src/clue_hunt_navigation' with type 'ros.ament_cmake' and name 'clue_hunt_navigation'
[0.220s] Level 1:colcon.colcon_core.package_identification:_identify(src/clue_hunt_solver) by extensions ['ignore', 'ignore_ament_install']
[0.220s] Level 1:colcon.colcon_core.package_identification:_identify(src/clue_hunt_solver) by extension 'ignore'
[0.220s] Level 1:colcon.colcon_core.package_identification:_identify(src/clue_hunt_solver) by extension 'ignore_ament_install'
[0.220s] Level 1:colcon.colcon_core.package_identification:_identify(src/clue_hunt_solver) by extensions ['colcon_pkg']
[0.220s] Level 1:colcon.colcon_core.package_identification:_identify(src/clue_hunt_solver) by extension 'colcon_pkg'
[0.221s] Level 1:colcon.colcon_core.package_identification:_identify(src/clue_hunt_solver) by extensions ['colcon_meta']
[0.221s] Level 1:colcon.colcon_core.package_identification:_identify(src/clue_hunt_solver) by extension 'colcon_meta'
[0.221s] Level 1:colcon.colcon_core.package_identification:_identify(src/clue_hunt_solver) by extensions ['ros']
[0.221s] Level 1:colcon.colcon_core.package_identification:_identify(src/clue_hunt_solver) by extension 'ros'
[0.221s] DEBUG:colcon.colcon_core.package_identification:Package 'src/clue_hunt_solver' with type 'ros.ament_python' and name 'clue_hunt_solver'
[0.221s] Level 1:colcon.colcon_core.package_identification:_identify(src/install) by extensions ['ignore', 'ignore_ament_install']
[0.221s] Level 1:colcon.colcon_core.package_identification:_identify(src/install) by extension 'ignore'
[0.221s] Level 1:colcon.colcon_core.package_identification:_identify(src/install) ignored
[0.221s] Level 1:colcon.colcon_core.package_identification:_identify(src/log) by extensions ['ignore', 'ignore_ament_install']
[0.221s] Level 1:colcon.colcon_core.package_identification:_identify(src/log) by extension 'ignore'
[0.221s] Level 1:colcon.colcon_core.package_identification:_identify(src/log) ignored
[0.221s] Level 1:colcon.colcon_core.package_discovery:discover_packages(recursive) using defaults
[0.221s] Level 1:colcon.colcon_core.package_discovery:discover_packages(ignore) discover
[0.221s] Level 1:colcon.colcon_core.package_discovery:discover_packages(ignore) using defaults
[0.221s] Level 1:colcon.colcon_core.package_discovery:discover_packages(path) discover
[0.221s] Level 1:colcon.colcon_core.package_discovery:discover_packages(path) using defaults
[0.245s] Level 5:colcon.colcon_core.verb:set package 'clue_hunt_description' build argument 'cmake_args' from command line to 'None'
[0.245s] Level 5:colcon.colcon_core.verb:set package 'clue_hunt_description' build argument 'cmake_target' from command line to 'None'
[0.245s] Level 5:colcon.colcon_core.verb:set package 'clue_hunt_description' build argument 'cmake_target_skip_unavailable' from command line to 'False'
[0.245s] Level 5:colcon.colcon_core.verb:set package 'clue_hunt_description' build argument 'cmake_clean_cache' from command line to 'False'
[0.245s] Level 5:colcon.colcon_core.verb:set package 'clue_hunt_description' build argument 'cmake_clean_first' from command line to 'False'
[0.245s] Level 5:colcon.colcon_core.verb:set package 'clue_hunt_description' build argument 'cmake_force_configure' from command line to 'False'
[0.245s] Level 5:colcon.colcon_core.verb:set package 'clue_hunt_description' build argument 'ament_cmake_args' from command line to 'None'
[0.245s] Level 5:colcon.colcon_core.verb:set package 'clue_hunt_description' build argument 'catkin_cmake_args' from command line to 'None'
[0.245s] Level 5:colcon.colcon_core.verb:set package 'clue_hunt_description' build argument 'catkin_skip_building_tests' from command line to 'False'
[0.245s] DEBUG:colcon.colcon_core.verb:Building package 'clue_hunt_description' with the following arguments: {'ament_cmake_args': None, 'build_base': '/home/swarnava2/hunt_ws/build/clue_hunt_description', 'catkin_cmake_args': None, 'catkin_skip_building_tests': False, 'cmake_args': None, 'cmake_clean_cache': False, 'cmake_clean_first': False, 'cmake_force_configure': False, 'cmake_target': None, 'cmake_target_skip_unavailable': False, 'install_base': '/home/swarnava2/hunt_ws/install/clue_hunt_description', 'merge_install': False, 'path': '/home/swarnava2/hunt_ws/src/clue_hunt_description', 'symlink_install': False, 'test_result_base': None}
[0.246s] Level 5:colcon.colcon_core.verb:set package 'clue_hunt_solver' build argument 'cmake_args' from command line to 'None'
[0.246s] Level 5:colcon.colcon_core.verb:set package 'clue_hunt_solver' build argument 'cmake_target' from command line to 'None'
[0.246s] Level 5:colcon.colcon_core.verb:set package 'clue_hunt_solver' build argument 'cmake_target_skip_unavailable' from command line to 'False'
[0.246s] Level 5:colcon.colcon_core.verb:set package 'clue_hunt_solver' build argument 'cmake_clean_cache' from command line to 'False'
[0.246s] Level 5:colcon.colcon_core.verb:set package 'clue_hunt_solver' build argument 'cmake_clean_first' from command line to 'False'
[0.246s] Level 5:colcon.colcon_core.verb:set package 'clue_hunt_solver' build argument 'cmake_force_configure' from command line to 'False'
[0.246s] Level 5:colcon.colcon_core.verb:set package 'clue_hunt_solver' build argument 'ament_cmake_args' from command line to 'None'
[0.246s] Level 5:colcon.colcon_core.verb:set package 'clue_hunt_solver' build argument 'catkin_cmake_args' from command line to 'None'
[0.246s] Level 5:colcon.colcon_core.verb:set package 'clue_hunt_solver' build argument 'catkin_skip_building_tests' from command line to 'False'
[0.246s] DEBUG:colcon.colcon_core.verb:Building package 'clue_hunt_solver' with the following arguments: {'ament_cmake_args': None, 'build_base': '/home/swarnava2/hunt_ws/build/clue_hunt_solver', 'catkin_cmake_args': None, 'catkin_skip_building_tests': False, 'cmake_args': None, 'cmake_clean_cache': False, 'cmake_clean_first': False, 'cmake_force_configure': False, 'cmake_target': None, 'cmake_target_skip_unavailable': False, 'install_base': '/home/swarnava2/hunt_ws/install/clue_hunt_solver', 'merge_install': False, 'path': '/home/swarnava2/hunt_ws/src/clue_hunt_solver', 'symlink_install': False, 'test_result_base': None}
[0.246s] Level 5:colcon.colcon_core.verb:set package 'clue_hunt_gazebo' build argument 'cmake_args' from command line to 'None'
[0.246s] Level 5:colcon.colcon_core.verb:set package 'clue_hunt_gazebo' build argument 'cmake_target' from command line to 'None'
[0.246s] Level 5:colcon.colcon_core.verb:set package 'clue_hunt_gazebo' build argument 'cmake_target_skip_unavailable' from command line to 'False'
[0.246s] Level 5:colcon.colcon_core.verb:set package 'clue_hunt_gazebo' build argument 'cmake_clean_cache' from command line to 'False'
[0.246s] Level 5:colcon.colcon_core.verb:set package 'clue_hunt_gazebo' build argument 'cmake_clean_first' from command line to 'False'
[0.246s] Level 5:colcon.colcon_core.verb:set package 'clue_hunt_gazebo' build argument 'cmake_force_configure' from command line to 'False'
[0.246s] Level 5:colcon.colcon_core.verb:set package 'clue_hunt_gazebo' build argument 'ament_cmake_args' from command line to 'None'
[0.246s] Level 5:colcon.colcon_core.verb:set package 'clue_hunt_gazebo' build argument 'catkin_cmake_args' from command line to 'None'
[0.246s] Level 5:colcon.colcon_core.verb:set package 'clue_hunt_gazebo' build argument 'catkin_skip_building_tests' from command line to 'False'
[0.246s] DEBUG:colcon.colcon_core.verb:Building package 'clue_hunt_gazebo' with the following arguments: {'ament_cmake_args': None, 'build_base': '/home/swarnava2/hunt_ws/build/clue_hunt_gazebo', 'catkin_cmake_args': None, 'catkin_skip_building_tests': False, 'cmake_args': None, 'cmake_clean_cache': False, 'cmake_clean_first': False, 'cmake_force_configure': False, 'cmake_target': None, 'cmake_target_skip_unavailable': False, 'install_base': '/home/swarnava2/hunt_ws/install/clue_hunt_gazebo', 'merge_install': False, 'path': '/home/swarnava2/hunt_ws/src/clue_hunt_gazebo', 'symlink_install': False, 'test_result_base': None}
[0.246s] Level 5:colcon.colcon_core.verb:set package 'clue_hunt_navigation' build argument 'cmake_args' from command line to 'None'
[0.246s] Level 5:colcon.colcon_core.verb:set package 'clue_hunt_navigation' build argument 'cmake_target' from command line to 'None'
[0.246s] Level 5:colcon.colcon_core.verb:set package 'clue_hunt_navigation' build argument 'cmake_target_skip_unavailable' from command line to 'False'
[0.246s] Level 5:colcon.colcon_core.verb:set package 'clue_hunt_navigation' build argument 'cmake_clean_cache' from command line to 'False'
[0.246s] Level 5:colcon.colcon_core.verb:set package 'clue_hunt_navigation' build argument 'cmake_clean_first' from command line to 'False'
[0.246s] Level 5:colcon.colcon_core.verb:set package 'clue_hunt_navigation' build argument 'cmake_force_configure' from command line to 'False'
[0.246s] Level 5:colcon.colcon_core.verb:set package 'clue_hunt_navigation' build argument 'ament_cmake_args' from command line to 'None'
[0.246s] Level 5:colcon.colcon_core.verb:set package 'clue_hunt_navigation' build argument 'catkin_cmake_args' from command line to 'None'
[0.246s] Level 5:colcon.colcon_core.verb:set package 'clue_hunt_navigation' build argument 'catkin_skip_building_tests' from command line to 'False'
[0.246s] DEBUG:colcon.colcon_core.verb:Building package 'clue_hunt_navigation' with the following arguments: {'ament_cmake_args': None, 'build_base': '/home/swarnava2/hunt_ws/build/clue_hunt_navigation', 'catkin_cmake_args': None, 'catkin_skip_building_tests': False, 'cmake_args': None, 'cmake_clean_cache': False, 'cmake_clean_first': False, 'cmake_force_configure': False, 'cmake_target': None, 'cmake_target_skip_unavailable': False, 'install_base': '/home/swarnava2/hunt_ws/install/clue_hunt_navigation', 'merge_install': False, 'path': '/home/swarnava2/hunt_ws/src/clue_hunt_navigation', 'symlink_install': False, 'test_result_base': None}
[0.247s] INFO:colcon.colcon_core.executor:Executing jobs using 'parallel' executor
[0.247s] DEBUG:colcon.colcon_parallel_executor.executor.parallel:run_until_complete
[0.248s] INFO:colcon.colcon_ros.task.ament_cmake.build:Building ROS package in '/home/swarnava2/hunt_ws/src/clue_hunt_description' with build type 'ament_cmake'
[0.248s] INFO:colcon.colcon_cmake.task.cmake.build:Building CMake package in '/home/swarnava2/hunt_ws/src/clue_hunt_description'
[0.249s] INFO:colcon.colcon_core.plugin_system:Skipping extension 'colcon_core.shell.bat': Not used on non-Windows systems
[0.249s] INFO:colcon.colcon_core.shell:Skip shell extension 'powershell' for command environment: Not usable outside of PowerShell
[0.249s] DEBUG:colcon.colcon_core.shell:Skip shell extension 'dsv' for command environment
[0.254s] INFO:colcon.colcon_ros.task.ament_python.build:Building ROS package in '/home/swarnava2/hunt_ws/src/clue_hunt_solver' with build type 'ament_python'
[0.254s] Level 1:colcon.colcon_core.shell:create_environment_hook('clue_hunt_solver', 'ament_prefix_path')
[0.254s] INFO:colcon.colcon_core.shell:Creating environment hook '/home/swarnava2/hunt_ws/install/clue_hunt_solver/share/clue_hunt_solver/hook/ament_prefix_path.ps1'
[0.255s] INFO:colcon.colcon_core.shell:Creating environment descriptor '/home/swarnava2/hunt_ws/install/clue_hunt_solver/share/clue_hunt_solver/hook/ament_prefix_path.dsv'
[0.255s] INFO:colcon.colcon_core.shell:Creating environment hook '/home/swarnava2/hunt_ws/install/clue_hunt_solver/share/clue_hunt_solver/hook/ament_prefix_path.sh'
[0.256s] INFO:colcon.colcon_core.shell:Skip shell extension 'powershell' for command environment: Not usable outside of PowerShell
[0.256s] DEBUG:colcon.colcon_core.shell:Skip shell extension 'dsv' for command environment
[0.264s] DEBUG:colcon.colcon_core.event_handler.log_command:Invoking command in '/home/swarnava2/hunt_ws/build/clue_hunt_description': CMAKE_PREFIX_PATH=${CMAKE_PREFIX_PATH}:/home/swarnava2/hunt_ws/install/clue_hunt_solver:/home/swarnava2/cognipilot/cranium/install/b3rb_ros_line_follower:/opt/ros/humble /usr/bin/cmake --build /home/swarnava2/hunt_ws/build/clue_hunt_description -- -j16 -l16
[0.431s] INFO:colcon.colcon_core.task.python.build:Building Python package in '/home/swarnava2/hunt_ws/src/clue_hunt_solver'
[0.431s] INFO:colcon.colcon_core.shell:Skip shell extension 'powershell' for command environment: Not usable outside of PowerShell
[0.431s] DEBUG:colcon.colcon_core.shell:Skip shell extension 'dsv' for command environment
[0.437s] DEBUG:colcon.colcon_core.event_handler.log_command:Invoked command in '/home/swarnava2/hunt_ws/build/clue_hunt_description' returned '0': CMAKE_PREFIX_PATH=${CMAKE_PREFIX_PATH}:/home/swarnava2/hunt_ws/install/clue_hunt_solver:/home/swarnava2/cognipilot/cranium/install/b3rb_ros_line_follower:/opt/ros/humble /usr/bin/cmake --build /home/swarnava2/hunt_ws/build/clue_hunt_description -- -j16 -l16
[0.446s] DEBUG:colcon.colcon_core.event_handler.log_command:Invoking command in '/home/swarnava2/hunt_ws/build/clue_hunt_description': CMAKE_PREFIX_PATH=${CMAKE_PREFIX_PATH}:/home/swarnava2/hunt_ws/install/clue_hunt_solver:/home/swarnava2/cognipilot/cranium/install/b3rb_ros_line_follower:/opt/ros/humble /usr/bin/cmake --install /home/swarnava2/hunt_ws/build/clue_hunt_description
[0.463s] Level 1:colcon.colcon_core.environment:create_environment_scripts_only(clue_hunt_description)
[0.464s] DEBUG:colcon.colcon_core.event_handler.log_command:Invoked command in '/home/swarnava2/hunt_ws/build/clue_hunt_description' returned '0': CMAKE_PREFIX_PATH=${CMAKE_PREFIX_PATH}:/home/swarnava2/hunt_ws/install/clue_hunt_solver:/home/swarnava2/cognipilot/cranium/install/b3rb_ros_line_follower:/opt/ros/humble /usr/bin/cmake --install /home/swarnava2/hunt_ws/build/clue_hunt_description
[0.466s] Level 1:colcon.colcon_core.environment:checking '/home/swarnava2/hunt_ws/install/clue_hunt_description' for CMake module files
[0.467s] Level 1:colcon.colcon_core.environment:checking '/home/swarnava2/hunt_ws/install/clue_hunt_description' for CMake config files
[0.467s] Level 1:colcon.colcon_core.shell:create_environment_hook('clue_hunt_description', 'cmake_prefix_path')
[0.467s] INFO:colcon.colcon_core.shell:Creating environment hook '/home/swarnava2/hunt_ws/install/clue_hunt_description/share/clue_hunt_description/hook/cmake_prefix_path.ps1'
[0.468s] INFO:colcon.colcon_core.shell:Creating environment descriptor '/home/swarnava2/hunt_ws/install/clue_hunt_description/share/clue_hunt_description/hook/cmake_prefix_path.dsv'
[0.468s] INFO:colcon.colcon_core.shell:Creating environment hook '/home/swarnava2/hunt_ws/install/clue_hunt_description/share/clue_hunt_description/hook/cmake_prefix_path.sh'
[0.469s] Level 1:colcon.colcon_core.environment:checking '/home/swarnava2/hunt_ws/install/clue_hunt_description/bin'
[0.469s] Level 1:colcon.colcon_core.environment:checking '/home/swarnava2/hunt_ws/install/clue_hunt_description/lib/pkgconfig/clue_hunt_description.pc'
[0.469s] Level 1:colcon.colcon_core.environment:checking '/home/swarnava2/hunt_ws/install/clue_hunt_description/lib/python3.10/site-packages'
[0.469s] Level 1:colcon.colcon_core.environment:checking '/home/swarnava2/hunt_ws/install/clue_hunt_description/bin'
[0.470s] INFO:colcon.colcon_core.shell:Creating package script '/home/swarnava2/hunt_ws/install/clue_hunt_description/share/clue_hunt_description/package.ps1'
[0.471s] INFO:colcon.colcon_core.shell:Creating package descriptor '/home/swarnava2/hunt_ws/install/clue_hunt_description/share/clue_hunt_description/package.dsv'
[0.471s] INFO:colcon.colcon_core.shell:Creating package script '/home/swarnava2/hunt_ws/install/clue_hunt_description/share/clue_hunt_description/package.sh'
[0.472s] INFO:colcon.colcon_core.shell:Creating package script '/home/swarnava2/hunt_ws/install/clue_hunt_description/share/clue_hunt_description/package.bash'
[0.472s] INFO:colcon.colcon_core.shell:Creating package script '/home/swarnava2/hunt_ws/install/clue_hunt_description/share/clue_hunt_description/package.zsh'
[0.473s] Level 1:colcon.colcon_core.environment:create_file_with_runtime_dependencies(/home/swarnava2/hunt_ws/install/clue_hunt_description/share/colcon-core/packages/clue_hunt_description)
[0.473s] Level 1:colcon.colcon_core.environment:create_environment_scripts_only(clue_hunt_description)
[0.473s] Level 1:colcon.colcon_core.environment:checking '/home/swarnava2/hunt_ws/install/clue_hunt_description' for CMake module files
[0.473s] Level 1:colcon.colcon_core.environment:checking '/home/swarnava2/hunt_ws/install/clue_hunt_description' for CMake config files
[0.474s] Level 1:colcon.colcon_core.shell:create_environment_hook('clue_hunt_description', 'cmake_prefix_path')
[0.474s] INFO:colcon.colcon_core.shell:Creating environment hook '/home/swarnava2/hunt_ws/install/clue_hunt_description/share/clue_hunt_description/hook/cmake_prefix_path.ps1'
[0.474s] INFO:colcon.colcon_core.shell:Creating environment descriptor '/home/swarnava2/hunt_ws/install/clue_hunt_description/share/clue_hunt_description/hook/cmake_prefix_path.dsv'
[0.474s] INFO:colcon.colcon_core.shell:Creating environment hook '/home/swarnava2/hunt_ws/install/clue_hunt_description/share/clue_hunt_description/hook/cmake_prefix_path.sh'
[0.475s] Level 1:colcon.colcon_core.environment:checking '/home/swarnava2/hunt_ws/install/clue_hunt_description/bin'
[0.475s] Level 1:colcon.colcon_core.environment:checking '/home/swarnava2/hunt_ws/install/clue_hunt_description/lib/pkgconfig/clue_hunt_description.pc'
[0.475s] Level 1:colcon.colcon_core.environment:checking '/home/swarnava2/hunt_ws/install/clue_hunt_description/lib/python3.10/site-packages'
[0.475s] Level 1:colcon.colcon_core.environment:checking '/home/swarnava2/hunt_ws/install/clue_hunt_description/bin'
[0.475s] INFO:colcon.colcon_core.shell:Creating package script '/home/swarnava2/hunt_ws/install/clue_hunt_description/share/clue_hunt_description/package.ps1'
[0.476s] INFO:colcon.colcon_core.shell:Creating package descriptor '/home/swarnava2/hunt_ws/install/clue_hunt_description/share/clue_hunt_description/package.dsv'
[0.476s] INFO:colcon.colcon_core.shell:Creating package script '/home/swarnava2/hunt_ws/install/clue_hunt_description/share/clue_hunt_description/package.sh'
[0.476s] INFO:colcon.colcon_core.shell:Creating package script '/home/swarnava2/hunt_ws/install/clue_hunt_description/share/clue_hunt_description/package.bash'
[0.476s] INFO:colcon.colcon_core.shell:Creating package script '/home/swarnava2/hunt_ws/install/clue_hunt_description/share/clue_hunt_description/package.zsh'
[0.477s] Level 1:colcon.colcon_core.environment:create_file_with_runtime_dependencies(/home/swarnava2/hunt_ws/install/clue_hunt_description/share/colcon-core/packages/clue_hunt_description)
[0.477s] INFO:colcon.colcon_ros.task.ament_cmake.build:Building ROS package in '/home/swarnava2/hunt_ws/src/clue_hunt_gazebo' with build type 'ament_cmake'
[0.477s] INFO:colcon.colcon_cmake.task.cmake.build:Building CMake package in '/home/swarnava2/hunt_ws/src/clue_hunt_gazebo'
[0.477s] INFO:colcon.colcon_core.shell:Skip shell extension 'powershell' for command environment: Not usable outside of PowerShell
[0.477s] DEBUG:colcon.colcon_core.shell:Skip shell extension 'dsv' for command environment
[0.486s] DEBUG:colcon.colcon_core.event_handler.log_command:Invoking command in '/home/swarnava2/hunt_ws/build/clue_hunt_gazebo': CMAKE_PREFIX_PATH=/home/swarnava2/hunt_ws/install/clue_hunt_description:/home/swarnava2/hunt_ws/install/clue_hunt_navigation:/home/swarnava2/hunt_ws/install/clue_hunt_gazebo:/home/swarnava2/cognipilot/cranium/install/synapse_ros:/home/swarnava2/cognipilot/cranium/install/synapse_gz:/home/swarnava2/cognipilot/cranium/install/synapse_tinyframe:/home/swarnava2/cognipilot/cranium/install/synapse_protobuf:/home/swarnava2/cognipilot/cranium/install/corti:/home/swarnava2/cognipilot/cranium/install/synapse_msgs:/home/swarnava2/cognipilot/cranium/install/dream_world:/home/swarnava2/cognipilot/cranium/install/cerebri_bringup:/home/swarnava2/cognipilot/cranium/install/b3rb_simulator:/home/swarnava2/cognipilot/cranium/install/b3rb_desktop:/home/swarnava2/cognipilot/cranium/install/b3rb_rviz:/home/swarnava2/cognipilot/cranium/install/b3rb_nav2:/home/swarnava2/cognipilot/cranium/install/b3rb_gz_resource:/home/swarnava2/cognipilot/cranium/install/b3rb_gz_bringup:/home/swarnava2/cognipilot/cranium/install/b3rb_description:/home/swarnava2/cognipilot/electrode/install/electrode:/home/swarnava2/hunt_ws/install/clue_hunt_solver:/home/swarnava2/cognipilot/cranium/install/b3rb_ros_line_follower:/opt/ros/humble /usr/bin/cmake --build /home/swarnava2/hunt_ws/build/clue_hunt_gazebo -- -j16 -l16
[0.517s] DEBUG:colcon.colcon_core.event_handler.log_command:Invoked command in '/home/swarnava2/hunt_ws/build/clue_hunt_gazebo' returned '0': CMAKE_PREFIX_PATH=/home/swarnava2/hunt_ws/install/clue_hunt_description:/home/swarnava2/hunt_ws/install/clue_hunt_navigation:/home/swarnava2/hunt_ws/install/clue_hunt_gazebo:/home/swarnava2/cognipilot/cranium/install/synapse_ros:/home/swarnava2/cognipilot/cranium/install/synapse_gz:/home/swarnava2/cognipilot/cranium/install/synapse_tinyframe:/home/swarnava2/cognipilot/cranium/install/synapse_protobuf:/home/swarnava2/cognipilot/cranium/install/corti:/home/swarnava2/cognipilot/cranium/install/synapse_msgs:/home/swarnava2/cognipilot/cranium/install/dream_world:/home/swarnava2/cognipilot/cranium/install/cerebri_bringup:/home/swarnava2/cognipilot/cranium/install/b3rb_simulator:/home/swarnava2/cognipilot/cranium/install/b3rb_desktop:/home/swarnava2/cognipilot/cranium/install/b3rb_rviz:/home/swarnava2/cognipilot/cranium/install/b3rb_nav2:/home/swarnava2/cognipilot/cranium/install/b3rb_gz_resource:/home/swarnava2/cognipilot/cranium/install/b3rb_gz_bringup:/home/swarnava2/cognipilot/cranium/install/b3rb_description:/home/swarnava2/cognipilot/electrode/install/electrode:/home/swarnava2/hunt_ws/install/clue_hunt_solver:/home/swarnava2/cognipilot/cranium/install/b3rb_ros_line_follower:/opt/ros/humble /usr/bin/cmake --build /home/swarnava2/hunt_ws/build/clue_hunt_gazebo -- -j16 -l16
[0.518s] DEBUG:colcon.colcon_core.event_handler.log_command:Invoking command in '/home/swarnava2/hunt_ws/build/clue_hunt_gazebo': CMAKE_PREFIX_PATH=/home/swarnava2/hunt_ws/install/clue_hunt_description:/home/swarnava2/hunt_ws/install/clue_hunt_navigation:/home/swarnava2/hunt_ws/install/clue_hunt_gazebo:/home/swarnava2/cognipilot/cranium/install/synapse_ros:/home/swarnava2/cognipilot/cranium/install/synapse_gz:/home/swarnava2/cognipilot/cranium/install/synapse_tinyframe:/home/swarnava2/cognipilot/cranium/install/synapse_protobuf:/home/swarnava2/cognipilot/cranium/install/corti:/home/swarnava2/cognipilot/cranium/install/synapse_msgs:/home/swarnava2/cognipilot/cranium/install/dream_world:/home/swarnava2/cognipilot/cranium/install/cerebri_bringup:/home/swarnava2/cognipilot/cranium/install/b3rb_simulator:/home/swarnava2/cognipilot/cranium/install/b3rb_desktop:/home/swarnava2/cognipilot/cranium/install/b3rb_rviz:/home/swarnava2/cognipilot/cranium/install/b3rb_nav2:/home/swarnava2/cognipilot/cranium/install/b3rb_gz_resource:/home/swarnava2/cognipilot/cranium/install/b3rb_gz_bringup:/home/swarnava2/cognipilot/cranium/install/b3rb_description:/home/swarnava2/cognipilot/electrode/install/electrode:/home/swarnava2/hunt_ws/install/clue_hunt_solver:/home/swarnava2/cognipilot/cranium/install/b3rb_ros_line_follower:/opt/ros/humble /usr/bin/cmake --install /home/swarnava2/hunt_ws/build/clue_hunt_gazebo
[0.538s] Level 1:colcon.colcon_core.environment:create_environment_scripts_only(clue_hunt_gazebo)
[0.539s] DEBUG:colcon.colcon_core.event_handler.log_command:Invoked command in '/home/swarnava2/hunt_ws/build/clue_hunt_gazebo' returned '0': CMAKE_PREFIX_PATH=/home/swarnava2/hunt_ws/install/clue_hunt_description:/home/swarnava2/hunt_ws/install/clue_hunt_navigation:/home/swarnava2/hunt_ws/install/clue_hunt_gazebo:/home/swarnava2/cognipilot/cranium/install/synapse_ros:/home/swarnava2/cognipilot/cranium/install/synapse_gz:/home/swarnava2/cognipilot/cranium/install/synapse_tinyframe:/home/swarnava2/cognipilot/cranium/install/synapse_protobuf:/home/swarnava2/cognipilot/cranium/install/corti:/home/swarnava2/cognipilot/cranium/install/synapse_msgs:/home/swarnava2/cognipilot/cranium/install/dream_world:/home/swarnava2/cognipilot/cranium/install/cerebri_bringup:/home/swarnava2/cognipilot/cranium/install/b3rb_simulator:/home/swarnava2/cognipilot/cranium/install/b3rb_desktop:/home/swarnava2/cognipilot/cranium/install/b3rb_rviz:/home/swarnava2/cognipilot/cranium/install/b3rb_nav2:/home/swarnava2/cognipilot/cranium/install/b3rb_gz_resource:/home/swarnava2/cognipilot/cranium/install/b3rb_gz_bringup:/home/swarnava2/cognipilot/cranium/install/b3rb_description:/home/swarnava2/cognipilot/electrode/install/electrode:/home/swarnava2/hunt_ws/install/clue_hunt_solver:/home/swarnava2/cognipilot/cranium/install/b3rb_ros_line_follower:/opt/ros/humble /usr/bin/cmake --install /home/swarnava2/hunt_ws/build/clue_hunt_gazebo
[0.539s] Level 1:colcon.colcon_core.environment:checking '/home/swarnava2/hunt_ws/install/clue_hunt_gazebo' for CMake module files
[0.540s] Level 1:colcon.colcon_core.environment:checking '/home/swarnava2/hunt_ws/install/clue_hunt_gazebo' for CMake config files
[0.540s] Level 1:colcon.colcon_core.shell:create_environment_hook('clue_hunt_gazebo', 'cmake_prefix_path')
[0.540s] INFO:colcon.colcon_core.shell:Creating environment hook '/home/swarnava2/hunt_ws/install/clue_hunt_gazebo/share/clue_hunt_gazebo/hook/cmake_prefix_path.ps1'
[0.540s] INFO:colcon.colcon_core.shell:Creating environment descriptor '/home/swarnava2/hunt_ws/install/clue_hunt_gazebo/share/clue_hunt_gazebo/hook/cmake_prefix_path.dsv'
[0.541s] INFO:colcon.colcon_core.shell:Creating environment hook '/home/swarnava2/hunt_ws/install/clue_hunt_gazebo/share/clue_hunt_gazebo/hook/cmake_prefix_path.sh'
[0.541s] Level 1:colcon.colcon_core.environment:checking '/home/swarnava2/hunt_ws/install/clue_hunt_gazebo/bin'
[0.541s] Level 1:colcon.colcon_core.environment:checking '/home/swarnava2/hunt_ws/install/clue_hunt_gazebo/lib/pkgconfig/clue_hunt_gazebo.pc'
[0.541s] Level 1:colcon.colcon_core.environment:checking '/home/swarnava2/hunt_ws/install/clue_hunt_gazebo/lib/python3.10/site-packages'
[0.541s] Level 1:colcon.colcon_core.environment:checking '/home/swarnava2/hunt_ws/install/clue_hunt_gazebo/bin'
[0.542s] INFO:colcon.colcon_core.shell:Creating package script '/home/swarnava2/hunt_ws/install/clue_hunt_gazebo/share/clue_hunt_gazebo/package.ps1'
[0.542s] INFO:colcon.colcon_core.shell:Creating package descriptor '/home/swarnava2/hunt_ws/install/clue_hunt_gazebo/share/clue_hunt_gazebo/package.dsv'
[0.542s] INFO:colcon.colcon_core.shell:Creating package script '/home/swarnava2/hunt_ws/install/clue_hunt_gazebo/share/clue_hunt_gazebo/package.sh'
[0.542s] INFO:colcon.colcon_core.shell:Creating package script '/home/swarnava2/hunt_ws/install/clue_hunt_gazebo/share/clue_hunt_gazebo/package.bash'
[0.543s] INFO:colcon.colcon_core.shell:Creating package script '/home/swarnava2/hunt_ws/install/clue_hunt_gazebo/share/clue_hunt_gazebo/package.zsh'
[0.543s] Level 1:colcon.colcon_core.environment:create_file_with_runtime_dependencies(/home/swarnava2/hunt_ws/install/clue_hunt_gazebo/share/colcon-core/packages/clue_hunt_gazebo)
[0.543s] Level 1:colcon.colcon_core.environment:create_environment_scripts_only(clue_hunt_gazebo)
[0.543s] Level 1:colcon.colcon_core.environment:checking '/home/swarnava2/hunt_ws/install/clue_hunt_gazebo' for CMake module files
[0.543s] Level 1:colcon.colcon_core.environment:checking '/home/swarnava2/hunt_ws/install/clue_hunt_gazebo' for CMake config files
[0.544s] Level 1:colcon.colcon_core.shell:create_environment_hook('clue_hunt_gazebo', 'cmake_prefix_path')
[0.544s] INFO:colcon.colcon_core.shell:Creating environment hook '/home/swarnava2/hunt_ws/install/clue_hunt_gazebo/share/clue_hunt_gazebo/hook/cmake_prefix_path.ps1'
[0.544s] INFO:colcon.colcon_core.shell:Creating environment descriptor '/home/swarnava2/hunt_ws/install/clue_hunt_gazebo/share/clue_hunt_gazebo/hook/cmake_prefix_path.dsv'
[0.544s] INFO:colcon.colcon_core.shell:Creating environment hook '/home/swarnava2/hunt_ws/install/clue_hunt_gazebo/share/clue_hunt_gazebo/hook/cmake_prefix_path.sh'
[0.544s] Level 1:colcon.colcon_core.environment:checking '/home/swarnava2/hunt_ws/install/clue_hunt_gazebo/bin'
[0.545s] Level 1:colcon.colcon_core.environment:checking '/home/swarnava2/hunt_ws/install/clue_hunt_gazebo/lib/pkgconfig/clue_hunt_gazebo.pc'
[0.545s] Level 1:colcon.colcon_core.environment:checking '/home/swarnava2/hunt_ws/install/clue_hunt_gazebo/lib/python3.10/site-packages'
[0.545s] Level 1:colcon.colcon_core.environment:checking '/home/swarnava2/hunt_ws/install/clue_hunt_gazebo/bin'
[0.545s] INFO:colcon.colcon_core.shell:Creating package script '/home/swarnava2/hunt_ws/install/clue_hunt_gazebo/share/clue_hunt_gazebo/package.ps1'
[0.545s] INFO:colcon.colcon_core.shell:Creating package descriptor '/home/swarnava2/hunt_ws/install/clue_hunt_gazebo/share/clue_hunt_gazebo/package.dsv'
[0.546s] INFO:colcon.colcon_core.shell:Creating package script '/home/swarnava2/hunt_ws/install/clue_hunt_gazebo/share/clue_hunt_gazebo/package.sh'
[0.546s] INFO:colcon.colcon_core.shell:Creating package script '/home/swarnava2/hunt_ws/install/clue_hunt_gazebo/share/clue_hunt_gazebo/package.bash'
[0.546s] INFO:colcon.colcon_core.shell:Creating package script '/home/swarnava2/hunt_ws/install/clue_hunt_gazebo/share/clue_hunt_gazebo/package.zsh'
[0.546s] Level 1:colcon.colcon_core.environment:create_file_with_runtime_dependencies(/home/swarnava2/hunt_ws/install/clue_hunt_gazebo/share/colcon-core/packages/clue_hunt_gazebo)
[0.547s] INFO:colcon.colcon_ros.task.ament_cmake.build:Building ROS package in '/home/swarnava2/hunt_ws/src/clue_hunt_navigation' with build type 'ament_cmake'
[0.547s] INFO:colcon.colcon_cmake.task.cmake.build:Building CMake package in '/home/swarnava2/hunt_ws/src/clue_hunt_navigation'
[0.547s] INFO:colcon.colcon_core.shell:Skip shell extension 'powershell' for command environment: Not usable outside of PowerShell
[0.547s] DEBUG:colcon.colcon_core.shell:Skip shell extension 'dsv' for command environment
[0.556s] DEBUG:colcon.colcon_core.event_handler.log_command:Invoking command in '/home/swarnava2/hunt_ws/build/clue_hunt_navigation': CMAKE_PREFIX_PATH=/home/swarnava2/hunt_ws/install/clue_hunt_gazebo:/home/swarnava2/hunt_ws/install/clue_hunt_description:/home/swarnava2/hunt_ws/install/clue_hunt_navigation:/home/swarnava2/cognipilot/cranium/install/synapse_ros:/home/swarnava2/cognipilot/cranium/install/synapse_gz:/home/swarnava2/cognipilot/cranium/install/synapse_tinyframe:/home/swarnava2/cognipilot/cranium/install/synapse_protobuf:/home/swarnava2/cognipilot/cranium/install/corti:/home/swarnava2/cognipilot/cranium/install/synapse_msgs:/home/swarnava2/cognipilot/cranium/install/dream_world:/home/swarnava2/cognipilot/cranium/install/cerebri_bringup:/home/swarnava2/cognipilot/cranium/install/b3rb_simulator:/home/swarnava2/cognipilot/cranium/install/b3rb_desktop:/home/swarnava2/cognipilot/cranium/install/b3rb_rviz:/home/swarnava2/cognipilot/cranium/install/b3rb_nav2:/home/swarnava2/cognipilot/cranium/install/b3rb_gz_resource:/home/swarnava2/cognipilot/cranium/install/b3rb_gz_bringup:/home/swarnava2/cognipilot/cranium/install/b3rb_description:/home/swarnava2/cognipilot/electrode/install/electrode:/home/swarnava2/hunt_ws/install/clue_hunt_solver:/home/swarnava2/cognipilot/cranium/install/b3rb_ros_line_follower:/opt/ros/humble /usr/bin/cmake --build /home/swarnava2/hunt_ws/build/clue_hunt_navigation -- -j16 -l16
[0.587s] DEBUG:colcon.colcon_core.event_handler.log_command:Invoked command in '/home/swarnava2/hunt_ws/build/clue_hunt_navigation' returned '0': CMAKE_PREFIX_PATH=/home/swarnava2/hunt_ws/install/clue_hunt_gazebo:/home/swarnava2/hunt_ws/install/clue_hunt_description:/home/swarnava2/hunt_ws/install/clue_hunt_navigation:/home/swarnava2/cognipilot/cranium/install/synapse_ros:/home/swarnava2/cognipilot/cranium/install/synapse_gz:/home/swarnava2/cognipilot/cranium/install/synapse_tinyframe:/home/swarnava2/cognipilot/cranium/install/synapse_protobuf:/home/swarnava2/cognipilot/cranium/install/corti:/home/swarnava2/cognipilot/cranium/install/synapse_msgs:/home/swarnava2/cognipilot/cranium/install/dream_world:/home/swarnava2/cognipilot/cranium/install/cerebri_bringup:/home/swarnava2/cognipilot/cranium/install/b3rb_simulator:/home/swarnava2/cognipilot/cranium/install/b3rb_desktop:/home/swarnava2/cognipilot/cranium/install/b3rb_rviz:/home/swarnava2/cognipilot/cranium/install/b3rb_nav2:/home/swarnava2/cognipilot/cranium/install/b3rb_gz_resource:/home/swarnava2/cognipilot/cranium/install/b3rb_gz_bringup:/home/swarnava2/cognipilot/cranium/install/b3rb_description:/home/swarnava2/cognipilot/electrode/install/electrode:/home/swarnava2/hunt_ws/install/clue_hunt_solver:/home/swarnava2/cognipilot/cranium/install/b3rb_ros_line_follower:/opt/ros/humble /usr/bin/cmake --build /home/swarnava2/hunt_ws/build/clue_hunt_navigation -- -j16 -l16
[0.588s] DEBUG:colcon.colcon_core.event_handler.log_command:Invoking command in '/home/swarnava2/hunt_ws/build/clue_hunt_navigation': CMAKE_PREFIX_PATH=/home/swarnava2/hunt_ws/install/clue_hunt_gazebo:/home/swarnava2/hunt_ws/install/clue_hunt_description:/home/swarnava2/hunt_ws/install/clue_hunt_navigation:/home/swarnava2/cognipilot/cranium/install/synapse_ros:/home/swarnava2/cognipilot/cranium/install/synapse_gz:/home/swarnava2/cognipilot/cranium/install/synapse_tinyframe:/home/swarnava2/cognipilot/cranium/install/synapse_protobuf:/home/swarnava2/cognipilot/cranium/install/corti:/home/swarnava2/cognipilot/cranium/install/synapse_msgs:/home/swarnava2/cognipilot/cranium/install/dream_world:/home/swarnava2/cognipilot/cranium/install/cerebri_bringup:/home/swarnava2/cognipilot/cranium/install/b3rb_simulator:/home/swarnava2/cognipilot/cranium/install/b3rb_desktop:/home/swarnava2/cognipilot/cranium/install/b3rb_rviz:/home/swarnava2/cognipilot/cranium/install/b3rb_nav2:/home/swarnava2/cognipilot/cranium/install/b3rb_gz_resource:/home/swarnava2/cognipilot/cranium/install/b3rb_gz_bringup:/home/swarnava2/cognipilot/cranium/install/b3rb_description:/home/swarnava2/cognipilot/electrode/install/electrode:/home/swarnava2/hunt_ws/install/clue_hunt_solver:/home/swarnava2/cognipilot/cranium/install/b3rb_ros_line_follower:/opt/ros/humble /usr/bin/cmake --install /home/swarnava2/hunt_ws/build/clue_hunt_navigation
[0.603s] Level 1:colcon.colcon_core.environment:create_environment_scripts_only(clue_hunt_navigation)
[0.604s] Level 1:colcon.colcon_core.environment:checking '/home/swarnava2/hunt_ws/install/clue_hunt_navigation' for CMake module files
[0.604s] DEBUG:colcon.colcon_core.event_handler.log_command:Invoked command in '/home/swarnava2/hunt_ws/build/clue_hunt_navigation' returned '0': CMAKE_PREFIX_PATH=/home/swarnava2/hunt_ws/install/clue_hunt_gazebo:/home/swarnava2/hunt_ws/install/clue_hunt_description:/home/swarnava2/hunt_ws/install/clue_hunt_navigation:/home/swarnava2/cognipilot/cranium/install/synapse_ros:/home/swarnava2/cognipilot/cranium/install/synapse_gz:/home/swarnava2/cognipilot/cranium/install/synapse_tinyframe:/home/swarnava2/cognipilot/cranium/install/synapse_protobuf:/home/swarnava2/cognipilot/cranium/install/corti:/home/swarnava2/cognipilot/cranium/install/synapse_msgs:/home/swarnava2/cognipilot/cranium/install/dream_world:/home/swarnava2/cognipilot/cranium/install/cerebri_bringup:/home/swarnava2/cognipilot/cranium/install/b3rb_simulator:/home/swarnava2/cognipilot/cranium/install/b3rb_desktop:/home/swarnava2/cognipilot/cranium/install/b3rb_rviz:/home/swarnava2/cognipilot/cranium/install/b3rb_nav2:/home/swarnava2/cognipilot/cranium/install/b3rb_gz_resource:/home/swarnava2/cognipilot/cranium/install/b3rb_gz_bringup:/home/swarnava2/cognipilot/cranium/install/b3rb_description:/home/swarnava2/cognipilot/electrode/install/electrode:/home/swarnava2/hunt_ws/install/clue_hunt_solver:/home/swarnava2/cognipilot/cranium/install/b3rb_ros_line_follower:/opt/ros/humble /usr/bin/cmake --install /home/swarnava2/hunt_ws/build/clue_hunt_navigation
[0.604s] Level 1:colcon.colcon_core.environment:checking '/home/swarnava2/hunt_ws/install/clue_hunt_navigation' for CMake config files
[0.604s] Level 1:colcon.colcon_core.shell:create_environment_hook('clue_hunt_navigation', 'cmake_prefix_path')
[0.604s] INFO:colcon.colcon_core.shell:Creating environment hook '/home/swarnava2/hunt_ws/install/clue_hunt_navigation/share/clue_hunt_navigation/hook/cmake_prefix_path.ps1'
[0.605s] INFO:colcon.colcon_core.shell:Creating environment descriptor '/home/swarnava2/hunt_ws/install/clue_hunt_navigation/share/clue_hunt_navigation/hook/cmake_prefix_path.dsv'
[0.605s] INFO:colcon.colcon_core.shell:Creating environment hook '/home/swarnava2/hunt_ws/install/clue_hunt_navigation/share/clue_hunt_navigation/hook/cmake_prefix_path.sh'
[0.605s] Level 1:colcon.colcon_core.environment:checking '/home/swarnava2/hunt_ws/install/clue_hunt_navigation/bin'
[0.605s] Level 1:colcon.colcon_core.environment:checking '/home/swarnava2/hunt_ws/install/clue_hunt_navigation/lib/pkgconfig/clue_hunt_navigation.pc'
[0.606s] Level 1:colcon.colcon_core.environment:checking '/home/swarnava2/hunt_ws/install/clue_hunt_navigation/lib/python3.10/site-packages'
[0.606s] Level 1:colcon.colcon_core.environment:checking '/home/swarnava2/hunt_ws/install/clue_hunt_navigation/bin'
[0.606s] INFO:colcon.colcon_core.shell:Creating package script '/home/swarnava2/hunt_ws/install/clue_hunt_navigation/share/clue_hunt_navigation/package.ps1'
[0.606s] INFO:colcon.colcon_core.shell:Creating package descriptor '/home/swarnava2/hunt_ws/install/clue_hunt_navigation/share/clue_hunt_navigation/package.dsv'
[0.606s] INFO:colcon.colcon_core.shell:Creating package script '/home/swarnava2/hunt_ws/install/clue_hunt_navigation/share/clue_hunt_navigation/package.sh'
[0.607s] INFO:colcon.colcon_core.shell:Creating package script '/home/swarnava2/hunt_ws/install/clue_hunt_navigation/share/clue_hunt_navigation/package.bash'
[0.607s] INFO:colcon.colcon_core.shell:Creating package script '/home/swarnava2/hunt_ws/install/clue_hunt_navigation/share/clue_hunt_navigation/package.zsh'
[0.607s] Level 1:colcon.colcon_core.environment:create_file_with_runtime_dependencies(/home/swarnava2/hunt_ws/install/clue_hunt_navigation/share/colcon-core/packages/clue_hunt_navigation)
[0.607s] Level 1:colcon.colcon_core.environment:create_environment_scripts_only(clue_hunt_navigation)
[0.607s] Level 1:colcon.colcon_core.environment:checking '/home/swarnava2/hunt_ws/install/clue_hunt_navigation' for CMake module files
[0.608s] Level 1:colcon.colcon_core.environment:checking '/home/swarnava2/hunt_ws/install/clue_hunt_navigation' for CMake config files
[0.608s] Level 1:colcon.colcon_core.shell:create_environment_hook('clue_hunt_navigation', 'cmake_prefix_path')
[0.608s] INFO:colcon.colcon_core.shell:Creating environment hook '/home/swarnava2/hunt_ws/install/clue_hunt_navigation/share/clue_hunt_navigation/hook/cmake_prefix_path.ps1'
[0.608s] INFO:colcon.colcon_core.shell:Creating environment descriptor '/home/swarnava2/hunt_ws/install/clue_hunt_navigation/share/clue_hunt_navigation/hook/cmake_prefix_path.dsv'
[0.608s] INFO:colcon.colcon_core.shell:Creating environment hook '/home/swarnava2/hunt_ws/install/clue_hunt_navigation/share/clue_hunt_navigation/hook/cmake_prefix_path.sh'
[0.609s] Level 1:colcon.colcon_core.environment:checking '/home/swarnava2/hunt_ws/install/clue_hunt_navigation/bin'
[0.609s] Level 1:colcon.colcon_core.environment:checking '/home/swarnava2/hunt_ws/install/clue_hunt_navigation/lib/pkgconfig/clue_hunt_navigation.pc'
[0.609s] Level 1:colcon.colcon_core.environment:checking '/home/swarnava2/hunt_ws/install/clue_hunt_navigation/lib/python3.10/site-packages'
[0.609s] Level 1:colcon.colcon_core.environment:checking '/home/swarnava2/hunt_ws/install/clue_hunt_navigation/bin'
[0.609s] INFO:colcon.colcon_core.shell:Creating package script '/home/swarnava2/hunt_ws/install/clue_hunt_navigation/share/clue_hunt_navigation/package.ps1'
[0.610s] INFO:colcon.colcon_core.shell:Creating package descriptor '/home/swarnava2/hunt_ws/install/clue_hunt_navigation/share/clue_hunt_navigation/package.dsv'
[0.610s] INFO:colcon.colcon_core.shell:Creating package script '/home/swarnava2/hunt_ws/install/clue_hunt_navigation/share/clue_hunt_navigation/package.sh'
[0.610s] INFO:colcon.colcon_core.shell:Creating package script '/home/swarnava2/hunt_ws/install/clue_hunt_navigation/share/clue_hunt_navigation/package.bash'
[0.611s] INFO:colcon.colcon_core.shell:Creating package script '/home/swarnava2/hunt_ws/install/clue_hunt_navigation/share/clue_hunt_navigation/package.zsh'
[0.611s] Level 1:colcon.colcon_core.environment:create_file_with_runtime_dependencies(/home/swarnava2/hunt_ws/install/clue_hunt_navigation/share/colcon-core/packages/clue_hunt_navigation)
[0.717s] DEBUG:colcon.colcon_core.task.python.build:Available setuptools commands: init_catalog, update_catalog, saveopts, install_headers, upload_docs, extract_messages, install_egg_info, build, easy_install, install, sdist, upload, clean, install_lib, bdist_rpm, build_py, bdist_egg, build_scripts, bdist_wheel, develop, register, bdist_dumb, rotate, compile_catalog, symlink_data, install_data, build_clib, check, dist_info, egg_info, alias, test, install_scripts, setopt, bdist, build_ext
[0.719s] DEBUG:colcon.colcon_core.event_handler.log_command:Invoking command in '/home/swarnava2/hunt_ws/src/clue_hunt_solver': PYTHONPATH=/home/swarnava2/hunt_ws/build/clue_hunt_solver/prefix_override:/usr/lib/python3/dist-packages/colcon_core/task/python/colcon_distutils_commands:/home/swarnava2/hunt_ws/install/clue_hunt_solver/lib/python3.10/site-packages:${PYTHONPATH} /usr/bin/python3 -W ignore:setup.py install is deprecated -W ignore:easy_install command is deprecated setup.py egg_info --egg-base ../../build/clue_hunt_solver build --build-base /home/swarnava2/hunt_ws/build/clue_hunt_solver/build install --record /home/swarnava2/hunt_ws/build/clue_hunt_solver/install.log --install-scripts $base/lib/clue_hunt_solver --single-version-externally-managed install_data
[0.938s] Level 1:colcon.colcon_core.environment:checking '/home/swarnava2/hunt_ws/install/clue_hunt_solver' for CMake module files
[0.939s] DEBUG:colcon.colcon_core.event_handler.log_command:Invoked command in '/home/swarnava2/hunt_ws/src/clue_hunt_solver' returned '0': PYTHONPATH=/home/swarnava2/hunt_ws/build/clue_hunt_solver/prefix_override:/usr/lib/python3/dist-packages/colcon_core/task/python/colcon_distutils_commands:/home/swarnava2/hunt_ws/install/clue_hunt_solver/lib/python3.10/site-packages:${PYTHONPATH} /usr/bin/python3 -W ignore:setup.py install is deprecated -W ignore:easy_install command is deprecated setup.py egg_info --egg-base ../../build/clue_hunt_solver build --build-base /home/swarnava2/hunt_ws/build/clue_hunt_solver/build install --record /home/swarnava2/hunt_ws/build/clue_hunt_solver/install.log --install-scripts $base/lib/clue_hunt_solver --single-version-externally-managed install_data
[0.939s] Level 1:colcon.colcon_core.environment:checking '/home/swarnava2/hunt_ws/install/clue_hunt_solver' for CMake config files
[0.940s] Level 1:colcon.colcon_core.environment:checking '/home/swarnava2/hunt_ws/install/clue_hunt_solver/lib'
[0.940s] Level 1:colcon.colcon_core.environment:checking '/home/swarnava2/hunt_ws/install/clue_hunt_solver/bin'
[0.940s] Level 1:colcon.colcon_core.environment:checking '/home/swarnava2/hunt_ws/install/clue_hunt_solver/lib/pkgconfig/clue_hunt_solver.pc'
[0.940s] Level 1:colcon.colcon_core.environment:checking '/home/swarnava2/hunt_ws/install/clue_hunt_solver/lib/python3.10/site-packages'
[0.940s] Level 1:colcon.colcon_core.shell:create_environment_hook('clue_hunt_solver', 'pythonpath')
[0.940s] INFO:colcon.colcon_core.shell:Creating environment hook '/home/swarnava2/hunt_ws/install/clue_hunt_solver/share/clue_hunt_solver/hook/pythonpath.ps1'
[0.940s] INFO:colcon.colcon_core.shell:Creating environment descriptor '/home/swarnava2/hunt_ws/install/clue_hunt_solver/share/clue_hunt_solver/hook/pythonpath.dsv'
[0.941s] INFO:colcon.colcon_core.shell:Creating environment hook '/home/swarnava2/hunt_ws/install/clue_hunt_solver/share/clue_hunt_solver/hook/pythonpath.sh'
[0.941s] Level 1:colcon.colcon_core.environment:checking '/home/swarnava2/hunt_ws/install/clue_hunt_solver/bin'
[0.941s] Level 1:colcon.colcon_core.environment:create_environment_scripts_only(clue_hunt_solver)
[0.941s] INFO:colcon.colcon_core.shell:Creating package script '/home/swarnava2/hunt_ws/install/clue_hunt_solver/share/clue_hunt_solver/package.ps1'
[0.942s] INFO:colcon.colcon_core.shell:Creating package descriptor '/home/swarnava2/hunt_ws/install/clue_hunt_solver/share/clue_hunt_solver/package.dsv'
[0.942s] INFO:colcon.colcon_core.shell:Creating package script '/home/swarnava2/hunt_ws/install/clue_hunt_solver/share/clue_hunt_solver/package.sh'
[0.942s] INFO:colcon.colcon_core.shell:Creating package script '/home/swarnava2/hunt_ws/install/clue_hunt_solver/share/clue_hunt_solver/package.bash'
[0.942s] INFO:colcon.colcon_core.shell:Creating package script '/home/swarnava2/hunt_ws/install/clue_hunt_solver/share/clue_hunt_solver/package.zsh'
[0.943s] Level 1:colcon.colcon_core.environment:create_file_with_runtime_dependencies(/home/swarnava2/hunt_ws/install/clue_hunt_solver/share/colcon-core/packages/clue_hunt_solver)
[0.943s] DEBUG:colcon.colcon_parallel_executor.executor.parallel:closing loop
[0.943s] DEBUG:colcon.colcon_parallel_executor.executor.parallel:loop closed
[0.943s] DEBUG:colcon.colcon_parallel_executor.executor.parallel:run_until_complete finished with '0'
[0.943s] DEBUG:colcon.colcon_core.event_reactor:joining thread
[0.948s] INFO:colcon.colcon_core.plugin_system:Skipping extension 'colcon_notification.desktop_notification.terminal_notifier': Not used on non-Darwin systems
[0.948s] INFO:colcon.colcon_core.plugin_system:Skipping extension 'colcon_notification.desktop_notification.win32': Not used on non-Windows systems
[0.948s] INFO:colcon.colcon_notification.desktop_notification:Sending desktop notification using 'notify2'
[0.957s] DEBUG:colcon.colcon_core.event_reactor:joined thread
[0.957s] INFO:colcon.colcon_core.shell:Creating prefix script '/home/swarnava2/hunt_ws/install/local_setup.ps1'
[0.958s] INFO:colcon.colcon_core.shell:Creating prefix util module '/home/swarnava2/hunt_ws/install/_local_setup_util_ps1.py'
[0.959s] INFO:colcon.colcon_core.shell:Creating prefix chain script '/home/swarnava2/hunt_ws/install/setup.ps1'
[0.961s] INFO:colcon.colcon_core.shell:Creating prefix script '/home/swarnava2/hunt_ws/install/local_setup.sh'
[0.961s] INFO:colcon.colcon_core.shell:Creating prefix util module '/home/swarnava2/hunt_ws/install/_local_setup_util_sh.py'
[0.962s] INFO:colcon.colcon_core.shell:Creating prefix chain script '/home/swarnava2/hunt_ws/install/setup.sh'
[0.963s] INFO:colcon.colcon_core.shell:Creating prefix script '/home/swarnava2/hunt_ws/install/local_setup.bash'
[0.963s] INFO:colcon.colcon_core.shell:Creating prefix chain script '/home/swarnava2/hunt_ws/install/setup.bash'
[0.964s] INFO:colcon.colcon_core.shell:Creating prefix script '/home/swarnava2/hunt_ws/install/local_setup.zsh'
[0.965s] INFO:colcon.colcon_core.shell:Creating prefix chain script '/home/swarnava2/hunt_ws/install/setup.zsh'
