-- The C compiler identification is GNU 11.4.0
-- The CXX compiler identification is GNU 11.4.0
-- Detecting C compiler ABI info
-- Detecting C compiler ABI info - done
-- Check for working C compiler: /usr/bin/cc - skipped
-- Detecting C compile features
-- Detecting C compile features - done
-- Detecting CXX compiler ABI info
-- Detecting CXX compiler ABI info - done
-- Check for working CXX compiler: /usr/bin/c++ - skipped
-- Detecting CXX compile features
-- Detecting CXX compile features - done
-- Found ament_cmake: 1.3.14 (/opt/ros/humble/share/ament_cmake/cmake)
-- Found Python3: /usr/bin/python3 (found version "3.10.12") found components: Interpreter 
-- Configuring done
-- Generating done
-- Build files have been written to: /home/swarnava2/hunt_ws/src/build/clue_hunt_description
-- Install configuration: ""
-- Installing: /home/swarnava2/hunt_ws/src/install/clue_hunt_description/share/clue_hunt_description/urdf
-- Installing: /home/swarnava2/hunt_ws/src/install/clue_hunt_description/share/clue_hunt_description/urdf/robot.urdf.xacro
-- Installing: /home/swarnava2/hunt_ws/src/install/clue_hunt_description/share/clue_hunt_description/urdf/inertial_macros.xacro
-- Installing: /home/swarnava2/hunt_ws/src/install/clue_hunt_description/share/clue_hunt_description/urdf/gazebo.xacro
-- Installing: /home/swarnava2/hunt_ws/src/install/clue_hunt_description/share/clue_hunt_description/meshes
-- Installing: /home/swarnava2/hunt_ws/src/install/clue_hunt_description/share/clue_hunt_description/meshes/leader_tag.mtl
-- Installing: /home/swarnava2/hunt_ws/src/install/clue_hunt_description/share/clue_hunt_description/meshes/leader_tag.obj
-- Installing: /home/swarnava2/hunt_ws/src/install/clue_hunt_description/share/clue_hunt_description/meshes/leader_tag.png
-- Installing: /home/swarnava2/hunt_ws/src/install/clue_hunt_description/share/clue_hunt_description/launch
-- Installing: /home/swarnava2/hunt_ws/src/install/clue_hunt_description/share/clue_hunt_description/launch/rsp.launch.py
-- Installing: /home/swarnava2/hunt_ws/src/install/clue_hunt_description/share/ament_index/resource_index/package_run_dependencies/clue_hunt_description
-- Installing: /home/swarnava2/hunt_ws/src/install/clue_hunt_description/share/ament_index/resource_index/parent_prefix_path/clue_hunt_description
-- Installing: /home/swarnava2/hunt_ws/src/install/clue_hunt_description/share/clue_hunt_description/environment/ament_prefix_path.sh
-- Installing: /home/swarnava2/hunt_ws/src/install/clue_hunt_description/share/clue_hunt_description/environment/ament_prefix_path.dsv
-- Installing: /home/swarnava2/hunt_ws/src/install/clue_hunt_description/share/clue_hunt_description/environment/path.sh
-- Installing: /home/swarnava2/hunt_ws/src/install/clue_hunt_description/share/clue_hunt_description/environment/path.dsv
-- Installing: /home/swarnava2/hunt_ws/src/install/clue_hunt_description/share/clue_hunt_description/local_setup.bash
-- Installing: /home/swarnava2/hunt_ws/src/install/clue_hunt_description/share/clue_hunt_description/local_setup.sh
-- Installing: /home/swarnava2/hunt_ws/src/install/clue_hunt_description/share/clue_hunt_description/local_setup.zsh
-- Installing: /home/swarnava2/hunt_ws/src/install/clue_hunt_description/share/clue_hunt_description/local_setup.dsv
-- Installing: /home/swarnava2/hunt_ws/src/install/clue_hunt_description/share/clue_hunt_description/package.dsv
-- Installing: /home/swarnava2/hunt_ws/src/install/clue_hunt_description/share/ament_index/resource_index/packages/clue_hunt_description
-- Installing: /home/swarnava2/hunt_ws/src/install/clue_hunt_description/share/clue_hunt_description/cmake/clue_hunt_descriptionConfig.cmake
-- Installing: /home/swarnava2/hunt_ws/src/install/clue_hunt_description/share/clue_hunt_description/cmake/clue_hunt_descriptionConfig-version.cmake
-- Installing: /home/swarnava2/hunt_ws/src/install/clue_hunt_description/share/clue_hunt_description/package.xml
